Command line invocation:
    /Applications/Xcode.app/Contents/Developer/usr/bin/xcodebuild build -scheme PasteMe -configuration Release

Resolve Package Graph


Resolved source packages:
  Sparkle: https://github.com/sparkle-project/Sparkle @ 2.9.0-beta.2

--- xcodebuild: WARNING: Using the first of multiple matching destinations:
{ platform:macOS, arch:arm64, id:00006020-0006602E3A6B401E, name:My Mac }
{ platform:macOS, arch:x86_64, id:00006020-0006602E3A6B401E, name:My Mac }
{ platform:macOS, name:Any Mac }
ComputePackagePrebuildTargetDependencyGraph

Prepare packages

CreateBuildRequest

SendProjectDescription

CreateBuildOperation

ComputeTargetDependencyGraph
note: Building targets in dependency order
note: Target dependency graph (2 targets)
    Target 'PasteMe' in project 'PasteMe'
        ➜ Explicit dependency on target 'Sparkle' in project 'Sparkle'
    Target 'Sparkle' in project 'Sparkle' (no dependencies)

GatherProvisioningInputs

CreateBuildDescription

ExecuteExternalTool /Applications/Xcode.app/Contents/Developer/Toolchains/XcodeDefault.xctoolchain/usr/bin/clang -v -E -dM -isysroot /Applications/Xcode.app/Contents/Developer/Platforms/MacOSX.platform/Developer/SDKs/MacOSX26.5.sdk -x c -c /dev/null

ExecuteExternalTool /Applications/Xcode.app/Contents/Developer/usr/bin/actool --version --output-format xml1

ExecuteExternalTool /Applications/Xcode.app/Contents/Developer/Toolchains/XcodeDefault.xctoolchain/usr/bin/swiftc --version

ExecuteExternalTool /Applications/Xcode.app/Contents/Developer/Toolchains/XcodeDefault.xctoolchain/usr/bin/ld -version_details

Build description signature: 5e0c5d8dce210884d4f6e8d837ca8ce8
Build description path: /Users/kristdev/Library/Developer/Xcode/DerivedData/PasteMe-gfhkvbednsnioucroqqwczvibhxt/Build/Intermediates.noindex/XCBuildData/5e0c5d8dce210884d4f6e8d837ca8ce8.xcbuilddata
ClangStatCache /Applications/Xcode.app/Contents/Developer/Toolchains/XcodeDefault.xctoolchain/usr/bin/clang-stat-cache /Applications/Xcode.app/Contents/Developer/Platforms/MacOSX.platform/Developer/SDKs/MacOSX26.5.sdk /Users/kristdev/Library/Developer/Xcode/DerivedData/SDKStatCaches.noindex/macosx26.5-25F70-e082c4a02f00227109f4ed75e425c832.sdkstatcache
    cd /Users/kristdev/Desktop/Tools/open-sources/PasteMe/PasteMe.xcodeproj
    /Applications/Xcode.app/Contents/Developer/Toolchains/XcodeDefault.xctoolchain/usr/bin/clang-stat-cache /Applications/Xcode.app/Contents/Developer/Platforms/MacOSX.platform/Developer/SDKs/MacOSX26.5.sdk -o /Users/kristdev/Library/Developer/Xcode/DerivedData/SDKStatCaches.noindex/macosx26.5-25F70-e082c4a02f00227109f4ed75e425c832.sdkstatcache

CreateBuildDirectory /Users/kristdev/Library/Developer/Xcode/DerivedData/PasteMe-gfhkvbednsnioucroqqwczvibhxt/Build/Products
    cd /Users/kristdev/Desktop/Tools/open-sources/PasteMe/PasteMe.xcodeproj
    builtin-create-build-directory /Users/kristdev/Library/Developer/Xcode/DerivedData/PasteMe-gfhkvbednsnioucroqqwczvibhxt/Build/Products

CreateBuildDirectory /Users/kristdev/Library/Developer/Xcode/DerivedData/PasteMe-gfhkvbednsnioucroqqwczvibhxt/Build/Intermediates.noindex
    cd /Users/kristdev/Desktop/Tools/open-sources/PasteMe/PasteMe.xcodeproj
    builtin-create-build-directory /Users/kristdev/Library/Developer/Xcode/DerivedData/PasteMe-gfhkvbednsnioucroqqwczvibhxt/Build/Intermediates.noindex

CreateBuildDirectory /Users/kristdev/Library/Developer/Xcode/DerivedData/PasteMe-gfhkvbednsnioucroqqwczvibhxt/Build/Products/Release
    cd /Users/kristdev/Desktop/Tools/open-sources/PasteMe/PasteMe.xcodeproj
    builtin-create-build-directory /Users/kristdev/Library/Developer/Xcode/DerivedData/PasteMe-gfhkvbednsnioucroqqwczvibhxt/Build/Products/Release

CreateBuildDirectory /Users/kristdev/Library/Developer/Xcode/DerivedData/PasteMe-gfhkvbednsnioucroqqwczvibhxt/Build/Intermediates.noindex/ExplicitPrecompiledModules
    cd /Users/kristdev/Desktop/Tools/open-sources/PasteMe/PasteMe.xcodeproj
    builtin-create-build-directory /Users/kristdev/Library/Developer/Xcode/DerivedData/PasteMe-gfhkvbednsnioucroqqwczvibhxt/Build/Intermediates.noindex/ExplicitPrecompiledModules

CreateBuildDirectory /Users/kristdev/Library/Developer/Xcode/DerivedData/PasteMe-gfhkvbednsnioucroqqwczvibhxt/Build/Intermediates.noindex/SwiftExplicitPrecompiledModules
    cd /Users/kristdev/Desktop/Tools/open-sources/PasteMe/PasteMe.xcodeproj
    builtin-create-build-directory /Users/kristdev/Library/Developer/Xcode/DerivedData/PasteMe-gfhkvbednsnioucroqqwczvibhxt/Build/Intermediates.noindex/SwiftExplicitPrecompiledModules

CreateBuildDirectory /Users/kristdev/Library/Developer/Xcode/DerivedData/PasteMe-gfhkvbednsnioucroqqwczvibhxt/Build/Intermediates.noindex/EagerLinkingTBDs/Release
    cd /Users/kristdev/Desktop/Tools/open-sources/PasteMe/PasteMe.xcodeproj
    builtin-create-build-directory /Users/kristdev/Library/Developer/Xcode/DerivedData/PasteMe-gfhkvbednsnioucroqqwczvibhxt/Build/Intermediates.noindex/EagerLinkingTBDs/Release

WriteAuxiliaryFile /Users/kristdev/Library/Developer/Xcode/DerivedData/PasteMe-gfhkvbednsnioucroqqwczvibhxt/Build/Intermediates.noindex/PasteMe.build/Release/PasteMe-6dfc3dec5dc6e42abec223a6ea005533-VFS/all-product-headers.yaml
    cd /Users/kristdev/Desktop/Tools/open-sources/PasteMe/PasteMe.xcodeproj
    write-file /Users/kristdev/Library/Developer/Xcode/DerivedData/PasteMe-gfhkvbednsnioucroqqwczvibhxt/Build/Intermediates.noindex/PasteMe.build/Release/PasteMe-6dfc3dec5dc6e42abec223a6ea005533-VFS/all-product-headers.yaml

CreateBuildDirectory /Users/kristdev/Library/Developer/Xcode/DerivedData/PasteMe-gfhkvbednsnioucroqqwczvibhxt/Build/Products/Release/PackageFrameworks
    cd /Users/kristdev/Desktop/Tools/open-sources/PasteMe/PasteMe.xcodeproj
    builtin-create-build-directory /Users/kristdev/Library/Developer/Xcode/DerivedData/PasteMe-gfhkvbednsnioucroqqwczvibhxt/Build/Products/Release/PackageFrameworks

ProcessXCFramework /Users/kristdev/Library/Developer/Xcode/DerivedData/PasteMe-gfhkvbednsnioucroqqwczvibhxt/SourcePackages/artifacts/sparkle/Sparkle/Sparkle.xcframework /Users/kristdev/Library/Developer/Xcode/DerivedData/PasteMe-gfhkvbednsnioucroqqwczvibhxt/Build/Products/Release/Sparkle.framework macos
    cd /Users/kristdev/Desktop/Tools/open-sources/PasteMe/PasteMe.xcodeproj
    builtin-process-xcframework --xcframework /Users/kristdev/Library/Developer/Xcode/DerivedData/PasteMe-gfhkvbednsnioucroqqwczvibhxt/SourcePackages/artifacts/sparkle/Sparkle/Sparkle.xcframework --platform macos --target-path /Users/kristdev/Library/Developer/Xcode/DerivedData/PasteMe-gfhkvbednsnioucroqqwczvibhxt/Build/Products/Release

WriteAuxiliaryFile /Users/kristdev/Library/Developer/Xcode/DerivedData/PasteMe-gfhkvbednsnioucroqqwczvibhxt/Build/Intermediates.noindex/PasteMe.build/Release/PasteMe.build/PasteMe-project-headers.hmap (in target 'PasteMe' from project 'PasteMe')
    cd /Users/kristdev/Desktop/Tools/open-sources/PasteMe
    write-file /Users/kristdev/Library/Developer/Xcode/DerivedData/PasteMe-gfhkvbednsnioucroqqwczvibhxt/Build/Intermediates.noindex/PasteMe.build/Release/PasteMe.build/PasteMe-project-headers.hmap

WriteAuxiliaryFile /Users/kristdev/Library/Developer/Xcode/DerivedData/PasteMe-gfhkvbednsnioucroqqwczvibhxt/Build/Intermediates.noindex/PasteMe.build/Release/PasteMe.build/PasteMe.hmap (in target 'PasteMe' from project 'PasteMe')
    cd /Users/kristdev/Desktop/Tools/open-sources/PasteMe
    write-file /Users/kristdev/Library/Developer/Xcode/DerivedData/PasteMe-gfhkvbednsnioucroqqwczvibhxt/Build/Intermediates.noindex/PasteMe.build/Release/PasteMe.build/PasteMe.hmap

WriteAuxiliaryFile /Users/kristdev/Library/Developer/Xcode/DerivedData/PasteMe-gfhkvbednsnioucroqqwczvibhxt/Build/Intermediates.noindex/PasteMe.build/Release/PasteMe.build/PasteMe-all-non-framework-target-headers.hmap (in target 'PasteMe' from project 'PasteMe')
    cd /Users/kristdev/Desktop/Tools/open-sources/PasteMe
    write-file /Users/kristdev/Library/Developer/Xcode/DerivedData/PasteMe-gfhkvbednsnioucroqqwczvibhxt/Build/Intermediates.noindex/PasteMe.build/Release/PasteMe.build/PasteMe-all-non-framework-target-headers.hmap

WriteAuxiliaryFile /Users/kristdev/Library/Developer/Xcode/DerivedData/PasteMe-gfhkvbednsnioucroqqwczvibhxt/Build/Intermediates.noindex/PasteMe.build/Release/PasteMe.build/PasteMe-generated-files.hmap (in target 'PasteMe' from project 'PasteMe')
    cd /Users/kristdev/Desktop/Tools/open-sources/PasteMe
    write-file /Users/kristdev/Library/Developer/Xcode/DerivedData/PasteMe-gfhkvbednsnioucroqqwczvibhxt/Build/Intermediates.noindex/PasteMe.build/Release/PasteMe.build/PasteMe-generated-files.hmap

WriteAuxiliaryFile /Users/kristdev/Library/Developer/Xcode/DerivedData/PasteMe-gfhkvbednsnioucroqqwczvibhxt/Build/Intermediates.noindex/PasteMe.build/Release/PasteMe.build/PasteMe-own-target-headers.hmap (in target 'PasteMe' from project 'PasteMe')
    cd /Users/kristdev/Desktop/Tools/open-sources/PasteMe
    write-file /Users/kristdev/Library/Developer/Xcode/DerivedData/PasteMe-gfhkvbednsnioucroqqwczvibhxt/Build/Intermediates.noindex/PasteMe.build/Release/PasteMe.build/PasteMe-own-target-headers.hmap

WriteAuxiliaryFile /Users/kristdev/Library/Developer/Xcode/DerivedData/PasteMe-gfhkvbednsnioucroqqwczvibhxt/Build/Intermediates.noindex/PasteMe.build/Release/PasteMe.build/PasteMe-all-target-headers.hmap (in target 'PasteMe' from project 'PasteMe')
    cd /Users/kristdev/Desktop/Tools/open-sources/PasteMe
    write-file /Users/kristdev/Library/Developer/Xcode/DerivedData/PasteMe-gfhkvbednsnioucroqqwczvibhxt/Build/Intermediates.noindex/PasteMe.build/Release/PasteMe.build/PasteMe-all-target-headers.hmap

WriteAuxiliaryFile /Users/kristdev/Library/Developer/Xcode/DerivedData/PasteMe-gfhkvbednsnioucroqqwczvibhxt/Build/Intermediates.noindex/PasteMe.build/Release/PasteMe.build/PasteMe.DependencyMetadataFileList (in target 'PasteMe' from project 'PasteMe')
    cd /Users/kristdev/Desktop/Tools/open-sources/PasteMe
    write-file /Users/kristdev/Library/Developer/Xcode/DerivedData/PasteMe-gfhkvbednsnioucroqqwczvibhxt/Build/Intermediates.noindex/PasteMe.build/Release/PasteMe.build/PasteMe.DependencyMetadataFileList

WriteAuxiliaryFile /Users/kristdev/Library/Developer/Xcode/DerivedData/PasteMe-gfhkvbednsnioucroqqwczvibhxt/Build/Intermediates.noindex/PasteMe.build/Release/PasteMe.build/PasteMe.DependencyStaticMetadataFileList (in target 'PasteMe' from project 'PasteMe')
    cd /Users/kristdev/Desktop/Tools/open-sources/PasteMe
    write-file /Users/kristdev/Library/Developer/Xcode/DerivedData/PasteMe-gfhkvbednsnioucroqqwczvibhxt/Build/Intermediates.noindex/PasteMe.build/Release/PasteMe.build/PasteMe.DependencyStaticMetadataFileList

WriteAuxiliaryFile /Users/kristdev/Library/Developer/Xcode/DerivedData/PasteMe-gfhkvbednsnioucroqqwczvibhxt/Build/Intermediates.noindex/PasteMe.build/Release/PasteMe.build/Objects-normal/arm64/PasteMe.SwiftConstValuesFileList (in target 'PasteMe' from project 'PasteMe')
    cd /Users/kristdev/Desktop/Tools/open-sources/PasteMe
    write-file /Users/kristdev/Library/Developer/Xcode/DerivedData/PasteMe-gfhkvbednsnioucroqqwczvibhxt/Build/Intermediates.noindex/PasteMe.build/Release/PasteMe.build/Objects-normal/arm64/PasteMe.SwiftConstValuesFileList

WriteAuxiliaryFile /Users/kristdev/Library/Developer/Xcode/DerivedData/PasteMe-gfhkvbednsnioucroqqwczvibhxt/Build/Intermediates.noindex/PasteMe.build/Release/PasteMe.build/Objects-normal/arm64/PasteMe_const_extract_protocols.json (in target 'PasteMe' from project 'PasteMe')
    cd /Users/kristdev/Desktop/Tools/open-sources/PasteMe
    write-file /Users/kristdev/Library/Developer/Xcode/DerivedData/PasteMe-gfhkvbednsnioucroqqwczvibhxt/Build/Intermediates.noindex/PasteMe.build/Release/PasteMe.build/Objects-normal/arm64/PasteMe_const_extract_protocols.json

WriteAuxiliaryFile /Users/kristdev/Library/Developer/Xcode/DerivedData/PasteMe-gfhkvbednsnioucroqqwczvibhxt/Build/Intermediates.noindex/PasteMe.build/Release/PasteMe.build/Objects-normal/arm64/PasteMe.SwiftFileList (in target 'PasteMe' from project 'PasteMe')
    cd /Users/kristdev/Desktop/Tools/open-sources/PasteMe
    write-file /Users/kristdev/Library/Developer/Xcode/DerivedData/PasteMe-gfhkvbednsnioucroqqwczvibhxt/Build/Intermediates.noindex/PasteMe.build/Release/PasteMe.build/Objects-normal/arm64/PasteMe.SwiftFileList

WriteAuxiliaryFile /Users/kristdev/Library/Developer/Xcode/DerivedData/PasteMe-gfhkvbednsnioucroqqwczvibhxt/Build/Intermediates.noindex/PasteMe.build/Release/PasteMe.build/Objects-normal/arm64/PasteMe.LinkFileList (in target 'PasteMe' from project 'PasteMe')
    cd /Users/kristdev/Desktop/Tools/open-sources/PasteMe
    write-file /Users/kristdev/Library/Developer/Xcode/DerivedData/PasteMe-gfhkvbednsnioucroqqwczvibhxt/Build/Intermediates.noindex/PasteMe.build/Release/PasteMe.build/Objects-normal/arm64/PasteMe.LinkFileList

WriteAuxiliaryFile /Users/kristdev/Library/Developer/Xcode/DerivedData/PasteMe-gfhkvbednsnioucroqqwczvibhxt/Build/Intermediates.noindex/PasteMe.build/Release/PasteMe.build/Objects-normal/arm64/PasteMe-OutputFileMap.json (in target 'PasteMe' from project 'PasteMe')
    cd /Users/kristdev/Desktop/Tools/open-sources/PasteMe
    write-file /Users/kristdev/Library/Developer/Xcode/DerivedData/PasteMe-gfhkvbednsnioucroqqwczvibhxt/Build/Intermediates.noindex/PasteMe.build/Release/PasteMe.build/Objects-normal/arm64/PasteMe-OutputFileMap.json

WriteAuxiliaryFile /Users/kristdev/Library/Developer/Xcode/DerivedData/PasteMe-gfhkvbednsnioucroqqwczvibhxt/Build/Intermediates.noindex/PasteMe.build/Release/PasteMe.build/DerivedSources/Entitlements.plist (in target 'PasteMe' from project 'PasteMe')
    cd /Users/kristdev/Desktop/Tools/open-sources/PasteMe
    write-file /Users/kristdev/Library/Developer/Xcode/DerivedData/PasteMe-gfhkvbednsnioucroqqwczvibhxt/Build/Intermediates.noindex/PasteMe.build/Release/PasteMe.build/DerivedSources/Entitlements.plist

MkDir /Users/kristdev/Library/Developer/Xcode/DerivedData/PasteMe-gfhkvbednsnioucroqqwczvibhxt/Build/Products/Release/PasteMe.app/Contents (in target 'PasteMe' from project 'PasteMe')
    cd /Users/kristdev/Desktop/Tools/open-sources/PasteMe
    /bin/mkdir -p /Users/kristdev/Library/Developer/Xcode/DerivedData/PasteMe-gfhkvbednsnioucroqqwczvibhxt/Build/Products/Release/PasteMe.app/Contents

MkDir /Users/kristdev/Library/Developer/Xcode/DerivedData/PasteMe-gfhkvbednsnioucroqqwczvibhxt/Build/Products/Release/PasteMe.app/Contents/MacOS (in target 'PasteMe' from project 'PasteMe')
    cd /Users/kristdev/Desktop/Tools/open-sources/PasteMe
    /bin/mkdir -p /Users/kristdev/Library/Developer/Xcode/DerivedData/PasteMe-gfhkvbednsnioucroqqwczvibhxt/Build/Products/Release/PasteMe.app/Contents/MacOS

MkDir /Users/kristdev/Library/Developer/Xcode/DerivedData/PasteMe-gfhkvbednsnioucroqqwczvibhxt/Build/Products/Release/PasteMe.app/Contents/Resources (in target 'PasteMe' from project 'PasteMe')
    cd /Users/kristdev/Desktop/Tools/open-sources/PasteMe
    /bin/mkdir -p /Users/kristdev/Library/Developer/Xcode/DerivedData/PasteMe-gfhkvbednsnioucroqqwczvibhxt/Build/Products/Release/PasteMe.app/Contents/Resources

MkDir /Users/kristdev/Library/Developer/Xcode/DerivedData/PasteMe-gfhkvbednsnioucroqqwczvibhxt/Build/Products/Release/PasteMe.app (in target 'PasteMe' from project 'PasteMe')
    cd /Users/kristdev/Desktop/Tools/open-sources/PasteMe
    /bin/mkdir -p /Users/kristdev/Library/Developer/Xcode/DerivedData/PasteMe-gfhkvbednsnioucroqqwczvibhxt/Build/Products/Release/PasteMe.app

MkDir /Users/kristdev/Library/Developer/Xcode/DerivedData/PasteMe-gfhkvbednsnioucroqqwczvibhxt/Build/Products/Release/PasteMe.app/Contents/Frameworks (in target 'PasteMe' from project 'PasteMe')
    cd /Users/kristdev/Desktop/Tools/open-sources/PasteMe
    /bin/mkdir -p /Users/kristdev/Library/Developer/Xcode/DerivedData/PasteMe-gfhkvbednsnioucroqqwczvibhxt/Build/Products/Release/PasteMe.app/Contents/Frameworks

ProcessProductPackaging /Users/kristdev/Desktop/Tools/open-sources/PasteMe/PasteMe/PasteMe.entitlements /Users/kristdev/Library/Developer/Xcode/DerivedData/PasteMe-gfhkvbednsnioucroqqwczvibhxt/Build/Intermediates.noindex/PasteMe.build/Release/PasteMe.build/PasteMe.app.xcent (in target 'PasteMe' from project 'PasteMe')
    cd /Users/kristdev/Desktop/Tools/open-sources/PasteMe
    
    Entitlements:
    
    {
    "com.apple.security.get-task-allow" = 1;
}
    
    builtin-productPackagingUtility /Users/kristdev/Desktop/Tools/open-sources/PasteMe/PasteMe/PasteMe.entitlements -entitlements -format xml -o /Users/kristdev/Library/Developer/Xcode/DerivedData/PasteMe-gfhkvbednsnioucroqqwczvibhxt/Build/Intermediates.noindex/PasteMe.build/Release/PasteMe.build/PasteMe.app.xcent

ProcessProductPackagingDER /Users/kristdev/Library/Developer/Xcode/DerivedData/PasteMe-gfhkvbednsnioucroqqwczvibhxt/Build/Intermediates.noindex/PasteMe.build/Release/PasteMe.build/PasteMe.app.xcent /Users/kristdev/Library/Developer/Xcode/DerivedData/PasteMe-gfhkvbednsnioucroqqwczvibhxt/Build/Intermediates.noindex/PasteMe.build/Release/PasteMe.build/PasteMe.app.xcent.der (in target 'PasteMe' from project 'PasteMe')
    cd /Users/kristdev/Desktop/Tools/open-sources/PasteMe
    /usr/bin/derq query -f xml -i /Users/kristdev/Library/Developer/Xcode/DerivedData/PasteMe-gfhkvbednsnioucroqqwczvibhxt/Build/Intermediates.noindex/PasteMe.build/Release/PasteMe.build/PasteMe.app.xcent -o /Users/kristdev/Library/Developer/Xcode/DerivedData/PasteMe-gfhkvbednsnioucroqqwczvibhxt/Build/Intermediates.noindex/PasteMe.build/Release/PasteMe.build/PasteMe.app.xcent.der --raw

GenerateAssetSymbols /Users/kristdev/Desktop/Tools/open-sources/PasteMe/PasteMe/Assets.xcassets (in target 'PasteMe' from project 'PasteMe')
    cd /Users/kristdev/Desktop/Tools/open-sources/PasteMe
    /Applications/Xcode.app/Contents/Developer/usr/bin/actool /Users/kristdev/Desktop/Tools/open-sources/PasteMe/PasteMe/Assets.xcassets --compile /Users/kristdev/Library/Developer/Xcode/DerivedData/PasteMe-gfhkvbednsnioucroqqwczvibhxt/Build/Products/Release/PasteMe.app/Contents/Resources --output-format human-readable-text --notices --warnings --export-dependency-info /Users/kristdev/Library/Developer/Xcode/DerivedData/PasteMe-gfhkvbednsnioucroqqwczvibhxt/Build/Intermediates.noindex/PasteMe.build/Release/PasteMe.build/assetcatalog_dependencies --output-partial-info-plist /Users/kristdev/Library/Developer/Xcode/DerivedData/PasteMe-gfhkvbednsnioucroqqwczvibhxt/Build/Intermediates.noindex/PasteMe.build/Release/PasteMe.build/assetcatalog_generated_info.plist --app-icon AppIcon --accent-color AccentColor --enable-on-demand-resources NO --development-region en --target-device mac --minimum-deployment-target 14.0 --platform macosx --bundle-identifier com.kristdev.PasteMe --generate-swift-asset-symbols /Users/kristdev/Library/Developer/Xcode/DerivedData/PasteMe-gfhkvbednsnioucroqqwczvibhxt/Build/Intermediates.noindex/PasteMe.build/Release/PasteMe.build/DerivedSources/GeneratedAssetSymbols.swift --generate-objc-asset-symbols /Users/kristdev/Library/Developer/Xcode/DerivedData/PasteMe-gfhkvbednsnioucroqqwczvibhxt/Build/Intermediates.noindex/PasteMe.build/Release/PasteMe.build/DerivedSources/GeneratedAssetSymbols.h --generate-asset-symbol-index /Users/kristdev/Library/Developer/Xcode/DerivedData/PasteMe-gfhkvbednsnioucroqqwczvibhxt/Build/Intermediates.noindex/PasteMe.build/Release/PasteMe.build/DerivedSources/GeneratedAssetSymbols-Index.plist
/* com.apple.actool.compilation-results */
/Users/kristdev/Library/Developer/Xcode/DerivedData/PasteMe-gfhkvbednsnioucroqqwczvibhxt/Build/Intermediates.noindex/PasteMe.build/Release/PasteMe.build/DerivedSources/GeneratedAssetSymbols-Index.plist
/Users/kristdev/Library/Developer/Xcode/DerivedData/PasteMe-gfhkvbednsnioucroqqwczvibhxt/Build/Intermediates.noindex/PasteMe.build/Release/PasteMe.build/DerivedSources/GeneratedAssetSymbols.h
/Users/kristdev/Library/Developer/Xcode/DerivedData/PasteMe-gfhkvbednsnioucroqqwczvibhxt/Build/Intermediates.noindex/PasteMe.build/Release/PasteMe.build/DerivedSources/GeneratedAssetSymbols.swift


MkDir /Users/kristdev/Library/Developer/Xcode/DerivedData/PasteMe-gfhkvbednsnioucroqqwczvibhxt/Build/Intermediates.noindex/PasteMe.build/Release/PasteMe.build/assetcatalog_output/unthinned (in target 'PasteMe' from project 'PasteMe')
    cd /Users/kristdev/Desktop/Tools/open-sources/PasteMe
    /bin/mkdir -p /Users/kristdev/Library/Developer/Xcode/DerivedData/PasteMe-gfhkvbednsnioucroqqwczvibhxt/Build/Intermediates.noindex/PasteMe.build/Release/PasteMe.build/assetcatalog_output/unthinned

MkDir /Users/kristdev/Library/Developer/Xcode/DerivedData/PasteMe-gfhkvbednsnioucroqqwczvibhxt/Build/Intermediates.noindex/PasteMe.build/Release/PasteMe.build/assetcatalog_output/thinned (in target 'PasteMe' from project 'PasteMe')
    cd /Users/kristdev/Desktop/Tools/open-sources/PasteMe
    /bin/mkdir -p /Users/kristdev/Library/Developer/Xcode/DerivedData/PasteMe-gfhkvbednsnioucroqqwczvibhxt/Build/Intermediates.noindex/PasteMe.build/Release/PasteMe.build/assetcatalog_output/thinned

Copy /Users/kristdev/Library/Developer/Xcode/DerivedData/PasteMe-gfhkvbednsnioucroqqwczvibhxt/Build/Products/Release/PasteMe.app/Contents/Frameworks/Sparkle.framework /Users/kristdev/Library/Developer/Xcode/DerivedData/PasteMe-gfhkvbednsnioucroqqwczvibhxt/SourcePackages/artifacts/sparkle/Sparkle/Sparkle.xcframework/macos-arm64_x86_64/Sparkle.framework (in target 'PasteMe' from project 'PasteMe')
    cd /Users/kristdev/Desktop/Tools/open-sources/PasteMe
    builtin-copy -exclude .DS_Store -exclude CVS -exclude .svn -exclude .git -exclude .hg -exclude Headers -exclude PrivateHeaders -exclude Modules -exclude \*.tbd -resolve-src-symlinks -remove-static-executable /Users/kristdev/Library/Developer/Xcode/DerivedData/PasteMe-gfhkvbednsnioucroqqwczvibhxt/SourcePackages/artifacts/sparkle/Sparkle/Sparkle.xcframework/macos-arm64_x86_64/Sparkle.framework /Users/kristdev/Library/Developer/Xcode/DerivedData/PasteMe-gfhkvbednsnioucroqqwczvibhxt/Build/Products/Release/PasteMe.app/Contents/Frameworks

CompileAssetCatalogVariant thinned /Users/kristdev/Library/Developer/Xcode/DerivedData/PasteMe-gfhkvbednsnioucroqqwczvibhxt/Build/Products/Release/PasteMe.app/Contents/Resources /Users/kristdev/Desktop/Tools/open-sources/PasteMe/PasteMe/Assets.xcassets (in target 'PasteMe' from project 'PasteMe')
    cd /Users/kristdev/Desktop/Tools/open-sources/PasteMe
    /Applications/Xcode.app/Contents/Developer/usr/bin/actool /Users/kristdev/Desktop/Tools/open-sources/PasteMe/PasteMe/Assets.xcassets --compile /Users/kristdev/Library/Developer/Xcode/DerivedData/PasteMe-gfhkvbednsnioucroqqwczvibhxt/Build/Intermediates.noindex/PasteMe.build/Release/PasteMe.build/assetcatalog_output/thinned --output-format human-readable-text --notices --warnings --export-dependency-info /Users/kristdev/Library/Developer/Xcode/DerivedData/PasteMe-gfhkvbednsnioucroqqwczvibhxt/Build/Intermediates.noindex/PasteMe.build/Release/PasteMe.build/assetcatalog_dependencies_thinned --output-partial-info-plist /Users/kristdev/Library/Developer/Xcode/DerivedData/PasteMe-gfhkvbednsnioucroqqwczvibhxt/Build/Intermediates.noindex/PasteMe.build/Release/PasteMe.build/assetcatalog_generated_info.plist_thinned --app-icon AppIcon --accent-color AccentColor --enable-on-demand-resources NO --development-region en --target-device mac --minimum-deployment-target 14.0 --platform macosx
/* com.apple.actool.compilation-results */
/Users/kristdev/Library/Developer/Xcode/DerivedData/PasteMe-gfhkvbednsnioucroqqwczvibhxt/Build/Intermediates.noindex/PasteMe.build/Release/PasteMe.build/assetcatalog_generated_info.plist_thinned
/Users/kristdev/Library/Developer/Xcode/DerivedData/PasteMe-gfhkvbednsnioucroqqwczvibhxt/Build/Intermediates.noindex/PasteMe.build/Release/PasteMe.build/assetcatalog_output/thinned/AppIcon.icns
/Users/kristdev/Library/Developer/Xcode/DerivedData/PasteMe-gfhkvbednsnioucroqqwczvibhxt/Build/Intermediates.noindex/PasteMe.build/Release/PasteMe.build/assetcatalog_output/thinned/Assets.car


CodeSign /Users/kristdev/Library/Developer/Xcode/DerivedData/PasteMe-gfhkvbednsnioucroqqwczvibhxt/Build/Products/Release/PasteMe.app/Contents/Frameworks/Sparkle.framework/Versions/B (in target 'PasteMe' from project 'PasteMe')
    cd /Users/kristdev/Desktop/Tools/open-sources/PasteMe
    
    Signing Identity:     "Apple Development: Vo Chi Khanh (2BMZMX95V3)"
    
    /usr/bin/codesign --force --sign 61899A1CB50FFB2F5041FBF2D2EE7D5631609CDF --timestamp\=none --preserve-metadata\=identifier,entitlements,flags --generate-entitlement-der /Users/kristdev/Library/Developer/Xcode/DerivedData/PasteMe-gfhkvbednsnioucroqqwczvibhxt/Build/Products/Release/PasteMe.app/Contents/Frameworks/Sparkle.framework/Versions/B
/Users/kristdev/Library/Developer/Xcode/DerivedData/PasteMe-gfhkvbednsnioucroqqwczvibhxt/Build/Products/Release/PasteMe.app/Contents/Frameworks/Sparkle.framework/Versions/B: replacing existing signature

SwiftDriver PasteMe normal arm64 com.apple.xcode.tools.swift.compiler (in target 'PasteMe' from project 'PasteMe')
    cd /Users/kristdev/Desktop/Tools/open-sources/PasteMe
    builtin-SwiftDriver -- /Applications/Xcode.app/Contents/Developer/Toolchains/XcodeDefault.xctoolchain/usr/bin/swiftc -module-name PasteMe -O -whole-module-optimization @/Users/kristdev/Library/Developer/Xcode/DerivedData/PasteMe-gfhkvbednsnioucroqqwczvibhxt/Build/Intermediates.noindex/PasteMe.build/Release/PasteMe.build/Objects-normal/arm64/PasteMe.SwiftFileList -default-isolation\=MainActor -enable-bare-slash-regex -enable-upcoming-feature DisableOutwardActorInference -enable-upcoming-feature InferSendableFromCaptures -enable-upcoming-feature GlobalActorIsolatedTypesUsability -enable-upcoming-feature MemberImportVisibility -enable-upcoming-feature InferIsolatedConformances -enable-upcoming-feature NonisolatedNonsendingByDefault -enable-experimental-feature DebugDescriptionMacro -sdk /Applications/Xcode.app/Contents/Developer/Platforms/MacOSX.platform/Developer/SDKs/MacOSX26.5.sdk -target arm64-apple-macos14.0 -g -module-cache-path /Users/kristdev/Library/Developer/Xcode/DerivedData/ModuleCache.noindex -Xfrontend -serialize-debugging-options -swift-version 5 -I /Users/kristdev/Library/Developer/Xcode/DerivedData/PasteMe-gfhkvbednsnioucroqqwczvibhxt/Build/Products/Release -F /Users/kristdev/Library/Developer/Xcode/DerivedData/PasteMe-gfhkvbednsnioucroqqwczvibhxt/Build/Products/Release -emit-localized-strings -emit-localized-strings-path /Users/kristdev/Library/Developer/Xcode/DerivedData/PasteMe-gfhkvbednsnioucroqqwczvibhxt/Build/Intermediates.noindex/PasteMe.build/Release/PasteMe.build/Objects-normal/arm64 -c -num-threads 12 -Xcc -ivfsstatcache -Xcc /Users/kristdev/Library/Developer/Xcode/DerivedData/SDKStatCaches.noindex/macosx26.5-25F70-e082c4a02f00227109f4ed75e425c832.sdkstatcache -output-file-map /Users/kristdev/Library/Developer/Xcode/DerivedData/PasteMe-gfhkvbednsnioucroqqwczvibhxt/Build/Intermediates.noindex/PasteMe.build/Release/PasteMe.build/Objects-normal/arm64/PasteMe-OutputFileMap.json -use-frontend-parseable-output -save-temps -no-color-diagnostics -explicit-module-build -module-cache-path /Users/kristdev/Library/Developer/Xcode/DerivedData/PasteMe-gfhkvbednsnioucroqqwczvibhxt/Build/Intermediates.noindex/SwiftExplicitPrecompiledModules -clang-scanner-module-cache-path /Users/kristdev/Library/Developer/Xcode/DerivedData/ModuleCache.noindex -sdk-module-cache-path /Users/kristdev/Library/Developer/Xcode/DerivedData/ModuleCache.noindex -serialize-diagnostics -emit-dependencies -emit-module -emit-module-path /Users/kristdev/Library/Developer/Xcode/DerivedData/PasteMe-gfhkvbednsnioucroqqwczvibhxt/Build/Intermediates.noindex/PasteMe.build/Release/PasteMe.build/Objects-normal/arm64/PasteMe.swiftmodule -validate-clang-modules-once -clang-build-session-file /Users/kristdev/Library/Developer/Xcode/DerivedData/ModuleCache.noindex/Session.modulevalidation -Xcc -I/Users/kristdev/Library/Developer/Xcode/DerivedData/PasteMe-gfhkvbednsnioucroqqwczvibhxt/Build/Intermediates.noindex/PasteMe.build/Release/PasteMe.build/swift-overrides.hmap -emit-const-values -Xfrontend -const-gather-protocols-file -Xfrontend /Users/kristdev/Library/Developer/Xcode/DerivedData/PasteMe-gfhkvbednsnioucroqqwczvibhxt/Build/Intermediates.noindex/PasteMe.build/Release/PasteMe.build/Objects-normal/arm64/PasteMe_const_extract_protocols.json -Xcc -iquote -Xcc /Users/kristdev/Library/Developer/Xcode/DerivedData/PasteMe-gfhkvbednsnioucroqqwczvibhxt/Build/Intermediates.noindex/PasteMe.build/Release/PasteMe.build/PasteMe-generated-files.hmap -Xcc -I/Users/kristdev/Library/Developer/Xcode/DerivedData/PasteMe-gfhkvbednsnioucroqqwczvibhxt/Build/Intermediates.noindex/PasteMe.build/Release/PasteMe.build/PasteMe-own-target-headers.hmap -Xcc -I/Users/kristdev/Library/Developer/Xcode/DerivedData/PasteMe-gfhkvbednsnioucroqqwczvibhxt/Build/Intermediates.noindex/PasteMe.build/Release/PasteMe.build/PasteMe-all-target-headers.hmap -Xcc -iquote -Xcc /Users/kristdev/Library/Developer/Xcode/DerivedData/PasteMe-gfhkvbednsnioucroqqwczvibhxt/Build/Intermediates.noindex/PasteMe.build/Release/PasteMe.build/PasteMe-project-headers.hmap -Xcc -I/Users/kristdev/Library/Developer/Xcode/DerivedData/PasteMe-gfhkvbednsnioucroqqwczvibhxt/Build/Products/Release/include -Xcc -I/Users/kristdev/Library/Developer/Xcode/DerivedData/PasteMe-gfhkvbednsnioucroqqwczvibhxt/Build/Intermediates.noindex/PasteMe.build/Release/PasteMe.build/DerivedSources-normal/arm64 -Xcc -I/Users/kristdev/Library/Developer/Xcode/DerivedData/PasteMe-gfhkvbednsnioucroqqwczvibhxt/Build/Intermediates.noindex/PasteMe.build/Release/PasteMe.build/DerivedSources/arm64 -Xcc -I/Users/kristdev/Library/Developer/Xcode/DerivedData/PasteMe-gfhkvbednsnioucroqqwczvibhxt/Build/Intermediates.noindex/PasteMe.build/Release/PasteMe.build/DerivedSources -emit-objc-header -emit-objc-header-path /Users/kristdev/Library/Developer/Xcode/DerivedData/PasteMe-gfhkvbednsnioucroqqwczvibhxt/Build/Intermediates.noindex/PasteMe.build/Release/PasteMe.build/Objects-normal/arm64/PasteMe-Swift.h -working-directory /Users/kristdev/Desktop/Tools/open-sources/PasteMe -no-emit-module-separately-wmo

SwiftDriver\ Compilation PasteMe normal arm64 com.apple.xcode.tools.swift.compiler (in target 'PasteMe' from project 'PasteMe')
    cd /Users/kristdev/Desktop/Tools/open-sources/PasteMe
    builtin-Swift-Compilation -- /Applications/Xcode.app/Contents/Developer/Toolchains/XcodeDefault.xctoolchain/usr/bin/swiftc -module-name PasteMe -O -whole-module-optimization @/Users/kristdev/Library/Developer/Xcode/DerivedData/PasteMe-gfhkvbednsnioucroqqwczvibhxt/Build/Intermediates.noindex/PasteMe.build/Release/PasteMe.build/Objects-normal/arm64/PasteMe.SwiftFileList -default-isolation\=MainActor -enable-bare-slash-regex -enable-upcoming-feature DisableOutwardActorInference -enable-upcoming-feature InferSendableFromCaptures -enable-upcoming-feature GlobalActorIsolatedTypesUsability -enable-upcoming-feature MemberImportVisibility -enable-upcoming-feature InferIsolatedConformances -enable-upcoming-feature NonisolatedNonsendingByDefault -enable-experimental-feature DebugDescriptionMacro -sdk /Applications/Xcode.app/Contents/Developer/Platforms/MacOSX.platform/Developer/SDKs/MacOSX26.5.sdk -target arm64-apple-macos14.0 -g -module-cache-path /Users/kristdev/Library/Developer/Xcode/DerivedData/ModuleCache.noindex -Xfrontend -serialize-debugging-options -swift-version 5 -I /Users/kristdev/Library/Developer/Xcode/DerivedData/PasteMe-gfhkvbednsnioucroqqwczvibhxt/Build/Products/Release -F /Users/kristdev/Library/Developer/Xcode/DerivedData/PasteMe-gfhkvbednsnioucroqqwczvibhxt/Build/Products/Release -emit-localized-strings -emit-localized-strings-path /Users/kristdev/Library/Developer/Xcode/DerivedData/PasteMe-gfhkvbednsnioucroqqwczvibhxt/Build/Intermediates.noindex/PasteMe.build/Release/PasteMe.build/Objects-normal/arm64 -c -num-threads 12 -Xcc -ivfsstatcache -Xcc /Users/kristdev/Library/Developer/Xcode/DerivedData/SDKStatCaches.noindex/macosx26.5-25F70-e082c4a02f00227109f4ed75e425c832.sdkstatcache -output-file-map /Users/kristdev/Library/Developer/Xcode/DerivedData/PasteMe-gfhkvbednsnioucroqqwczvibhxt/Build/Intermediates.noindex/PasteMe.build/Release/PasteMe.build/Objects-normal/arm64/PasteMe-OutputFileMap.json -use-frontend-parseable-output -save-temps -no-color-diagnostics -explicit-module-build -module-cache-path /Users/kristdev/Library/Developer/Xcode/DerivedData/PasteMe-gfhkvbednsnioucroqqwczvibhxt/Build/Intermediates.noindex/SwiftExplicitPrecompiledModules -clang-scanner-module-cache-path /Users/kristdev/Library/Developer/Xcode/DerivedData/ModuleCache.noindex -sdk-module-cache-path /Users/kristdev/Library/Developer/Xcode/DerivedData/ModuleCache.noindex -serialize-diagnostics -emit-dependencies -emit-module -emit-module-path /Users/kristdev/Library/Developer/Xcode/DerivedData/PasteMe-gfhkvbednsnioucroqqwczvibhxt/Build/Intermediates.noindex/PasteMe.build/Release/PasteMe.build/Objects-normal/arm64/PasteMe.swiftmodule -validate-clang-modules-once -clang-build-session-file /Users/kristdev/Library/Developer/Xcode/DerivedData/ModuleCache.noindex/Session.modulevalidation -Xcc -I/Users/kristdev/Library/Developer/Xcode/DerivedData/PasteMe-gfhkvbednsnioucroqqwczvibhxt/Build/Intermediates.noindex/PasteMe.build/Release/PasteMe.build/swift-overrides.hmap -emit-const-values -Xfrontend -const-gather-protocols-file -Xfrontend /Users/kristdev/Library/Developer/Xcode/DerivedData/PasteMe-gfhkvbednsnioucroqqwczvibhxt/Build/Intermediates.noindex/PasteMe.build/Release/PasteMe.build/Objects-normal/arm64/PasteMe_const_extract_protocols.json -Xcc -iquote -Xcc /Users/kristdev/Library/Developer/Xcode/DerivedData/PasteMe-gfhkvbednsnioucroqqwczvibhxt/Build/Intermediates.noindex/PasteMe.build/Release/PasteMe.build/PasteMe-generated-files.hmap -Xcc -I/Users/kristdev/Library/Developer/Xcode/DerivedData/PasteMe-gfhkvbednsnioucroqqwczvibhxt/Build/Intermediates.noindex/PasteMe.build/Release/PasteMe.build/PasteMe-own-target-headers.hmap -Xcc -I/Users/kristdev/Library/Developer/Xcode/DerivedData/PasteMe-gfhkvbednsnioucroqqwczvibhxt/Build/Intermediates.noindex/PasteMe.build/Release/PasteMe.build/PasteMe-all-target-headers.hmap -Xcc -iquote -Xcc /Users/kristdev/Library/Developer/Xcode/DerivedData/PasteMe-gfhkvbednsnioucroqqwczvibhxt/Build/Intermediates.noindex/PasteMe.build/Release/PasteMe.build/PasteMe-project-headers.hmap -Xcc -I/Users/kristdev/Library/Developer/Xcode/DerivedData/PasteMe-gfhkvbednsnioucroqqwczvibhxt/Build/Products/Release/include -Xcc -I/Users/kristdev/Library/Developer/Xcode/DerivedData/PasteMe-gfhkvbednsnioucroqqwczvibhxt/Build/Intermediates.noindex/PasteMe.build/Release/PasteMe.build/DerivedSources-normal/arm64 -Xcc -I/Users/kristdev/Library/Developer/Xcode/DerivedData/PasteMe-gfhkvbednsnioucroqqwczvibhxt/Build/Intermediates.noindex/PasteMe.build/Release/PasteMe.build/DerivedSources/arm64 -Xcc -I/Users/kristdev/Library/Developer/Xcode/DerivedData/PasteMe-gfhkvbednsnioucroqqwczvibhxt/Build/Intermediates.noindex/PasteMe.build/Release/PasteMe.build/DerivedSources -emit-objc-header -emit-objc-header-path /Users/kristdev/Library/Developer/Xcode/DerivedData/PasteMe-gfhkvbednsnioucroqqwczvibhxt/Build/Intermediates.noindex/PasteMe.build/Release/PasteMe.build/Objects-normal/arm64/PasteMe-Swift.h -working-directory /Users/kristdev/Desktop/Tools/open-sources/PasteMe -no-emit-module-separately-wmo

SwiftExplicitDependencyGeneratePcm arm64 /Users/kristdev/Library/Developer/Xcode/DerivedData/PasteMe-gfhkvbednsnioucroqqwczvibhxt/Build/Intermediates.noindex/SwiftExplicitPrecompiledModules/Sparkle-B3YT8CH6S0X0B2IGKWAEVDLIQ.pcm

SwiftCompile normal arm64 Compiling\ AppTheme.swift,\ DraggableItemCard.swift,\ FloatingPanel.swift,\ ItemCard.swift,\ SettingsView.swift,\ SharedExtensions.swift,\ ClipboardManager.swift,\ ClipboardViewModel.swift,\ HotKeyManager.swift,\ KeyboardHelper.swift,\ LaunchManager.swift,\ QuickLookController.swift,\ ClipItem.swift,\ Item.swift,\ Updater.swift,\ AppDelegate.swift,\ ContentView.swift,\ PasteMeApp.swift,\ GeneratedAssetSymbols.swift /Users/kristdev/Desktop/Tools/open-sources/PasteMe/PasteMe/Components/AppTheme.swift /Users/kristdev/Desktop/Tools/open-sources/PasteMe/PasteMe/Components/DraggableItemCard.swift /Users/kristdev/Desktop/Tools/open-sources/PasteMe/PasteMe/Components/FloatingPanel.swift /Users/kristdev/Desktop/Tools/open-sources/PasteMe/PasteMe/Components/ItemCard.swift /Users/kristdev/Desktop/Tools/open-sources/PasteMe/PasteMe/Components/SettingsView.swift /Users/kristdev/Desktop/Tools/open-sources/PasteMe/PasteMe/Extensions/SharedExtensions.swift /Users/kristdev/Desktop/Tools/open-sources/PasteMe/PasteMe/Managers/ClipboardManager.swift /Users/kristdev/Desktop/Tools/open-sources/PasteMe/PasteMe/Managers/ClipboardViewModel.swift /Users/kristdev/Desktop/Tools/open-sources/PasteMe/PasteMe/Managers/HotKeyManager.swift /Users/kristdev/Desktop/Tools/open-sources/PasteMe/PasteMe/Managers/KeyboardHelper.swift /Users/kristdev/Desktop/Tools/open-sources/PasteMe/PasteMe/Managers/LaunchManager.swift /Users/kristdev/Desktop/Tools/open-sources/PasteMe/PasteMe/Managers/QuickLookController.swift /Users/kristdev/Desktop/Tools/open-sources/PasteMe/PasteMe/Models/ClipItem.swift /Users/kristdev/Desktop/Tools/open-sources/PasteMe/PasteMe/Models/Item.swift /Users/kristdev/Desktop/Tools/open-sources/PasteMe/PasteMe/Models/Updater.swift /Users/kristdev/Desktop/Tools/open-sources/PasteMe/PasteMe/AppDelegate.swift /Users/kristdev/Desktop/Tools/open-sources/PasteMe/PasteMe/ContentView.swift /Users/kristdev/Desktop/Tools/open-sources/PasteMe/PasteMe/PasteMeApp.swift /Users/kristdev/Library/Developer/Xcode/DerivedData/PasteMe-gfhkvbednsnioucroqqwczvibhxt/Build/Intermediates.noindex/PasteMe.build/Release/PasteMe.build/DerivedSources/GeneratedAssetSymbols.swift /Applications/Xcode.app/Contents/Developer/Toolchains/XcodeDefault.xctoolchain/usr/lib/swift/macosx/prebuilt-modules/26.5/Combine.swiftmodule/arm64e-apple-macos.swiftmodule /Applications/Xcode.app/Contents/Developer/Toolchains/XcodeDefault.xctoolchain/usr/lib/swift/macosx/prebuilt-modules/26.5/Spatial.swiftmodule/arm64e-apple-macos.swiftmodule /Applications/Xcode.app/Contents/Developer/Toolchains/XcodeDefault.xctoolchain/usr/lib/swift/macosx/prebuilt-modules/26.5/XPC.swiftmodule/arm64e-apple-macos.swiftmodule /Applications/Xcode.app/Contents/Developer/Toolchains/XcodeDefault.xctoolchain/usr/lib/swift/macosx/prebuilt-modules/26.5/_StringProcessing.swiftmodule/arm64e-apple-macos.swiftmodule /Applications/Xcode.app/Contents/Developer/Toolchains/XcodeDefault.xctoolchain/usr/lib/swift/macosx/prebuilt-modules/26.5/AppKit.swiftmodule/arm64e-apple-macos.swiftmodule /Applications/Xcode.app/Contents/Developer/Toolchains/XcodeDefault.xctoolchain/usr/lib/swift/macosx/prebuilt-modules/26.5/UniformTypeIdentifiers.swiftmodule/arm64e-apple-macos.swiftmodule /Applications/Xcode.app/Contents/Developer/Toolchains/XcodeDefault.xctoolchain/usr/lib/swift/macosx/prebuilt-modules/26.5/_DarwinFoundation1.swiftmodule/arm64e-apple-macos.swiftmodule /Applications/Xcode.app/Contents/Developer/Toolchains/XcodeDefault.xctoolchain/usr/lib/swift/macosx/prebuilt-modules/26.5/ObjectiveC.swiftmodule/arm64e-apple-macos.swiftmodule /Applications/Xcode.app/Contents/Developer/Toolchains/XcodeDefault.xctoolchain/usr/lib/swift/macosx/prebuilt-modules/26.5/DeveloperToolsSupport.swiftmodule/arm64e-apple-macos.swiftmodule /Applications/Xcode.app/Contents/Developer/Toolchains/XcodeDefault.xctoolchain/usr/lib/swift/macosx/prebuilt-modules/26.5/CoreGraphics.swiftmodule/arm64e-apple-macos.swiftmodule /Applications/Xcode.app/Contents/Developer/Toolchains/XcodeDefault.xctoolchain/usr/lib/swift/macosx/prebuilt-modules/26.5/SwiftUICore.swiftmodule/arm64e-apple-macos.swiftmodule /Applications/Xcode.app/Contents/Developer/Toolchains/XcodeDefault.xctoolchain/usr/lib/swift/macosx/prebuilt-modules/26.5/Dispatch.swiftmodule/arm64e-apple-macos.swiftmodule /Applications/Xcode.app/Contents/Developer/Toolchains/XcodeDefault.xctoolchain/usr/lib/swift/macosx/prebuilt-modules/26.5/CoreData.swiftmodule/arm64e-apple-macos.swiftmodule /Applications/Xcode.app/Contents/Developer/Toolchains/XcodeDefault.xctoolchain/usr/lib/swift/macosx/prebuilt-modules/26.5/_SwiftData_SwiftUI.swiftmodule/arm64e-apple-macos.swiftmodule /Applications/Xcode.app/Contents/Developer/Toolchains/XcodeDefault.xctoolchain/usr/lib/swift/macosx/prebuilt-modules/26.5/QuartzCore.swiftmodule/arm64e-apple-macos.swiftmodule /Applications/Xcode.app/Contents/Developer/Toolchains/XcodeDefault.xctoolchain/usr/lib/swift/macosx/prebuilt-modules/26.5/Observation.swiftmodule/arm64e-apple-macos.swiftmodule /Applications/Xcode.app/Contents/Developer/Toolchains/XcodeDefault.xctoolchain/usr/lib/swift/macosx/prebuilt-modules/26.5/CoreFoundation.swiftmodule/arm64e-apple-macos.swiftmodule /Applications/Xcode.app/Contents/Developer/Toolchains/XcodeDefault.xctoolchain/usr/lib/swift/macosx/prebuilt-modules/26.5/Accelerate.swiftmodule/arm64e-apple-macos.swiftmodule /Applications/Xcode.app/Contents/Developer/Toolchains/XcodeDefault.xctoolchain/usr/lib/swift/macosx/prebuilt-modules/26.5/DataDetection.swiftmodule/arm64e-apple-macos.swiftmodule /Applications/Xcode.app/Contents/Developer/Toolchains/XcodeDefault.xctoolchain/usr/lib/swift/macosx/prebuilt-modules/26.5/_DarwinFoundation3.swiftmodule/arm64e-apple-macos.swiftmodule /Applications/Xcode.app/Contents/Developer/Toolchains/XcodeDefault.xctoolchain/usr/lib/swift/macosx/prebuilt-modules/26.5/CoreTransferable.swiftmodule/arm64e-apple-macos.swiftmodule /Applications/Xcode.app/Contents/Developer/Toolchains/XcodeDefault.xctoolchain/usr/lib/swift/macosx/prebuilt-modules/26.5/_Builtin_float.swiftmodule/arm64e-apple-macos.swiftmodule /Applications/Xcode.app/Contents/Developer/Toolchains/XcodeDefault.xctoolchain/usr/lib/swift/macosx/prebuilt-modules/26.5/_DarwinFoundation2.swiftmodule/arm64e-apple-macos.swiftmodule /Applications/Xcode.app/Contents/Developer/Toolchains/XcodeDefault.xctoolchain/usr/lib/swift/macosx/prebuilt-modules/26.5/simd.swiftmodule/arm64e-apple-macos.swiftmodule /Applications/Xcode.app/Contents/Developer/Toolchains/XcodeDefault.xctoolchain/usr/lib/swift/macosx/prebuilt-modules/26.5/CoreVideo.swiftmodule/arm64e-apple-macos.swiftmodule /Applications/Xcode.app/Contents/Developer/Toolchains/XcodeDefault.xctoolchain/usr/lib/swift/macosx/prebuilt-modules/26.5/Foundation.swiftmodule/arm64e-apple-macos.swiftmodule /Applications/Xcode.app/Contents/Developer/Toolchains/XcodeDefault.xctoolchain/usr/lib/swift/macosx/prebuilt-modules/26.5/Accessibility.swiftmodule/arm64e-apple-macos.swiftmodule /Applications/Xcode.app/Contents/Developer/Toolchains/XcodeDefault.xctoolchain/usr/lib/swift/macosx/prebuilt-modules/26.5/SwiftUI.swiftmodule/arm64e-apple-macos.swiftmodule /Applications/Xcode.app/Contents/Developer/Toolchains/XcodeDefault.xctoolchain/usr/lib/swift/macosx/prebuilt-modules/26.5/Symbols.swiftmodule/arm64e-apple-macos.swiftmodule /Applications/Xcode.app/Contents/Developer/Toolchains/XcodeDefault.xctoolchain/usr/lib/swift/macosx/prebuilt-modules/26.5/OSLog.swiftmodule/arm64e-apple-macos.swiftmodule /Applications/Xcode.app/Contents/Developer/Toolchains/XcodeDefault.xctoolchain/usr/lib/swift/macosx/prebuilt-modules/26.5/CoreImage.swiftmodule/arm64e-apple-macos.swiftmodule /Applications/Xcode.app/Contents/Developer/Toolchains/XcodeDefault.xctoolchain/usr/lib/swift/macosx/prebuilt-modules/26.5/_Concurrency.swiftmodule/arm64e-apple-macos.swiftmodule /Applications/Xcode.app/Contents/Developer/Toolchains/XcodeDefault.xctoolchain/usr/lib/swift/macosx/prebuilt-modules/26.5/SwiftData.swiftmodule/arm64e-apple-macos.swiftmodule /Applications/Xcode.app/Contents/Developer/Toolchains/XcodeDefault.xctoolchain/usr/lib/swift/macosx/prebuilt-modules/26.5/IOKit.swiftmodule/arm64e-apple-macos.swiftmodule /Applications/Xcode.app/Contents/Developer/Toolchains/XcodeDefault.xctoolchain/usr/lib/swift/macosx/prebuilt-modules/26.5/Swift.swiftmodule/arm64e-apple-macos.swiftmodule /Applications/Xcode.app/Contents/Developer/Toolchains/XcodeDefault.xctoolchain/usr/lib/swift/macosx/prebuilt-modules/26.5/System.swiftmodule/arm64e-apple-macos.swiftmodule /Applications/Xcode.app/Contents/Developer/Toolchains/XcodeDefault.xctoolchain/usr/lib/swift/macosx/prebuilt-modules/26.5/Darwin.swiftmodule/arm64e-apple-macos.swiftmodule /Applications/Xcode.app/Contents/Developer/Toolchains/XcodeDefault.xctoolchain/usr/lib/swift/macosx/prebuilt-modules/26.5/Metal.swiftmodule/arm64e-apple-macos.swiftmodule /Applications/Xcode.app/Contents/Developer/Toolchains/XcodeDefault.xctoolchain/usr/lib/swift/macosx/prebuilt-modules/26.5/QuickLookUI.swiftmodule/arm64e-apple-macos.swiftmodule /Applications/Xcode.app/Contents/Developer/Toolchains/XcodeDefault.xctoolchain/usr/lib/swift/macosx/prebuilt-modules/26.5/LinkPresentation.swiftmodule/arm64e-apple-macos.swiftmodule /Applications/Xcode.app/Contents/Developer/Toolchains/XcodeDefault.xctoolchain/usr/lib/swift/macosx/prebuilt-modules/26.5/PDFKit.swiftmodule/arm64e-apple-macos.swiftmodule /Applications/Xcode.app/Contents/Developer/Toolchains/XcodeDefault.xctoolchain/usr/lib/swift/macosx/prebuilt-modules/26.5/os.swiftmodule/arm64e-apple-macos.swiftmodule /Applications/Xcode.app/Contents/Developer/Toolchains/XcodeDefault.xctoolchain/usr/lib/swift/macosx/prebuilt-modules/26.5/CoreText.swiftmodule/arm64e-apple-macos.swiftmodule /Users/kristdev/Library/Developer/Xcode/DerivedData/ModuleCache.noindex/launch-9ON7KD8P4GYX3JH4FBMW3ZHIP.pcm /Users/kristdev/Library/Developer/Xcode/DerivedData/ModuleCache.noindex/CUPS-74P1ZK6GN9GI82RY51L5KQHCR.pcm /Users/kristdev/Library/Developer/Xcode/DerivedData/ModuleCache.noindex/_SwiftConcurrencyShims-A1CVBS83XZMEGJLATCRLY7SML.pcm /Users/kristdev/Library/Developer/Xcode/DerivedData/ModuleCache.noindex/Accessibility-EDYSCX2Y1IU6MCEX6LYWL394S.pcm /Users/kristdev/Library/Developer/Xcode/DerivedData/ModuleCache.noindex/os_workgroup-CA8VZJEG8E4BKLOOSR3KRNEPH.pcm /Users/kristdev/Library/Developer/Xcode/DerivedData/ModuleCache.noindex/CFNetwork-1F0FV15YEQQL9JKRKE9CFIS9Q.pcm /Users/kristdev/Library/Developer/Xcode/DerivedData/ModuleCache.noindex/libkern-A577BVSRFYF6A6YILEQ1LXYWD.pcm /Users/kristdev/Library/Developer/Xcode/DerivedData/ModuleCache.noindex/_Builtin_intrinsics-87XS1QQV5VDLOM4YIMQO9062N.pcm /Users/kristdev/Library/Developer/Xcode/DerivedData/ModuleCache.noindex/CoreTransferable-G70RHVT84ZFU4I4KDVNUZBYF.pcm /Users/kristdev/Library/Developer/Xcode/DerivedData/ModuleCache.noindex/_DarwinFoundation2-BB2IUBYKAMC63GYT7WIMD8CGM.pcm /Users/kristdev/Library/Developer/Xcode/DerivedData/ModuleCache.noindex/CoreImage-AN2R8CAJR4B1M6ZWW6HDZ9SYL.pcm /Users/kristdev/Library/Developer/Xcode/DerivedData/ModuleCache.noindex/AppKit-7CADA42F35QCCZYBYEVQ8KEHY.pcm /Users/kristdev/Library/Developer/Xcode/DerivedData/ModuleCache.noindex/XPC-6MREICVY6A5RIV1BVXAH8YPAZ.pcm /Users/kristdev/Library/Developer/Xcode/DerivedData/ModuleCache.noindex/_Builtin_stdbool-6JTQFCWONQMAC898PY62OVSFT.pcm /Users/kristdev/Library/Developer/Xcode/DerivedData/ModuleCache.noindex/_Builtin_float-BJVZWU1K684QUVF473YGVUWTS.pcm /Users/kristdev/Library/Developer/Xcode/DerivedData/ModuleCache.noindex/ColorSync-DXE0A366HACP8QMIHUMVD1A6N.pcm /Users/kristdev/Library/Developer/Xcode/DerivedData/ModuleCache.noindex/DeveloperToolsSupport-993ZOD0GPT5RJMPKA2873QI5V.pcm /Users/kristdev/Library/Developer/Xcode/DerivedData/ModuleCache.noindex/UniformTypeIdentifiers-2RHB5QXG8X3RXDL4RP7W2CBMN.pcm /Users/kristdev/Library/Developer/Xcode/DerivedData/ModuleCache.noindex/ServiceManagement-BYC2NFVUXWTM13H8H2TSHGFKZ.pcm /Users/kristdev/Library/Developer/Xcode/DerivedData/ModuleCache.noindex/_Builtin_limits-7FH7PAW77CS3LO63S6UMPNCJB.pcm /Users/kristdev/Library/Developer/Xcode/DerivedData/ModuleCache.noindex/OSLog-NR0XDLAXFIZL2ETXXRLCIKR3.pcm /Users/kristdev/Library/Developer/Xcode/DerivedData/ModuleCache.noindex/CoreText-1X98RQEMW1FQY9HBX0J2219UY.pcm /Users/kristdev/Library/Developer/Xcode/DerivedData/ModuleCache.noindex/CoreVideo-2Y1T1QG3Y55LRXKLTK8IPN0E3.pcm /Users/kristdev/Library/Developer/Xcode/DerivedData/ModuleCache.noindex/CoreFoundation-AUAMQGXO0F830KP6QBH63O9QV.pcm /Users/kristdev/Library/Developer/Xcode/DerivedData/ModuleCache.noindex/QuartzCore-CB5RL16PSFINO0MS6Q17M74ZO.pcm /Users/kristdev/Library/Developer/Xcode/DerivedData/ModuleCache.noindex/Metal-2YVPHP4K7ZW1V9JDEZQJ6T6AT.pcm /Users/kristdev/Library/Developer/Xcode/DerivedData/ModuleCache.noindex/QuickLook-CZHEUJCBS99SB6EJKYRV4ATYH.pcm /Users/kristdev/Library/Developer/Xcode/DerivedData/ModuleCache.noindex/Accelerate-23T7MQLHT5IPRDFCH5ED6QNCM.pcm /Users/kristdev/Library/Developer/Xcode/DerivedData/ModuleCache.noindex/Carbon-7K533MIP7FJFE51BZUVUDBU1Y.pcm /Users/kristdev/Library/Developer/Xcode/DerivedData/ModuleCache.noindex/CoreGraphics-7N5IQJN3HJTX1VD56EUG5CLBZ.pcm /Users/kristdev/Library/Developer/Xcode/DerivedData/ModuleCache.noindex/sys_types-EG3FSEMA3O36KMZF3KO0V52UQ.pcm /Users/kristdev/Library/Developer/Xcode/DerivedData/ModuleCache.noindex/IOSurface-ESJNCO12R7SR632R17ARZ9VFH.pcm /Users/kristdev/Library/Developer/Xcode/DerivedData/ModuleCache.noindex/SwiftShims-4DMVGY7TUTBTTU191B1JXWYZR.pcm /Users/kristdev/Library/Developer/Xcode/DerivedData/ModuleCache.noindex/MachO-5LK7E1BOFN4W03XUTTKM9CNUQ.pcm /Users/kristdev/Library/Developer/Xcode/DerivedData/ModuleCache.noindex/_DarwinFoundation3-38E9KG7X844CSOP8EH460QJH3.pcm /Users/kristdev/Library/Developer/Xcode/DerivedData/ModuleCache.noindex/IOKit-62I04ZY02DSD8GMYIZTCD87A5.pcm /Users/kristdev/Library/Developer/Xcode/DerivedData/ModuleCache.noindex/_DarwinFoundation1-I5E67KJG2ZONQLD05PFCVQUD.pcm /Users/kristdev/Library/Developer/Xcode/DerivedData/ModuleCache.noindex/Security-18QRK629EX6WC6EOVHYI2RZBM.pcm /Users/kristdev/Library/Developer/Xcode/DerivedData/ModuleCache.noindex/SwiftUICore-5OWNOEXW3TARH9RXIR8FX4MYX.pcm /Users/kristdev/Library/Developer/Xcode/DerivedData/ModuleCache.noindex/CoreServices-985CM8SMA48BHLG3MX61GOQI6.pcm /Users/kristdev/Library/Developer/Xcode/DerivedData/ModuleCache.noindex/Spatial-EMLSNNRBLWPVW0TWT72X4RE3Q.pcm /Users/kristdev/Library/Developer/Xcode/DerivedData/ModuleCache.noindex/_Builtin_inttypes-BN4CYH5H36A3C7TR5Q8T7B7PO.pcm /Users/kristdev/Library/Developer/Xcode/DerivedData/ModuleCache.noindex/libDER-71Z0RUAZ8S3VE306LBK1GRTCO.pcm /Users/kristdev/Library/Developer/Xcode/DerivedData/ModuleCache.noindex/ApplicationServices-U9LOYRPDUWVHM7I0J7XSDUMR.pcm /Users/kristdev/Library/Developer/Xcode/DerivedData/ModuleCache.noindex/LinkPresentation-242LGCX4X3VO7XZQRMFBOT10.pcm /Users/kristdev/Library/Developer/Xcode/DerivedData/ModuleCache.noindex/_Builtin_stdatomic-DAJ89O0IBX4CLIH6T74Q1LQ96.pcm /Users/kristdev/Library/Developer/Xcode/DerivedData/ModuleCache.noindex/OpenGL-3GUJ0A6PXV2U1IEP0AEN9V7ZR.pcm /Users/kristdev/Library/Developer/Xcode/DerivedData/PasteMe-gfhkvbednsnioucroqqwczvibhxt/Build/Intermediates.noindex/SwiftExplicitPrecompiledModules/Sparkle-B3YT8CH6S0X0B2IGKWAEVDLIQ.pcm /Users/kristdev/Library/Developer/Xcode/DerivedData/ModuleCache.noindex/DiskArbitration-96OJNJPOOCFC9BMNV62RAN51P.pcm /Users/kristdev/Library/Developer/Xcode/DerivedData/ModuleCache.noindex/ptrauth-EE45UWK73CX2BMFP26O416UY6.pcm /Users/kristdev/Library/Developer/Xcode/DerivedData/ModuleCache.noindex/_AvailabilityInternal-2GDYA060R0P9IJLKRH5C54EXL.pcm /Users/kristdev/Library/Developer/Xcode/DerivedData/ModuleCache.noindex/os-D8SIJ3BDKUDAO8VU67WLDJ2C3.pcm /Users/kristdev/Library/Developer/Xcode/DerivedData/ModuleCache.noindex/QuickLookUI-HJCRTUML3V28QM7L52T3GWOO.pcm /Users/kristdev/Library/Developer/Xcode/DerivedData/ModuleCache.noindex/Cocoa-EWDDZHE4433C06YIHI1G257V3.pcm /Users/kristdev/Library/Developer/Xcode/DerivedData/ModuleCache.noindex/_Builtin_stddef-16C6GFJV9FPSZB43BKV25FZPE.pcm /Users/kristdev/Library/Developer/Xcode/DerivedData/ModuleCache.noindex/Symbols-88M5YNCSUTXCNGS6FZX3819JN.pcm /Users/kristdev/Library/Developer/Xcode/DerivedData/ModuleCache.noindex/Darwin-2LXQHZP7JWI1KTER1NAEOMLI3.pcm /Users/kristdev/Library/Developer/Xcode/DerivedData/ModuleCache.noindex/os_object-8O0I6IFF2L7NM4RD4QA3AU2WE.pcm /Users/kristdev/Library/Developer/Xcode/DerivedData/ModuleCache.noindex/Dispatch-4ID0CSG6BGTNAOJPIQ0MBPGVM.pcm /Users/kristdev/Library/Developer/Xcode/DerivedData/ModuleCache.noindex/PDFKit-J8B89O8QI7WR2CVCN8EKXDT9.pcm /Users/kristdev/Library/Developer/Xcode/DerivedData/ModuleCache.noindex/Foundation-6KP7B280WL0NMLAAHEKF9SJQE.pcm /Users/kristdev/Library/Developer/Xcode/DerivedData/ModuleCache.noindex/_Builtin_stdint-EGM1NGE0J9WD93TAD2GLFTG3D.pcm /Users/kristdev/Library/Developer/Xcode/DerivedData/ModuleCache.noindex/CoreData-9B97V7ZU9S5IN3BWEQF3C463I.pcm /Users/kristdev/Library/Developer/Xcode/DerivedData/ModuleCache.noindex/simd-C6II1Z1CE98CGGGLXKMP2M4J8.pcm /Users/kristdev/Library/Developer/Xcode/DerivedData/ModuleCache.noindex/ptrcheck-745BC5GE0YXSOXJPEC9D399U.pcm /Users/kristdev/Library/Developer/Xcode/DerivedData/ModuleCache.noindex/_Builtin_stdarg-3A4VSCUWR37TJHADNI48E9SIR.pcm /Users/kristdev/Library/Developer/Xcode/DerivedData/ModuleCache.noindex/SwiftUI-2VZ8RKPGCUS76V57R0YJSL5N5.pcm /Users/kristdev/Library/Developer/Xcode/DerivedData/ModuleCache.noindex/_Builtin_tgmath-730VYK7JD6GSCK08RUD5R18JV.pcm /Users/kristdev/Library/Developer/Xcode/DerivedData/ModuleCache.noindex/ImageIO-DIY0NWGHOCTES1SZPAUCOWBW4.pcm /Users/kristdev/Library/Developer/Xcode/DerivedData/ModuleCache.noindex/DataDetection-1BDMSWZNL4DPO6CYQJBT93OPP.pcm /Users/kristdev/Library/Developer/Xcode/DerivedData/ModuleCache.noindex/ObjectiveC-41XJOZ8JL9GVOL6P9BOPGWF38.pcm /Users/kristdev/Library/Developer/Xcode/DerivedData/PasteMe-gfhkvbednsnioucroqqwczvibhxt/Build/Intermediates.noindex/PasteMe.build/Release/PasteMe.build/Objects-normal/arm64/PasteMe-dependencies-1.json (in target 'PasteMe' from project 'PasteMe')
CompileSwift normal arm64 (in target 'PasteMe' from project 'PasteMe')
    cd /Users/kristdev/Desktop/Tools/open-sources/PasteMe
    
/Users/kristdev/Desktop/Tools/open-sources/PasteMe/PasteMe/Components/SettingsView.swift:139:18: warning: 'onChange(of:perform:)' was deprecated in macOS 14.0: Use `onChange` with a two or zero parameter action closure instead.
                .onChange(of: appTheme) { _ in
                 ^
/Users/kristdev/Desktop/Tools/open-sources/PasteMe/PasteMe/Components/SettingsView.swift:144:18: warning: 'onChange(of:perform:)' was deprecated in macOS 14.0: Use `onChange` with a two or zero parameter action closure instead.
                .onChange(of: showMenuBarIcon) { _ in
                 ^
/Users/kristdev/Desktop/Tools/open-sources/PasteMe/PasteMe/Components/SettingsView.swift:173:18: warning: 'onChange(of:perform:)' was deprecated in macOS 14.0: Use `onChange` with a two or zero parameter action closure instead.
                .onChange(of: toggleHotkeyIndex) { _ in
                 ^
/Users/kristdev/Desktop/Tools/open-sources/PasteMe/PasteMe/Components/SettingsView.swift:183:18: warning: 'onChange(of:perform:)' was deprecated in macOS 14.0: Use `onChange` with a two or zero parameter action closure instead.
                .onChange(of: clearHistoryHotkeyIndex) { _ in
                 ^
/Users/kristdev/Desktop/Tools/open-sources/PasteMe/PasteMe/Managers/HotKeyManager.swift:73:17: warning: variable 'clearKeyCode' was never mutated; consider changing to 'let' constant
            var clearKeyCode: UInt32 = 0x33 // 0x33 = 'Delete'
            ~~~ ^
            let

LinkAssetCatalog /Users/kristdev/Desktop/Tools/open-sources/PasteMe/PasteMe/Assets.xcassets (in target 'PasteMe' from project 'PasteMe')
    cd /Users/kristdev/Desktop/Tools/open-sources/PasteMe
    builtin-linkAssetCatalog --thinned /Users/kristdev/Library/Developer/Xcode/DerivedData/PasteMe-gfhkvbednsnioucroqqwczvibhxt/Build/Intermediates.noindex/PasteMe.build/Release/PasteMe.build/assetcatalog_output/thinned --thinned-dependencies /Users/kristdev/Library/Developer/Xcode/DerivedData/PasteMe-gfhkvbednsnioucroqqwczvibhxt/Build/Intermediates.noindex/PasteMe.build/Release/PasteMe.build/assetcatalog_dependencies_thinned --thinned-info-plist-content /Users/kristdev/Library/Developer/Xcode/DerivedData/PasteMe-gfhkvbednsnioucroqqwczvibhxt/Build/Intermediates.noindex/PasteMe.build/Release/PasteMe.build/assetcatalog_generated_info.plist_thinned --unthinned /Users/kristdev/Library/Developer/Xcode/DerivedData/PasteMe-gfhkvbednsnioucroqqwczvibhxt/Build/Intermediates.noindex/PasteMe.build/Release/PasteMe.build/assetcatalog_output/unthinned --unthinned-dependencies /Users/kristdev/Library/Developer/Xcode/DerivedData/PasteMe-gfhkvbednsnioucroqqwczvibhxt/Build/Intermediates.noindex/PasteMe.build/Release/PasteMe.build/assetcatalog_dependencies_unthinned --unthinned-info-plist-content /Users/kristdev/Library/Developer/Xcode/DerivedData/PasteMe-gfhkvbednsnioucroqqwczvibhxt/Build/Intermediates.noindex/PasteMe.build/Release/PasteMe.build/assetcatalog_generated_info.plist_unthinned --output /Users/kristdev/Library/Developer/Xcode/DerivedData/PasteMe-gfhkvbednsnioucroqqwczvibhxt/Build/Products/Release/PasteMe.app/Contents/Resources --plist-output /Users/kristdev/Library/Developer/Xcode/DerivedData/PasteMe-gfhkvbednsnioucroqqwczvibhxt/Build/Intermediates.noindex/PasteMe.build/Release/PasteMe.build/assetcatalog_generated_info.plist
note: Emplaced /Users/kristdev/Library/Developer/Xcode/DerivedData/PasteMe-gfhkvbednsnioucroqqwczvibhxt/Build/Products/Release/PasteMe.app/Contents/Resources/AppIcon.icns (in target 'PasteMe' from project 'PasteMe')
note: Emplaced /Users/kristdev/Library/Developer/Xcode/DerivedData/PasteMe-gfhkvbednsnioucroqqwczvibhxt/Build/Products/Release/PasteMe.app/Contents/Resources/Assets.car (in target 'PasteMe' from project 'PasteMe')

ProcessInfoPlistFile /Users/kristdev/Library/Developer/Xcode/DerivedData/PasteMe-gfhkvbednsnioucroqqwczvibhxt/Build/Products/Release/PasteMe.app/Contents/Info.plist /Users/kristdev/Desktop/Tools/open-sources/PasteMe/PasteMe-Info.plist (in target 'PasteMe' from project 'PasteMe')
    cd /Users/kristdev/Desktop/Tools/open-sources/PasteMe
    builtin-infoPlistUtility /Users/kristdev/Desktop/Tools/open-sources/PasteMe/PasteMe-Info.plist -producttype com.apple.product-type.application -genpkginfo /Users/kristdev/Library/Developer/Xcode/DerivedData/PasteMe-gfhkvbednsnioucroqqwczvibhxt/Build/Products/Release/PasteMe.app/Contents/PkgInfo -expandbuildsettings -platform macosx -additionalcontentfile /Users/kristdev/Library/Developer/Xcode/DerivedData/PasteMe-gfhkvbednsnioucroqqwczvibhxt/Build/Intermediates.noindex/PasteMe.build/Release/PasteMe.build/assetcatalog_generated_info.plist -scanforprivacyfile /Users/kristdev/Library/Developer/Xcode/DerivedData/PasteMe-gfhkvbednsnioucroqqwczvibhxt/Build/Products/Release/PasteMe.app/Contents/Frameworks/Sparkle.framework -o /Users/kristdev/Library/Developer/Xcode/DerivedData/PasteMe-gfhkvbednsnioucroqqwczvibhxt/Build/Products/Release/PasteMe.app/Contents/Info.plist

SwiftDriverJobDiscovery normal arm64 Compiling AppTheme.swift, DraggableItemCard.swift, FloatingPanel.swift, ItemCard.swift, SettingsView.swift, SharedExtensions.swift, ClipboardManager.swift, ClipboardViewModel.swift, HotKeyManager.swift, KeyboardHelper.swift, LaunchManager.swift, QuickLookController.swift, ClipItem.swift, Item.swift, Updater.swift, AppDelegate.swift, ContentView.swift, PasteMeApp.swift, GeneratedAssetSymbols.swift (in target 'PasteMe' from project 'PasteMe')

SwiftDriver\ Compilation\ Requirements PasteMe normal arm64 com.apple.xcode.tools.swift.compiler (in target 'PasteMe' from project 'PasteMe')
    cd /Users/kristdev/Desktop/Tools/open-sources/PasteMe
    builtin-Swift-Compilation-Requirements -- /Applications/Xcode.app/Contents/Developer/Toolchains/XcodeDefault.xctoolchain/usr/bin/swiftc -module-name PasteMe -O -whole-module-optimization @/Users/kristdev/Library/Developer/Xcode/DerivedData/PasteMe-gfhkvbednsnioucroqqwczvibhxt/Build/Intermediates.noindex/PasteMe.build/Release/PasteMe.build/Objects-normal/arm64/PasteMe.SwiftFileList -default-isolation\=MainActor -enable-bare-slash-regex -enable-upcoming-feature DisableOutwardActorInference -enable-upcoming-feature InferSendableFromCaptures -enable-upcoming-feature GlobalActorIsolatedTypesUsability -enable-upcoming-feature MemberImportVisibility -enable-upcoming-feature InferIsolatedConformances -enable-upcoming-feature NonisolatedNonsendingByDefault -enable-experimental-feature DebugDescriptionMacro -sdk /Applications/Xcode.app/Contents/Developer/Platforms/MacOSX.platform/Developer/SDKs/MacOSX26.5.sdk -target arm64-apple-macos14.0 -g -module-cache-path /Users/kristdev/Library/Developer/Xcode/DerivedData/ModuleCache.noindex -Xfrontend -serialize-debugging-options -swift-version 5 -I /Users/kristdev/Library/Developer/Xcode/DerivedData/PasteMe-gfhkvbednsnioucroqqwczvibhxt/Build/Products/Release -F /Users/kristdev/Library/Developer/Xcode/DerivedData/PasteMe-gfhkvbednsnioucroqqwczvibhxt/Build/Products/Release -emit-localized-strings -emit-localized-strings-path /Users/kristdev/Library/Developer/Xcode/DerivedData/PasteMe-gfhkvbednsnioucroqqwczvibhxt/Build/Intermediates.noindex/PasteMe.build/Release/PasteMe.build/Objects-normal/arm64 -c -num-threads 12 -Xcc -ivfsstatcache -Xcc /Users/kristdev/Library/Developer/Xcode/DerivedData/SDKStatCaches.noindex/macosx26.5-25F70-e082c4a02f00227109f4ed75e425c832.sdkstatcache -output-file-map /Users/kristdev/Library/Developer/Xcode/DerivedData/PasteMe-gfhkvbednsnioucroqqwczvibhxt/Build/Intermediates.noindex/PasteMe.build/Release/PasteMe.build/Objects-normal/arm64/PasteMe-OutputFileMap.json -use-frontend-parseable-output -save-temps -no-color-diagnostics -explicit-module-build -module-cache-path /Users/kristdev/Library/Developer/Xcode/DerivedData/PasteMe-gfhkvbednsnioucroqqwczvibhxt/Build/Intermediates.noindex/SwiftExplicitPrecompiledModules -clang-scanner-module-cache-path /Users/kristdev/Library/Developer/Xcode/DerivedData/ModuleCache.noindex -sdk-module-cache-path /Users/kristdev/Library/Developer/Xcode/DerivedData/ModuleCache.noindex -serialize-diagnostics -emit-dependencies -emit-module -emit-module-path /Users/kristdev/Library/Developer/Xcode/DerivedData/PasteMe-gfhkvbednsnioucroqqwczvibhxt/Build/Intermediates.noindex/PasteMe.build/Release/PasteMe.build/Objects-normal/arm64/PasteMe.swiftmodule -validate-clang-modules-once -clang-build-session-file /Users/kristdev/Library/Developer/Xcode/DerivedData/ModuleCache.noindex/Session.modulevalidation -Xcc -I/Users/kristdev/Library/Developer/Xcode/DerivedData/PasteMe-gfhkvbednsnioucroqqwczvibhxt/Build/Intermediates.noindex/PasteMe.build/Release/PasteMe.build/swift-overrides.hmap -emit-const-values -Xfrontend -const-gather-protocols-file -Xfrontend /Users/kristdev/Library/Developer/Xcode/DerivedData/PasteMe-gfhkvbednsnioucroqqwczvibhxt/Build/Intermediates.noindex/PasteMe.build/Release/PasteMe.build/Objects-normal/arm64/PasteMe_const_extract_protocols.json -Xcc -iquote -Xcc /Users/kristdev/Library/Developer/Xcode/DerivedData/PasteMe-gfhkvbednsnioucroqqwczvibhxt/Build/Intermediates.noindex/PasteMe.build/Release/PasteMe.build/PasteMe-generated-files.hmap -Xcc -I/Users/kristdev/Library/Developer/Xcode/DerivedData/PasteMe-gfhkvbednsnioucroqqwczvibhxt/Build/Intermediates.noindex/PasteMe.build/Release/PasteMe.build/PasteMe-own-target-headers.hmap -Xcc -I/Users/kristdev/Library/Developer/Xcode/DerivedData/PasteMe-gfhkvbednsnioucroqqwczvibhxt/Build/Intermediates.noindex/PasteMe.build/Release/PasteMe.build/PasteMe-all-target-headers.hmap -Xcc -iquote -Xcc /Users/kristdev/Library/Developer/Xcode/DerivedData/PasteMe-gfhkvbednsnioucroqqwczvibhxt/Build/Intermediates.noindex/PasteMe.build/Release/PasteMe.build/PasteMe-project-headers.hmap -Xcc -I/Users/kristdev/Library/Developer/Xcode/DerivedData/PasteMe-gfhkvbednsnioucroqqwczvibhxt/Build/Products/Release/include -Xcc -I/Users/kristdev/Library/Developer/Xcode/DerivedData/PasteMe-gfhkvbednsnioucroqqwczvibhxt/Build/Intermediates.noindex/PasteMe.build/Release/PasteMe.build/DerivedSources-normal/arm64 -Xcc -I/Users/kristdev/Library/Developer/Xcode/DerivedData/PasteMe-gfhkvbednsnioucroqqwczvibhxt/Build/Intermediates.noindex/PasteMe.build/Release/PasteMe.build/DerivedSources/arm64 -Xcc -I/Users/kristdev/Library/Developer/Xcode/DerivedData/PasteMe-gfhkvbednsnioucroqqwczvibhxt/Build/Intermediates.noindex/PasteMe.build/Release/PasteMe.build/DerivedSources -emit-objc-header -emit-objc-header-path /Users/kristdev/Library/Developer/Xcode/DerivedData/PasteMe-gfhkvbednsnioucroqqwczvibhxt/Build/Intermediates.noindex/PasteMe.build/Release/PasteMe.build/Objects-normal/arm64/PasteMe-Swift.h -working-directory /Users/kristdev/Desktop/Tools/open-sources/PasteMe -no-emit-module-separately-wmo

SwiftMergeGeneratedHeaders /Users/kristdev/Library/Developer/Xcode/DerivedData/PasteMe-gfhkvbednsnioucroqqwczvibhxt/Build/Intermediates.noindex/PasteMe.build/Release/PasteMe.build/DerivedSources/PasteMe-Swift.h /Users/kristdev/Library/Developer/Xcode/DerivedData/PasteMe-gfhkvbednsnioucroqqwczvibhxt/Build/Intermediates.noindex/PasteMe.build/Release/PasteMe.build/Objects-normal/arm64/PasteMe-Swift.h (in target 'PasteMe' from project 'PasteMe')
    cd /Users/kristdev/Desktop/Tools/open-sources/PasteMe
    builtin-swiftHeaderTool -arch arm64 /Users/kristdev/Library/Developer/Xcode/DerivedData/PasteMe-gfhkvbednsnioucroqqwczvibhxt/Build/Intermediates.noindex/PasteMe.build/Release/PasteMe.build/Objects-normal/arm64/PasteMe-Swift.h -o /Users/kristdev/Library/Developer/Xcode/DerivedData/PasteMe-gfhkvbednsnioucroqqwczvibhxt/Build/Intermediates.noindex/PasteMe.build/Release/PasteMe.build/DerivedSources/PasteMe-Swift.h

Copy /Users/kristdev/Library/Developer/Xcode/DerivedData/PasteMe-gfhkvbednsnioucroqqwczvibhxt/Build/Products/Release/PasteMe.swiftmodule/arm64-apple-macos.swiftmodule /Users/kristdev/Library/Developer/Xcode/DerivedData/PasteMe-gfhkvbednsnioucroqqwczvibhxt/Build/Intermediates.noindex/PasteMe.build/Release/PasteMe.build/Objects-normal/arm64/PasteMe.swiftmodule (in target 'PasteMe' from project 'PasteMe')
    cd /Users/kristdev/Desktop/Tools/open-sources/PasteMe
    builtin-copy -exclude .DS_Store -exclude CVS -exclude .svn -exclude .git -exclude .hg -resolve-src-symlinks -rename /Users/kristdev/Library/Developer/Xcode/DerivedData/PasteMe-gfhkvbednsnioucroqqwczvibhxt/Build/Intermediates.noindex/PasteMe.build/Release/PasteMe.build/Objects-normal/arm64/PasteMe.swiftmodule /Users/kristdev/Library/Developer/Xcode/DerivedData/PasteMe-gfhkvbednsnioucroqqwczvibhxt/Build/Products/Release/PasteMe.swiftmodule/arm64-apple-macos.swiftmodule

Copy /Users/kristdev/Library/Developer/Xcode/DerivedData/PasteMe-gfhkvbednsnioucroqqwczvibhxt/Build/Products/Release/PasteMe.swiftmodule/arm64-apple-macos.swiftdoc /Users/kristdev/Library/Developer/Xcode/DerivedData/PasteMe-gfhkvbednsnioucroqqwczvibhxt/Build/Intermediates.noindex/PasteMe.build/Release/PasteMe.build/Objects-normal/arm64/PasteMe.swiftdoc (in target 'PasteMe' from project 'PasteMe')
    cd /Users/kristdev/Desktop/Tools/open-sources/PasteMe
    builtin-copy -exclude .DS_Store -exclude CVS -exclude .svn -exclude .git -exclude .hg -resolve-src-symlinks -rename /Users/kristdev/Library/Developer/Xcode/DerivedData/PasteMe-gfhkvbednsnioucroqqwczvibhxt/Build/Intermediates.noindex/PasteMe.build/Release/PasteMe.build/Objects-normal/arm64/PasteMe.swiftdoc /Users/kristdev/Library/Developer/Xcode/DerivedData/PasteMe-gfhkvbednsnioucroqqwczvibhxt/Build/Products/Release/PasteMe.swiftmodule/arm64-apple-macos.swiftdoc

Copy /Users/kristdev/Library/Developer/Xcode/DerivedData/PasteMe-gfhkvbednsnioucroqqwczvibhxt/Build/Products/Release/PasteMe.swiftmodule/arm64-apple-macos.abi.json /Users/kristdev/Library/Developer/Xcode/DerivedData/PasteMe-gfhkvbednsnioucroqqwczvibhxt/Build/Intermediates.noindex/PasteMe.build/Release/PasteMe.build/Objects-normal/arm64/PasteMe.abi.json (in target 'PasteMe' from project 'PasteMe')
    cd /Users/kristdev/Desktop/Tools/open-sources/PasteMe
    builtin-copy -exclude .DS_Store -exclude CVS -exclude .svn -exclude .git -exclude .hg -resolve-src-symlinks -rename /Users/kristdev/Library/Developer/Xcode/DerivedData/PasteMe-gfhkvbednsnioucroqqwczvibhxt/Build/Intermediates.noindex/PasteMe.build/Release/PasteMe.build/Objects-normal/arm64/PasteMe.abi.json /Users/kristdev/Library/Developer/Xcode/DerivedData/PasteMe-gfhkvbednsnioucroqqwczvibhxt/Build/Products/Release/PasteMe.swiftmodule/arm64-apple-macos.abi.json

Copy /Users/kristdev/Library/Developer/Xcode/DerivedData/PasteMe-gfhkvbednsnioucroqqwczvibhxt/Build/Products/Release/PasteMe.swiftmodule/Project/arm64-apple-macos.swiftsourceinfo /Users/kristdev/Library/Developer/Xcode/DerivedData/PasteMe-gfhkvbednsnioucroqqwczvibhxt/Build/Intermediates.noindex/PasteMe.build/Release/PasteMe.build/Objects-normal/arm64/PasteMe.swiftsourceinfo (in target 'PasteMe' from project 'PasteMe')
    cd /Users/kristdev/Desktop/Tools/open-sources/PasteMe
    builtin-copy -exclude .DS_Store -exclude CVS -exclude .svn -exclude .git -exclude .hg -resolve-src-symlinks -rename /Users/kristdev/Library/Developer/Xcode/DerivedData/PasteMe-gfhkvbednsnioucroqqwczvibhxt/Build/Intermediates.noindex/PasteMe.build/Release/PasteMe.build/Objects-normal/arm64/PasteMe.swiftsourceinfo /Users/kristdev/Library/Developer/Xcode/DerivedData/PasteMe-gfhkvbednsnioucroqqwczvibhxt/Build/Products/Release/PasteMe.swiftmodule/Project/arm64-apple-macos.swiftsourceinfo

Ld /Users/kristdev/Library/Developer/Xcode/DerivedData/PasteMe-gfhkvbednsnioucroqqwczvibhxt/Build/Products/Release/PasteMe.app/Contents/MacOS/PasteMe normal (in target 'PasteMe' from project 'PasteMe')
    cd /Users/kristdev/Desktop/Tools/open-sources/PasteMe
    /Applications/Xcode.app/Contents/Developer/Toolchains/XcodeDefault.xctoolchain/usr/bin/clang -Xlinker -reproducible -target arm64-apple-macos14.0 -isysroot /Applications/Xcode.app/Contents/Developer/Platforms/MacOSX.platform/Developer/SDKs/MacOSX26.5.sdk -Os -L/Users/kristdev/Library/Developer/Xcode/DerivedData/PasteMe-gfhkvbednsnioucroqqwczvibhxt/Build/Intermediates.noindex/EagerLinkingTBDs/Release -L/Users/kristdev/Library/Developer/Xcode/DerivedData/PasteMe-gfhkvbednsnioucroqqwczvibhxt/Build/Products/Release -F/Users/kristdev/Library/Developer/Xcode/DerivedData/PasteMe-gfhkvbednsnioucroqqwczvibhxt/Build/Intermediates.noindex/EagerLinkingTBDs/Release -F/Users/kristdev/Library/Developer/Xcode/DerivedData/PasteMe-gfhkvbednsnioucroqqwczvibhxt/Build/Products/Release -filelist /Users/kristdev/Library/Developer/Xcode/DerivedData/PasteMe-gfhkvbednsnioucroqqwczvibhxt/Build/Intermediates.noindex/PasteMe.build/Release/PasteMe.build/Objects-normal/arm64/PasteMe.LinkFileList -Xlinker -rpath -Xlinker /usr/lib/swift -Xlinker -rpath -Xlinker @executable_path/../Frameworks -Xlinker -object_path_lto -Xlinker /Users/kristdev/Library/Developer/Xcode/DerivedData/PasteMe-gfhkvbednsnioucroqqwczvibhxt/Build/Intermediates.noindex/PasteMe.build/Release/PasteMe.build/Objects-normal/arm64/PasteMe_lto.o -Xlinker -dependency_info -Xlinker /Users/kristdev/Library/Developer/Xcode/DerivedData/PasteMe-gfhkvbednsnioucroqqwczvibhxt/Build/Intermediates.noindex/PasteMe.build/Release/PasteMe.build/Objects-normal/arm64/PasteMe_dependency_info.dat -fobjc-link-runtime -L/Applications/Xcode.app/Contents/Developer/Toolchains/XcodeDefault.xctoolchain/usr/lib/swift/macosx -L/usr/lib/swift -Xlinker -add_ast_path -Xlinker /Users/kristdev/Library/Developer/Xcode/DerivedData/PasteMe-gfhkvbednsnioucroqqwczvibhxt/Build/Intermediates.noindex/PasteMe.build/Release/PasteMe.build/Objects-normal/arm64/PasteMe.swiftmodule @/Users/kristdev/Library/Developer/Xcode/DerivedData/PasteMe-gfhkvbednsnioucroqqwczvibhxt/Build/Intermediates.noindex/PasteMe.build/Release/PasteMe.build/Objects-normal/arm64/PasteMe-linker-args.resp -framework Sparkle -Xlinker -no_adhoc_codesign -o /Users/kristdev/Library/Developer/Xcode/DerivedData/PasteMe-gfhkvbednsnioucroqqwczvibhxt/Build/Products/Release/PasteMe.app/Contents/MacOS/PasteMe

CopySwiftLibs /Users/kristdev/Library/Developer/Xcode/DerivedData/PasteMe-gfhkvbednsnioucroqqwczvibhxt/Build/Products/Release/PasteMe.app (in target 'PasteMe' from project 'PasteMe')
    cd /Users/kristdev/Desktop/Tools/open-sources/PasteMe
    builtin-swiftStdLibTool --copy --verbose --sign 61899A1CB50FFB2F5041FBF2D2EE7D5631609CDF --scan-executable /Users/kristdev/Library/Developer/Xcode/DerivedData/PasteMe-gfhkvbednsnioucroqqwczvibhxt/Build/Products/Release/PasteMe.app/Contents/MacOS/PasteMe --scan-folder /Users/kristdev/Library/Developer/Xcode/DerivedData/PasteMe-gfhkvbednsnioucroqqwczvibhxt/Build/Products/Release/PasteMe.app/Contents/Frameworks --scan-folder /Users/kristdev/Library/Developer/Xcode/DerivedData/PasteMe-gfhkvbednsnioucroqqwczvibhxt/Build/Products/Release/PasteMe.app/Contents/PlugIns --scan-folder /Users/kristdev/Library/Developer/Xcode/DerivedData/PasteMe-gfhkvbednsnioucroqqwczvibhxt/Build/Products/Release/PasteMe.app/Contents/Library/SystemExtensions --scan-folder /Users/kristdev/Library/Developer/Xcode/DerivedData/PasteMe-gfhkvbednsnioucroqqwczvibhxt/Build/Products/Release/PasteMe.app/Contents/Extensions --platform macosx --toolchain /Applications/Xcode.app/Contents/Developer/Toolchains/XcodeDefault.xctoolchain --destination /Users/kristdev/Library/Developer/Xcode/DerivedData/PasteMe-gfhkvbednsnioucroqqwczvibhxt/Build/Products/Release/PasteMe.app/Contents/Frameworks --strip-bitcode --strip-bitcode-tool /Applications/Xcode.app/Contents/Developer/Toolchains/XcodeDefault.xctoolchain/usr/bin/bitcode_strip --emit-dependency-info /Users/kristdev/Library/Developer/Xcode/DerivedData/PasteMe-gfhkvbednsnioucroqqwczvibhxt/Build/Intermediates.noindex/PasteMe.build/Release/PasteMe.build/SwiftStdLibToolInputDependencies.dep --filter-for-swift-os --back-deploy-swift-span

ExtractAppIntentsMetadata (in target 'PasteMe' from project 'PasteMe')
    cd /Users/kristdev/Desktop/Tools/open-sources/PasteMe
    /Applications/Xcode.app/Contents/Developer/Toolchains/XcodeDefault.xctoolchain/usr/bin/appintentsmetadataprocessor --toolchain-dir /Applications/Xcode.app/Contents/Developer/Toolchains/XcodeDefault.xctoolchain --module-name PasteMe --sdk-root /Applications/Xcode.app/Contents/Developer/Platforms/MacOSX.platform/Developer/SDKs/MacOSX26.5.sdk --xcode-version 17F42 --platform-family macOS --deployment-target 14.0 --bundle-identifier com.kristdev.PasteMe --output /Users/kristdev/Library/Developer/Xcode/DerivedData/PasteMe-gfhkvbednsnioucroqqwczvibhxt/Build/Products/Release/PasteMe.app/Contents/Resources --target-triple arm64-apple-macos14.0 --binary-file /Users/kristdev/Library/Developer/Xcode/DerivedData/PasteMe-gfhkvbednsnioucroqqwczvibhxt/Build/Products/Release/PasteMe.app/Contents/MacOS/PasteMe --dependency-file /Users/kristdev/Library/Developer/Xcode/DerivedData/PasteMe-gfhkvbednsnioucroqqwczvibhxt/Build/Intermediates.noindex/PasteMe.build/Release/PasteMe.build/Objects-normal/arm64/PasteMe_dependency_info.dat --stringsdata-file /Users/kristdev/Library/Developer/Xcode/DerivedData/PasteMe-gfhkvbednsnioucroqqwczvibhxt/Build/Intermediates.noindex/PasteMe.build/Release/PasteMe.build/Objects-normal/arm64/ExtractedAppShortcutsMetadata.stringsdata --source-file-list /Users/kristdev/Library/Developer/Xcode/DerivedData/PasteMe-gfhkvbednsnioucroqqwczvibhxt/Build/Intermediates.noindex/PasteMe.build/Release/PasteMe.build/Objects-normal/arm64/PasteMe.SwiftFileList --metadata-file-list /Users/kristdev/Library/Developer/Xcode/DerivedData/PasteMe-gfhkvbednsnioucroqqwczvibhxt/Build/Intermediates.noindex/PasteMe.build/Release/PasteMe.build/PasteMe.DependencyMetadataFileList --static-metadata-file-list /Users/kristdev/Library/Developer/Xcode/DerivedData/PasteMe-gfhkvbednsnioucroqqwczvibhxt/Build/Intermediates.noindex/PasteMe.build/Release/PasteMe.build/PasteMe.DependencyStaticMetadataFileList --swift-const-vals-list /Users/kristdev/Library/Developer/Xcode/DerivedData/PasteMe-gfhkvbednsnioucroqqwczvibhxt/Build/Intermediates.noindex/PasteMe.build/Release/PasteMe.build/Objects-normal/arm64/PasteMe.SwiftConstValuesFileList --compile-time-extraction --deployment-aware-processing --validate-assistant-intents --no-app-shortcuts-localization
2026-06-06 04:33:06.308 appintentsmetadataprocessor[50173:11618345] Starting appintentsmetadataprocessor export
2026-06-06 04:33:06.312 appintentsmetadataprocessor[50173:11618345] warning: Metadata extraction skipped. No AppIntents.framework dependency found.

GenerateDSYMFile /Users/kristdev/Library/Developer/Xcode/DerivedData/PasteMe-gfhkvbednsnioucroqqwczvibhxt/Build/Products/Release/PasteMe.app.dSYM /Users/kristdev/Library/Developer/Xcode/DerivedData/PasteMe-gfhkvbednsnioucroqqwczvibhxt/Build/Products/Release/PasteMe.app/Contents/MacOS/PasteMe (in target 'PasteMe' from project 'PasteMe')
    cd /Users/kristdev/Desktop/Tools/open-sources/PasteMe
    /Applications/Xcode.app/Contents/Developer/Toolchains/XcodeDefault.xctoolchain/usr/bin/dsymutil /Users/kristdev/Library/Developer/Xcode/DerivedData/PasteMe-gfhkvbednsnioucroqqwczvibhxt/Build/Products/Release/PasteMe.app/Contents/MacOS/PasteMe -o /Users/kristdev/Library/Developer/Xcode/DerivedData/PasteMe-gfhkvbednsnioucroqqwczvibhxt/Build/Products/Release/PasteMe.app.dSYM

CodeSign /Users/kristdev/Library/Developer/Xcode/DerivedData/PasteMe-gfhkvbednsnioucroqqwczvibhxt/Build/Products/Release/PasteMe.app (in target 'PasteMe' from project 'PasteMe')
    cd /Users/kristdev/Desktop/Tools/open-sources/PasteMe
    
    Signing Identity:     "Apple Development: Vo Chi Khanh (2BMZMX95V3)"
    
    /usr/bin/codesign --force --sign 61899A1CB50FFB2F5041FBF2D2EE7D5631609CDF --entitlements /Users/kristdev/Library/Developer/Xcode/DerivedData/PasteMe-gfhkvbednsnioucroqqwczvibhxt/Build/Intermediates.noindex/PasteMe.build/Release/PasteMe.build/PasteMe.app.xcent --timestamp\=none --generate-entitlement-der /Users/kristdev/Library/Developer/Xcode/DerivedData/PasteMe-gfhkvbednsnioucroqqwczvibhxt/Build/Products/Release/PasteMe.app

RegisterExecutionPolicyException /Users/kristdev/Library/Developer/Xcode/DerivedData/PasteMe-gfhkvbednsnioucroqqwczvibhxt/Build/Products/Release/PasteMe.app (in target 'PasteMe' from project 'PasteMe')
    cd /Users/kristdev/Desktop/Tools/open-sources/PasteMe
    builtin-RegisterExecutionPolicyException /Users/kristdev/Library/Developer/Xcode/DerivedData/PasteMe-gfhkvbednsnioucroqqwczvibhxt/Build/Products/Release/PasteMe.app

Validate /Users/kristdev/Library/Developer/Xcode/DerivedData/PasteMe-gfhkvbednsnioucroqqwczvibhxt/Build/Products/Release/PasteMe.app (in target 'PasteMe' from project 'PasteMe')
    cd /Users/kristdev/Desktop/Tools/open-sources/PasteMe
    builtin-validationUtility /Users/kristdev/Library/Developer/Xcode/DerivedData/PasteMe-gfhkvbednsnioucroqqwczvibhxt/Build/Products/Release/PasteMe.app -no-validate-extension -infoplist-subpath Contents/Info.plist

Touch /Users/kristdev/Library/Developer/Xcode/DerivedData/PasteMe-gfhkvbednsnioucroqqwczvibhxt/Build/Products/Release/PasteMe.app (in target 'PasteMe' from project 'PasteMe')
    cd /Users/kristdev/Desktop/Tools/open-sources/PasteMe
    /usr/bin/touch -c /Users/kristdev/Library/Developer/Xcode/DerivedData/PasteMe-gfhkvbednsnioucroqqwczvibhxt/Build/Products/Release/PasteMe.app

RegisterWithLaunchServices /Users/kristdev/Library/Developer/Xcode/DerivedData/PasteMe-gfhkvbednsnioucroqqwczvibhxt/Build/Products/Release/PasteMe.app (in target 'PasteMe' from project 'PasteMe')
    cd /Users/kristdev/Desktop/Tools/open-sources/PasteMe
    /System/Library/Frameworks/CoreServices.framework/Versions/Current/Frameworks/LaunchServices.framework/Versions/Current/Support/lsregister -f -R -trusted /Users/kristdev/Library/Developer/Xcode/DerivedData/PasteMe-gfhkvbednsnioucroqqwczvibhxt/Build/Products/Release/PasteMe.app

** BUILD SUCCEEDED **

