Command line invocation:
    /Applications/Xcode.app/Contents/Developer/usr/bin/xcodebuild build -scheme PasteMe -configuration Release MACOSX_DEPLOYMENT_TARGET=26.0

Build settings from command line:
    MACOSX_DEPLOYMENT_TARGET = 26.0

Resolve Package Graph


Resolved source packages:
  Sparkle: https://github.com/sparkle-project/Sparkle @ 2.9.0-beta.2

--- xcodebuild: WARNING: Using the first of multiple matching destinations:
{ platform:macOS, arch:arm64, id:00006020-0006602E3A6B401E, name:My Mac }
{ platform:macOS, arch:x86_64, id:00006020-0006602E3A6B401E, name:My Mac }
{ platform:macOS, name:Any Mac }
ComputePackagePrebuildTargetDependencyGraph

Prepare packages

CreateBuildRequest

SendProjectDescription

CreateBuildOperation

ComputeTargetDependencyGraph
note: Building targets in dependency order
note: Target dependency graph (2 targets)
    Target 'PasteMe' in project 'PasteMe'
        ➜ Explicit dependency on target 'Sparkle' in project 'Sparkle'
    Target 'Sparkle' in project 'Sparkle' (no dependencies)

GatherProvisioningInputs

CreateBuildDescription

ExecuteExternalTool /Applications/Xcode.app/Contents/Developer/Toolchains/XcodeDefault.xctoolchain/usr/bin/clang -v -E -dM -isysroot /Applications/Xcode.app/Contents/Developer/Platforms/MacOSX.platform/Developer/SDKs/MacOSX26.5.sdk -x c -c /dev/null

ExecuteExternalTool /Applications/Xcode.app/Contents/Developer/usr/bin/actool --version --output-format xml1

ExecuteExternalTool /Applications/Xcode.app/Contents/Developer/Toolchains/XcodeDefault.xctoolchain/usr/bin/swiftc --version

ExecuteExternalTool /Applications/Xcode.app/Contents/Developer/Toolchains/XcodeDefault.xctoolchain/usr/bin/ld -version_details

Build description signature: e9d04db320eb43c5eac2e46f3491ce63
Build description path: /Users/kristdev/Library/Developer/Xcode/DerivedData/PasteMe-gfhkvbednsnioucroqqwczvibhxt/Build/Intermediates.noindex/XCBuildData/e9d04db320eb43c5eac2e46f3491ce63.xcbuilddata
ClangStatCache /Applications/Xcode.app/Contents/Developer/Toolchains/XcodeDefault.xctoolchain/usr/bin/clang-stat-cache /Applications/Xcode.app/Contents/Developer/Platforms/MacOSX.platform/Developer/SDKs/MacOSX26.5.sdk /Users/kristdev/Library/Developer/Xcode/DerivedData/SDKStatCaches.noindex/macosx26.5-25F70-e082c4a02f00227109f4ed75e425c832.sdkstatcache
    cd /Users/kristdev/Desktop/Tools/open-sources/PasteMe/PasteMe.xcodeproj
    /Applications/Xcode.app/Contents/Developer/Toolchains/XcodeDefault.xctoolchain/usr/bin/clang-stat-cache /Applications/Xcode.app/Contents/Developer/Platforms/MacOSX.platform/Developer/SDKs/MacOSX26.5.sdk -o /Users/kristdev/Library/Developer/Xcode/DerivedData/SDKStatCaches.noindex/macosx26.5-25F70-e082c4a02f00227109f4ed75e425c832.sdkstatcache

GenerateAssetSymbols /Users/kristdev/Desktop/Tools/open-sources/PasteMe/PasteMe/Assets.xcassets (in target 'PasteMe' from project 'PasteMe')
    cd /Users/kristdev/Desktop/Tools/open-sources/PasteMe
    /Applications/Xcode.app/Contents/Developer/usr/bin/actool /Users/kristdev/Desktop/Tools/open-sources/PasteMe/PasteMe/Assets.xcassets --compile /Users/kristdev/Library/Developer/Xcode/DerivedData/PasteMe-gfhkvbednsnioucroqqwczvibhxt/Build/Products/Release/PasteMe.app/Contents/Resources --output-format human-readable-text --notices --warnings --export-dependency-info /Users/kristdev/Library/Developer/Xcode/DerivedData/PasteMe-gfhkvbednsnioucroqqwczvibhxt/Build/Intermediates.noindex/PasteMe.build/Release/PasteMe.build/assetcatalog_dependencies --output-partial-info-plist /Users/kristdev/Library/Developer/Xcode/DerivedData/PasteMe-gfhkvbednsnioucroqqwczvibhxt/Build/Intermediates.noindex/PasteMe.build/Release/PasteMe.build/assetcatalog_generated_info.plist --app-icon AppIcon --accent-color AccentColor --enable-on-demand-resources NO --development-region en --target-device mac --minimum-deployment-target 26.0 --platform macosx --bundle-identifier com.kristdev.PasteMe --generate-swift-asset-symbols /Users/kristdev/Library/Developer/Xcode/DerivedData/PasteMe-gfhkvbednsnioucroqqwczvibhxt/Build/Intermediates.noindex/PasteMe.build/Release/PasteMe.build/DerivedSources/GeneratedAssetSymbols.swift --generate-objc-asset-symbols /Users/kristdev/Library/Developer/Xcode/DerivedData/PasteMe-gfhkvbednsnioucroqqwczvibhxt/Build/Intermediates.noindex/PasteMe.build/Release/PasteMe.build/DerivedSources/GeneratedAssetSymbols.h --generate-asset-symbol-index /Users/kristdev/Library/Developer/Xcode/DerivedData/PasteMe-gfhkvbednsnioucroqqwczvibhxt/Build/Intermediates.noindex/PasteMe.build/Release/PasteMe.build/DerivedSources/GeneratedAssetSymbols-Index.plist

Copy /Users/kristdev/Library/Developer/Xcode/DerivedData/PasteMe-gfhkvbednsnioucroqqwczvibhxt/Build/Products/Release/PasteMe.app/Contents/Frameworks/Sparkle.framework /Users/kristdev/Library/Developer/Xcode/DerivedData/PasteMe-gfhkvbednsnioucroqqwczvibhxt/SourcePackages/artifacts/sparkle/Sparkle/Sparkle.xcframework/macos-arm64_x86_64/Sparkle.framework (in target 'PasteMe' from project 'PasteMe')
    cd /Users/kristdev/Desktop/Tools/open-sources/PasteMe
    builtin-copy -exclude .DS_Store -exclude CVS -exclude .svn -exclude .git -exclude .hg -exclude Headers -exclude PrivateHeaders -exclude Modules -exclude \*.tbd -resolve-src-symlinks -remove-static-executable /Users/kristdev/Library/Developer/Xcode/DerivedData/PasteMe-gfhkvbednsnioucroqqwczvibhxt/SourcePackages/artifacts/sparkle/Sparkle/Sparkle.xcframework/macos-arm64_x86_64/Sparkle.framework /Users/kristdev/Library/Developer/Xcode/DerivedData/PasteMe-gfhkvbednsnioucroqqwczvibhxt/Build/Products/Release/PasteMe.app/Contents/Frameworks
error: You don’t have permission to save the file “Sparkle.framework” in the folder “Frameworks”. (in target 'PasteMe' from project 'PasteMe')

CompileAssetCatalogVariant thinned /Users/kristdev/Library/Developer/Xcode/DerivedData/PasteMe-gfhkvbednsnioucroqqwczvibhxt/Build/Products/Release/PasteMe.app/Contents/Resources /Users/kristdev/Desktop/Tools/open-sources/PasteMe/PasteMe/Assets.xcassets (in target 'PasteMe' from project 'PasteMe')
    cd /Users/kristdev/Desktop/Tools/open-sources/PasteMe
    /Applications/Xcode.app/Contents/Developer/usr/bin/actool /Users/kristdev/Desktop/Tools/open-sources/PasteMe/PasteMe/Assets.xcassets --compile /Users/kristdev/Library/Developer/Xcode/DerivedData/PasteMe-gfhkvbednsnioucroqqwczvibhxt/Build/Intermediates.noindex/PasteMe.build/Release/PasteMe.build/assetcatalog_output/thinned --output-format human-readable-text --notices --warnings --export-dependency-info /Users/kristdev/Library/Developer/Xcode/DerivedData/PasteMe-gfhkvbednsnioucroqqwczvibhxt/Build/Intermediates.noindex/PasteMe.build/Release/PasteMe.build/assetcatalog_dependencies_thinned --output-partial-info-plist /Users/kristdev/Library/Developer/Xcode/DerivedData/PasteMe-gfhkvbednsnioucroqqwczvibhxt/Build/Intermediates.noindex/PasteMe.build/Release/PasteMe.build/assetcatalog_generated_info.plist_thinned --app-icon AppIcon --accent-color AccentColor --enable-on-demand-resources NO --development-region en --target-device mac --minimum-deployment-target 26.0 --platform macosx

** BUILD FAILED **


The following build commands failed:
	Copy /Users/kristdev/Library/Developer/Xcode/DerivedData/PasteMe-gfhkvbednsnioucroqqwczvibhxt/Build/Products/Release/PasteMe.app/Contents/Frameworks/Sparkle.framework /Users/kristdev/Library/Developer/Xcode/DerivedData/PasteMe-gfhkvbednsnioucroqqwczvibhxt/SourcePackages/artifacts/sparkle/Sparkle/Sparkle.xcframework/macos-arm64_x86_64/Sparkle.framework (in target 'PasteMe' from project 'PasteMe')
	Building project PasteMe with scheme PasteMe and configuration Release
(2 failures)
