Command line invocation:
    /Applications/Xcode.app/Contents/Developer/usr/bin/xcodebuild build -scheme PasteMe -configuration Release

Resolve Package Graph


Resolved source packages:
  Sparkle: https://github.com/sparkle-project/Sparkle @ 2.9.0-beta.2

--- xcodebuild: WARNING: Using the first of multiple matching destinations:
{ platform:macOS, arch:arm64, id:00006020-0006602E3A6B401E, name:My Mac }
{ platform:macOS, arch:x86_64, id:00006020-0006602E3A6B401E, name:My Mac }
{ platform:macOS, name:Any Mac }
ComputePackagePrebuildTargetDependencyGraph

Prepare packages

CreateBuildRequest

SendProjectDescription

CreateBuildOperation

ComputeTargetDependencyGraph
note: Building targets in dependency order
note: Target dependency graph (2 targets)
    Target 'PasteMe' in project 'PasteMe'
        ➜ Explicit dependency on target 'Sparkle' in project 'Sparkle'
    Target 'Sparkle' in project 'Sparkle' (no dependencies)

GatherProvisioningInputs

CreateBuildDescription

ExecuteExternalTool /Applications/Xcode.app/Contents/Developer/Toolchains/XcodeDefault.xctoolchain/usr/bin/clang -v -E -dM -isysroot /Applications/Xcode.app/Contents/Developer/Platforms/MacOSX.platform/Developer/SDKs/MacOSX26.5.sdk -x c -c /dev/null

ExecuteExternalTool /Applications/Xcode.app/Contents/Developer/usr/bin/actool --version --output-format xml1

ExecuteExternalTool /Applications/Xcode.app/Contents/Developer/Toolchains/XcodeDefault.xctoolchain/usr/bin/swiftc --version

ExecuteExternalTool /Applications/Xcode.app/Contents/Developer/Toolchains/XcodeDefault.xctoolchain/usr/bin/ld -version_details

Build description signature: e8f27026554de468769cb61200442974
Build description path: /Users/kristdev/Library/Developer/Xcode/DerivedData/PasteMe-gfhkvbednsnioucroqqwczvibhxt/Build/Intermediates.noindex/XCBuildData/e8f27026554de468769cb61200442974.xcbuilddata
ClangStatCache /Applications/Xcode.app/Contents/Developer/Toolchains/XcodeDefault.xctoolchain/usr/bin/clang-stat-cache /Applications/Xcode.app/Contents/Developer/Platforms/MacOSX.platform/Developer/SDKs/MacOSX26.5.sdk /Users/kristdev/Library/Developer/Xcode/DerivedData/SDKStatCaches.noindex/macosx26.5-25F70-e082c4a02f00227109f4ed75e425c832.sdkstatcache
    cd /Users/kristdev/Desktop/Tools/open-sources/PasteMe/PasteMe.xcodeproj
    /Applications/Xcode.app/Contents/Developer/Toolchains/XcodeDefault.xctoolchain/usr/bin/clang-stat-cache /Applications/Xcode.app/Contents/Developer/Platforms/MacOSX.platform/Developer/SDKs/MacOSX26.5.sdk -o /Users/kristdev/Library/Developer/Xcode/DerivedData/SDKStatCaches.noindex/macosx26.5-25F70-e082c4a02f00227109f4ed75e425c832.sdkstatcache

Ld /Users/kristdev/Library/Developer/Xcode/DerivedData/PasteMe-gfhkvbednsnioucroqqwczvibhxt/Build/Products/Release/PasteMe.app/Contents/MacOS/PasteMe normal (in target 'PasteMe' from project 'PasteMe')
    cd /Users/kristdev/Desktop/Tools/open-sources/PasteMe
    /Applications/Xcode.app/Contents/Developer/Toolchains/XcodeDefault.xctoolchain/usr/bin/clang -Xlinker -reproducible -target arm64-apple-macos14.0 -isysroot /Applications/Xcode.app/Contents/Developer/Platforms/MacOSX.platform/Developer/SDKs/MacOSX26.5.sdk -Os -L/Users/kristdev/Library/Developer/Xcode/DerivedData/PasteMe-gfhkvbednsnioucroqqwczvibhxt/Build/Intermediates.noindex/EagerLinkingTBDs/Release -L/Users/kristdev/Library/Developer/Xcode/DerivedData/PasteMe-gfhkvbednsnioucroqqwczvibhxt/Build/Products/Release -F/Users/kristdev/Library/Developer/Xcode/DerivedData/PasteMe-gfhkvbednsnioucroqqwczvibhxt/Build/Intermediates.noindex/EagerLinkingTBDs/Release -F/Users/kristdev/Library/Developer/Xcode/DerivedData/PasteMe-gfhkvbednsnioucroqqwczvibhxt/Build/Products/Release -filelist /Users/kristdev/Library/Developer/Xcode/DerivedData/PasteMe-gfhkvbednsnioucroqqwczvibhxt/Build/Intermediates.noindex/PasteMe.build/Release/PasteMe.build/Objects-normal/arm64/PasteMe.LinkFileList -Xlinker -rpath -Xlinker /usr/lib/swift -Xlinker -rpath -Xlinker @executable_path/../Frameworks -Xlinker -object_path_lto -Xlinker /Users/kristdev/Library/Developer/Xcode/DerivedData/PasteMe-gfhkvbednsnioucroqqwczvibhxt/Build/Intermediates.noindex/PasteMe.build/Release/PasteMe.build/Objects-normal/arm64/PasteMe_lto.o -Xlinker -dependency_info -Xlinker /Users/kristdev/Library/Developer/Xcode/DerivedData/PasteMe-gfhkvbednsnioucroqqwczvibhxt/Build/Intermediates.noindex/PasteMe.build/Release/PasteMe.build/Objects-normal/arm64/PasteMe_dependency_info.dat -fobjc-link-runtime -L/Applications/Xcode.app/Contents/Developer/Toolchains/XcodeDefault.xctoolchain/usr/lib/swift/macosx -L/usr/lib/swift -Xlinker -add_ast_path -Xlinker /Users/kristdev/Library/Developer/Xcode/DerivedData/PasteMe-gfhkvbednsnioucroqqwczvibhxt/Build/Intermediates.noindex/PasteMe.build/Release/PasteMe.build/Objects-normal/arm64/PasteMe.swiftmodule @/Users/kristdev/Library/Developer/Xcode/DerivedData/PasteMe-gfhkvbednsnioucroqqwczvibhxt/Build/Intermediates.noindex/PasteMe.build/Release/PasteMe.build/Objects-normal/arm64/PasteMe-linker-args.resp -framework Sparkle -Xlinker -no_adhoc_codesign -o /Users/kristdev/Library/Developer/Xcode/DerivedData/PasteMe-gfhkvbednsnioucroqqwczvibhxt/Build/Products/Release/PasteMe.app/Contents/MacOS/PasteMe

Copy /Users/kristdev/Library/Developer/Xcode/DerivedData/PasteMe-gfhkvbednsnioucroqqwczvibhxt/Build/Products/Release/PasteMe.app/Contents/Frameworks/Sparkle.framework /Users/kristdev/Library/Developer/Xcode/DerivedData/PasteMe-gfhkvbednsnioucroqqwczvibhxt/SourcePackages/artifacts/sparkle/Sparkle/Sparkle.xcframework/macos-arm64_x86_64/Sparkle.framework (in target 'PasteMe' from project 'PasteMe')
    cd /Users/kristdev/Desktop/Tools/open-sources/PasteMe
    builtin-copy -exclude .DS_Store -exclude CVS -exclude .svn -exclude .git -exclude .hg -exclude Headers -exclude PrivateHeaders -exclude Modules -exclude \*.tbd -resolve-src-symlinks -remove-static-executable /Users/kristdev/Library/Developer/Xcode/DerivedData/PasteMe-gfhkvbednsnioucroqqwczvibhxt/SourcePackages/artifacts/sparkle/Sparkle/Sparkle.xcframework/macos-arm64_x86_64/Sparkle.framework /Users/kristdev/Library/Developer/Xcode/DerivedData/PasteMe-gfhkvbednsnioucroqqwczvibhxt/Build/Products/Release/PasteMe.app/Contents/Frameworks
error: You don’t have permission to save the file “Sparkle.framework” in the folder “Frameworks”. (in target 'PasteMe' from project 'PasteMe')

LinkAssetCatalog /Users/kristdev/Desktop/Tools/open-sources/PasteMe/PasteMe/Assets.xcassets (in target 'PasteMe' from project 'PasteMe')
    cd /Users/kristdev/Desktop/Tools/open-sources/PasteMe
    builtin-linkAssetCatalog --thinned /Users/kristdev/Library/Developer/Xcode/DerivedData/PasteMe-gfhkvbednsnioucroqqwczvibhxt/Build/Intermediates.noindex/PasteMe.build/Release/PasteMe.build/assetcatalog_output/thinned --thinned-dependencies /Users/kristdev/Library/Developer/Xcode/DerivedData/PasteMe-gfhkvbednsnioucroqqwczvibhxt/Build/Intermediates.noindex/PasteMe.build/Release/PasteMe.build/assetcatalog_dependencies_thinned --thinned-info-plist-content /Users/kristdev/Library/Developer/Xcode/DerivedData/PasteMe-gfhkvbednsnioucroqqwczvibhxt/Build/Intermediates.noindex/PasteMe.build/Release/PasteMe.build/assetcatalog_generated_info.plist_thinned --unthinned /Users/kristdev/Library/Developer/Xcode/DerivedData/PasteMe-gfhkvbednsnioucroqqwczvibhxt/Build/Intermediates.noindex/PasteMe.build/Release/PasteMe.build/assetcatalog_output/unthinned --unthinned-dependencies /Users/kristdev/Library/Developer/Xcode/DerivedData/PasteMe-gfhkvbednsnioucroqqwczvibhxt/Build/Intermediates.noindex/PasteMe.build/Release/PasteMe.build/assetcatalog_dependencies_unthinned --unthinned-info-plist-content /Users/kristdev/Library/Developer/Xcode/DerivedData/PasteMe-gfhkvbednsnioucroqqwczvibhxt/Build/Intermediates.noindex/PasteMe.build/Release/PasteMe.build/assetcatalog_generated_info.plist_unthinned --output /Users/kristdev/Library/Developer/Xcode/DerivedData/PasteMe-gfhkvbednsnioucroqqwczvibhxt/Build/Products/Release/PasteMe.app/Contents/Resources --plist-output /Users/kristdev/Library/Developer/Xcode/DerivedData/PasteMe-gfhkvbednsnioucroqqwczvibhxt/Build/Intermediates.noindex/PasteMe.build/Release/PasteMe.build/assetcatalog_generated_info.plist
error: Error Domain=NSCocoaErrorDomain Code=513 "“AppIcon.icns” couldn’t be copied because you don’t have permission to access “Resources”." UserInfo={NSSourceFilePathErrorKey=/Users/kristdev/Library/Developer/Xcode/DerivedData/PasteMe-gfhkvbednsnioucroqqwczvibhxt/Build/Intermediates.noindex/PasteMe.build/Release/PasteMe.build/assetcatalog_output/thinned/AppIcon.icns, NSUserStringVariant=(
    Copy
), NSDestinationFilePath=/Users/kristdev/Library/Developer/Xcode/DerivedData/PasteMe-gfhkvbednsnioucroqqwczvibhxt/Build/Products/Release/PasteMe.app/Contents/Resources/AppIcon.icns, NSFilePath=/Users/kristdev/Library/Developer/Xcode/DerivedData/PasteMe-gfhkvbednsnioucroqqwczvibhxt/Build/Intermediates.noindex/PasteMe.build/Release/PasteMe.build/assetcatalog_output/thinned/AppIcon.icns, NSURL=file:///Users/kristdev/Library/Developer/Xcode/DerivedData/PasteMe-gfhkvbednsnioucroqqwczvibhxt/Build/Intermediates.noindex/PasteMe.build/Release/PasteMe.build/assetcatalog_output/thinned/AppIcon.icns, NSUnderlyingError=0xb5724c1e0 {Error Domain=NSPOSIXErrorDomain Code=1 "Operation not permitted"}} (in target 'PasteMe' from project 'PasteMe')

** BUILD FAILED **


The following build commands failed:
	Copy /Users/kristdev/Library/Developer/Xcode/DerivedData/PasteMe-gfhkvbednsnioucroqqwczvibhxt/Build/Products/Release/PasteMe.app/Contents/Frameworks/Sparkle.framework /Users/kristdev/Library/Developer/Xcode/DerivedData/PasteMe-gfhkvbednsnioucroqqwczvibhxt/SourcePackages/artifacts/sparkle/Sparkle/Sparkle.xcframework/macos-arm64_x86_64/Sparkle.framework (in target 'PasteMe' from project 'PasteMe')
	LinkAssetCatalog /Users/kristdev/Desktop/Tools/open-sources/PasteMe/PasteMe/Assets.xcassets (in target 'PasteMe' from project 'PasteMe')
	Building project PasteMe with scheme PasteMe and configuration Release
(3 failures)
