Command line invocation:
    /Applications/Xcode.app/Contents/Developer/usr/bin/xcodebuild build -scheme PasteMe -configuration Release

Resolve Package Graph


Resolved source packages:
  Sparkle: https://github.com/sparkle-project/Sparkle @ 2.9.0-beta.2

--- xcodebuild: WARNING: Using the first of multiple matching destinations:
{ platform:macOS, arch:arm64, id:00006020-0006602E3A6B401E, name:My Mac }
{ platform:macOS, arch:x86_64, id:00006020-0006602E3A6B401E, name:My Mac }
{ platform:macOS, name:Any Mac }
ComputePackagePrebuildTargetDependencyGraph

Prepare packages

CreateBuildRequest

SendProjectDescription

CreateBuildOperation

ComputeTargetDependencyGraph
note: Building targets in dependency order
note: Target dependency graph (2 targets)
    Target 'PasteMe' in project 'PasteMe'
        ➜ Explicit dependency on target 'Sparkle' in project 'Sparkle'
    Target 'Sparkle' in project 'Sparkle' (no dependencies)

GatherProvisioningInputs

CreateBuildDescription

ExecuteExternalTool /Applications/Xcode.app/Contents/Developer/Toolchains/XcodeDefault.xctoolchain/usr/bin/clang -v -E -dM -isysroot /Applications/Xcode.app/Contents/Developer/Platforms/MacOSX.platform/Developer/SDKs/MacOSX26.5.sdk -x c -c /dev/null

ExecuteExternalTool /Applications/Xcode.app/Contents/Developer/usr/bin/actool --version --output-format xml1

ExecuteExternalTool /Applications/Xcode.app/Contents/Developer/Toolchains/XcodeDefault.xctoolchain/usr/bin/swiftc --version

ExecuteExternalTool /Applications/Xcode.app/Contents/Developer/Toolchains/XcodeDefault.xctoolchain/usr/bin/ld -version_details

Build description signature: 04280542104f378d2bf75031992723d6
Build description path: /Users/kristdev/Library/Developer/Xcode/DerivedData/PasteMe-gfhkvbednsnioucroqqwczvibhxt/Build/Intermediates.noindex/XCBuildData/04280542104f378d2bf75031992723d6.xcbuilddata
ClangStatCache /Applications/Xcode.app/Contents/Developer/Toolchains/XcodeDefault.xctoolchain/usr/bin/clang-stat-cache /Applications/Xcode.app/Contents/Developer/Platforms/MacOSX.platform/Developer/SDKs/MacOSX26.5.sdk /Users/kristdev/Library/Developer/Xcode/DerivedData/SDKStatCaches.noindex/macosx26.5-25F70-e082c4a02f00227109f4ed75e425c832.sdkstatcache
    cd /Users/kristdev/Desktop/Tools/open-sources/PasteMe/PasteMe.xcodeproj
    /Applications/Xcode.app/Contents/Developer/Toolchains/XcodeDefault.xctoolchain/usr/bin/clang-stat-cache /Applications/Xcode.app/Contents/Developer/Platforms/MacOSX.platform/Developer/SDKs/MacOSX26.5.sdk -o /Users/kristdev/Library/Developer/Xcode/DerivedData/SDKStatCaches.noindex/macosx26.5-25F70-e082c4a02f00227109f4ed75e425c832.sdkstatcache

ProcessInfoPlistFile /Users/kristdev/Library/Developer/Xcode/DerivedData/PasteMe-gfhkvbednsnioucroqqwczvibhxt/Build/Products/Release/PasteMe.app/Contents/Info.plist /Users/kristdev/Desktop/Tools/open-sources/PasteMe/PasteMe-Info.plist (in target 'PasteMe' from project 'PasteMe')
    cd /Users/kristdev/Desktop/Tools/open-sources/PasteMe
    builtin-infoPlistUtility /Users/kristdev/Desktop/Tools/open-sources/PasteMe/PasteMe-Info.plist -producttype com.apple.product-type.application -genpkginfo /Users/kristdev/Library/Developer/Xcode/DerivedData/PasteMe-gfhkvbednsnioucroqqwczvibhxt/Build/Products/Release/PasteMe.app/Contents/PkgInfo -expandbuildsettings -platform macosx -additionalcontentfile /Users/kristdev/Library/Developer/Xcode/DerivedData/PasteMe-gfhkvbednsnioucroqqwczvibhxt/Build/Intermediates.noindex/PasteMe.build/Release/PasteMe.build/assetcatalog_generated_info.plist -scanforprivacyfile /Users/kristdev/Library/Developer/Xcode/DerivedData/PasteMe-gfhkvbednsnioucroqqwczvibhxt/Build/Products/Release/PasteMe.app/Contents/Frameworks/Sparkle.framework -o /Users/kristdev/Library/Developer/Xcode/DerivedData/PasteMe-gfhkvbednsnioucroqqwczvibhxt/Build/Products/Release/PasteMe.app/Contents/Info.plist

CopySwiftLibs /Users/kristdev/Library/Developer/Xcode/DerivedData/PasteMe-gfhkvbednsnioucroqqwczvibhxt/Build/Products/Release/PasteMe.app (in target 'PasteMe' from project 'PasteMe')
    cd /Users/kristdev/Desktop/Tools/open-sources/PasteMe
    builtin-swiftStdLibTool --copy --verbose --sign 61899A1CB50FFB2F5041FBF2D2EE7D5631609CDF --scan-executable /Users/kristdev/Library/Developer/Xcode/DerivedData/PasteMe-gfhkvbednsnioucroqqwczvibhxt/Build/Products/Release/PasteMe.app/Contents/MacOS/PasteMe --scan-folder /Users/kristdev/Library/Developer/Xcode/DerivedData/PasteMe-gfhkvbednsnioucroqqwczvibhxt/Build/Products/Release/PasteMe.app/Contents/Frameworks --scan-folder /Users/kristdev/Library/Developer/Xcode/DerivedData/PasteMe-gfhkvbednsnioucroqqwczvibhxt/Build/Products/Release/PasteMe.app/Contents/PlugIns --scan-folder /Users/kristdev/Library/Developer/Xcode/DerivedData/PasteMe-gfhkvbednsnioucroqqwczvibhxt/Build/Products/Release/PasteMe.app/Contents/Library/SystemExtensions --scan-folder /Users/kristdev/Library/Developer/Xcode/DerivedData/PasteMe-gfhkvbednsnioucroqqwczvibhxt/Build/Products/Release/PasteMe.app/Contents/Extensions --platform macosx --toolchain /Applications/Xcode.app/Contents/Developer/Toolchains/XcodeDefault.xctoolchain --destination /Users/kristdev/Library/Developer/Xcode/DerivedData/PasteMe-gfhkvbednsnioucroqqwczvibhxt/Build/Products/Release/PasteMe.app/Contents/Frameworks --strip-bitcode --strip-bitcode-tool /Applications/Xcode.app/Contents/Developer/Toolchains/XcodeDefault.xctoolchain/usr/bin/bitcode_strip --emit-dependency-info /Users/kristdev/Library/Developer/Xcode/DerivedData/PasteMe-gfhkvbednsnioucroqqwczvibhxt/Build/Intermediates.noindex/PasteMe.build/Release/PasteMe.build/SwiftStdLibToolInputDependencies.dep --filter-for-swift-os --back-deploy-swift-span

** BUILD SUCCEEDED **

