Command line invocation:
    /Applications/Xcode.app/Contents/Developer/usr/bin/xcodebuild build -scheme PasteMe -configuration Release -derivedDataPath ./build MACOSX_DEPLOYMENT_TARGET=26.0

Build settings from command line:
    MACOSX_DEPLOYMENT_TARGET = 26.0

Resolve Package Graph

Fetching from https://github.com/sparkle-project/Sparkle (cached)

Creating working copy of package ‘Sparkle’

Checking out 2.9.0-beta.2 of package ‘Sparkle’


Resolved source packages:
  Sparkle: https://github.com/sparkle-project/Sparkle @ 2.9.0-beta.2

--- xcodebuild: WARNING: Using the first of multiple matching destinations:
{ platform:macOS, arch:arm64, id:00006020-0006602E3A6B401E, name:My Mac }
{ platform:macOS, arch:x86_64, id:00006020-0006602E3A6B401E, name:My Mac }
{ platform:macOS, name:Any Mac }
ComputePackagePrebuildTargetDependencyGraph

Prepare packages

CreateBuildRequest

SendProjectDescription

CreateBuildOperation

ComputeTargetDependencyGraph
note: Building targets in dependency order
note: Target dependency graph (2 targets)
    Target 'PasteMe' in project 'PasteMe'
        ➜ Explicit dependency on target 'Sparkle' in project 'Sparkle'
    Target 'Sparkle' in project 'Sparkle' (no dependencies)

GatherProvisioningInputs

CreateBuildDescription

ExecuteExternalTool /Applications/Xcode.app/Contents/Developer/Toolchains/XcodeDefault.xctoolchain/usr/bin/clang -v -E -dM -isysroot /Applications/Xcode.app/Contents/Developer/Platforms/MacOSX.platform/Developer/SDKs/MacOSX26.5.sdk -x c -c /dev/null

ExecuteExternalTool /Applications/Xcode.app/Contents/Developer/usr/bin/actool --version --output-format xml1

ExecuteExternalTool /Applications/Xcode.app/Contents/Developer/Toolchains/XcodeDefault.xctoolchain/usr/bin/swiftc --version

ExecuteExternalTool /Applications/Xcode.app/Contents/Developer/Toolchains/XcodeDefault.xctoolchain/usr/bin/ld -version_details

Build description signature: f710175565951784cb67667395e9eabf
Build description path: /Users/kristdev/Desktop/Tools/open-sources/PasteMe/build/Build/Intermediates.noindex/XCBuildData/f710175565951784cb67667395e9eabf.xcbuilddata
ClangStatCache /Applications/Xcode.app/Contents/Developer/Toolchains/XcodeDefault.xctoolchain/usr/bin/clang-stat-cache /Applications/Xcode.app/Contents/Developer/Platforms/MacOSX.platform/Developer/SDKs/MacOSX26.5.sdk /Users/kristdev/Desktop/Tools/open-sources/PasteMe/build/SDKStatCaches.noindex/macosx26.5-25F70-e082c4a02f00227109f4ed75e425c832.sdkstatcache
    cd /Users/kristdev/Desktop/Tools/open-sources/PasteMe/PasteMe.xcodeproj
    /Applications/Xcode.app/Contents/Developer/Toolchains/XcodeDefault.xctoolchain/usr/bin/clang-stat-cache /Applications/Xcode.app/Contents/Developer/Platforms/MacOSX.platform/Developer/SDKs/MacOSX26.5.sdk -o /Users/kristdev/Desktop/Tools/open-sources/PasteMe/build/SDKStatCaches.noindex/macosx26.5-25F70-e082c4a02f00227109f4ed75e425c832.sdkstatcache

CreateBuildDirectory /Users/kristdev/Desktop/Tools/open-sources/PasteMe/build/Build/Products
    cd /Users/kristdev/Desktop/Tools/open-sources/PasteMe/PasteMe.xcodeproj
    builtin-create-build-directory /Users/kristdev/Desktop/Tools/open-sources/PasteMe/build/Build/Products

CreateBuildDirectory /Users/kristdev/Desktop/Tools/open-sources/PasteMe/build/Build/Intermediates.noindex
    cd /Users/kristdev/Desktop/Tools/open-sources/PasteMe/PasteMe.xcodeproj
    builtin-create-build-directory /Users/kristdev/Desktop/Tools/open-sources/PasteMe/build/Build/Intermediates.noindex

CreateBuildDirectory /Users/kristdev/Desktop/Tools/open-sources/PasteMe/build/Build/Products/Release
    cd /Users/kristdev/Desktop/Tools/open-sources/PasteMe/PasteMe.xcodeproj
    builtin-create-build-directory /Users/kristdev/Desktop/Tools/open-sources/PasteMe/build/Build/Products/Release

CreateBuildDirectory /Users/kristdev/Desktop/Tools/open-sources/PasteMe/build/Build/Intermediates.noindex/SwiftExplicitPrecompiledModules
    cd /Users/kristdev/Desktop/Tools/open-sources/PasteMe/PasteMe.xcodeproj
    builtin-create-build-directory /Users/kristdev/Desktop/Tools/open-sources/PasteMe/build/Build/Intermediates.noindex/SwiftExplicitPrecompiledModules

CreateBuildDirectory /Users/kristdev/Desktop/Tools/open-sources/PasteMe/build/Build/Intermediates.noindex/ExplicitPrecompiledModules
    cd /Users/kristdev/Desktop/Tools/open-sources/PasteMe/PasteMe.xcodeproj
    builtin-create-build-directory /Users/kristdev/Desktop/Tools/open-sources/PasteMe/build/Build/Intermediates.noindex/ExplicitPrecompiledModules

CreateBuildDirectory /Users/kristdev/Desktop/Tools/open-sources/PasteMe/build/Build/Intermediates.noindex/EagerLinkingTBDs/Release
    cd /Users/kristdev/Desktop/Tools/open-sources/PasteMe/PasteMe.xcodeproj
    builtin-create-build-directory /Users/kristdev/Desktop/Tools/open-sources/PasteMe/build/Build/Intermediates.noindex/EagerLinkingTBDs/Release

WriteAuxiliaryFile /Users/kristdev/Desktop/Tools/open-sources/PasteMe/build/Build/Intermediates.noindex/PasteMe.build/Release/PasteMe-6dfc3dec5dc6e42abec223a6ea005533-VFS/all-product-headers.yaml
    cd /Users/kristdev/Desktop/Tools/open-sources/PasteMe/PasteMe.xcodeproj
    write-file /Users/kristdev/Desktop/Tools/open-sources/PasteMe/build/Build/Intermediates.noindex/PasteMe.build/Release/PasteMe-6dfc3dec5dc6e42abec223a6ea005533-VFS/all-product-headers.yaml

CreateBuildDirectory /Users/kristdev/Desktop/Tools/open-sources/PasteMe/build/Build/Products/Release/PackageFrameworks
    cd /Users/kristdev/Desktop/Tools/open-sources/PasteMe/PasteMe.xcodeproj
    builtin-create-build-directory /Users/kristdev/Desktop/Tools/open-sources/PasteMe/build/Build/Products/Release/PackageFrameworks

ProcessXCFramework /Users/kristdev/Desktop/Tools/open-sources/PasteMe/build/SourcePackages/artifacts/sparkle/Sparkle/Sparkle.xcframework /Users/kristdev/Desktop/Tools/open-sources/PasteMe/build/Build/Products/Release/Sparkle.framework macos
    cd /Users/kristdev/Desktop/Tools/open-sources/PasteMe/PasteMe.xcodeproj
    builtin-process-xcframework --xcframework /Users/kristdev/Desktop/Tools/open-sources/PasteMe/build/SourcePackages/artifacts/sparkle/Sparkle/Sparkle.xcframework --platform macos --target-path /Users/kristdev/Desktop/Tools/open-sources/PasteMe/build/Build/Products/Release

WriteAuxiliaryFile /Users/kristdev/Desktop/Tools/open-sources/PasteMe/build/Build/Intermediates.noindex/PasteMe.build/Release/PasteMe.build/PasteMe-generated-files.hmap (in target 'PasteMe' from project 'PasteMe')
    cd /Users/kristdev/Desktop/Tools/open-sources/PasteMe
    write-file /Users/kristdev/Desktop/Tools/open-sources/PasteMe/build/Build/Intermediates.noindex/PasteMe.build/Release/PasteMe.build/PasteMe-generated-files.hmap

WriteAuxiliaryFile /Users/kristdev/Desktop/Tools/open-sources/PasteMe/build/Build/Intermediates.noindex/PasteMe.build/Release/PasteMe.build/PasteMe-own-target-headers.hmap (in target 'PasteMe' from project 'PasteMe')
    cd /Users/kristdev/Desktop/Tools/open-sources/PasteMe
    write-file /Users/kristdev/Desktop/Tools/open-sources/PasteMe/build/Build/Intermediates.noindex/PasteMe.build/Release/PasteMe.build/PasteMe-own-target-headers.hmap

WriteAuxiliaryFile /Users/kristdev/Desktop/Tools/open-sources/PasteMe/build/Build/Intermediates.noindex/PasteMe.build/Release/PasteMe.build/PasteMe-all-target-headers.hmap (in target 'PasteMe' from project 'PasteMe')
    cd /Users/kristdev/Desktop/Tools/open-sources/PasteMe
    write-file /Users/kristdev/Desktop/Tools/open-sources/PasteMe/build/Build/Intermediates.noindex/PasteMe.build/Release/PasteMe.build/PasteMe-all-target-headers.hmap

WriteAuxiliaryFile /Users/kristdev/Desktop/Tools/open-sources/PasteMe/build/Build/Intermediates.noindex/PasteMe.build/Release/PasteMe.build/PasteMe-all-non-framework-target-headers.hmap (in target 'PasteMe' from project 'PasteMe')
    cd /Users/kristdev/Desktop/Tools/open-sources/PasteMe
    write-file /Users/kristdev/Desktop/Tools/open-sources/PasteMe/build/Build/Intermediates.noindex/PasteMe.build/Release/PasteMe.build/PasteMe-all-non-framework-target-headers.hmap

WriteAuxiliaryFile /Users/kristdev/Desktop/Tools/open-sources/PasteMe/build/Build/Intermediates.noindex/PasteMe.build/Release/PasteMe.build/PasteMe.hmap (in target 'PasteMe' from project 'PasteMe')
    cd /Users/kristdev/Desktop/Tools/open-sources/PasteMe
    write-file /Users/kristdev/Desktop/Tools/open-sources/PasteMe/build/Build/Intermediates.noindex/PasteMe.build/Release/PasteMe.build/PasteMe.hmap

WriteAuxiliaryFile /Users/kristdev/Desktop/Tools/open-sources/PasteMe/build/Build/Intermediates.noindex/PasteMe.build/Release/PasteMe.build/PasteMe-project-headers.hmap (in target 'PasteMe' from project 'PasteMe')
    cd /Users/kristdev/Desktop/Tools/open-sources/PasteMe
    write-file /Users/kristdev/Desktop/Tools/open-sources/PasteMe/build/Build/Intermediates.noindex/PasteMe.build/Release/PasteMe.build/PasteMe-project-headers.hmap

WriteAuxiliaryFile /Users/kristdev/Desktop/Tools/open-sources/PasteMe/build/Build/Intermediates.noindex/PasteMe.build/Release/PasteMe.build/DerivedSources/Entitlements.plist (in target 'PasteMe' from project 'PasteMe')
    cd /Users/kristdev/Desktop/Tools/open-sources/PasteMe
    write-file /Users/kristdev/Desktop/Tools/open-sources/PasteMe/build/Build/Intermediates.noindex/PasteMe.build/Release/PasteMe.build/DerivedSources/Entitlements.plist

WriteAuxiliaryFile /Users/kristdev/Desktop/Tools/open-sources/PasteMe/build/Build/Intermediates.noindex/PasteMe.build/Release/PasteMe.build/Objects-normal/arm64/PasteMe.LinkFileList (in target 'PasteMe' from project 'PasteMe')
    cd /Users/kristdev/Desktop/Tools/open-sources/PasteMe
    write-file /Users/kristdev/Desktop/Tools/open-sources/PasteMe/build/Build/Intermediates.noindex/PasteMe.build/Release/PasteMe.build/Objects-normal/arm64/PasteMe.LinkFileList

WriteAuxiliaryFile /Users/kristdev/Desktop/Tools/open-sources/PasteMe/build/Build/Intermediates.noindex/PasteMe.build/Release/PasteMe.build/Objects-normal/arm64/PasteMe-OutputFileMap.json (in target 'PasteMe' from project 'PasteMe')
    cd /Users/kristdev/Desktop/Tools/open-sources/PasteMe
    write-file /Users/kristdev/Desktop/Tools/open-sources/PasteMe/build/Build/Intermediates.noindex/PasteMe.build/Release/PasteMe.build/Objects-normal/arm64/PasteMe-OutputFileMap.json

WriteAuxiliaryFile /Users/kristdev/Desktop/Tools/open-sources/PasteMe/build/Build/Intermediates.noindex/PasteMe.build/Release/PasteMe.build/Objects-normal/arm64/PasteMe_const_extract_protocols.json (in target 'PasteMe' from project 'PasteMe')
    cd /Users/kristdev/Desktop/Tools/open-sources/PasteMe
    write-file /Users/kristdev/Desktop/Tools/open-sources/PasteMe/build/Build/Intermediates.noindex/PasteMe.build/Release/PasteMe.build/Objects-normal/arm64/PasteMe_const_extract_protocols.json

MkDir /Users/kristdev/Desktop/Tools/open-sources/PasteMe/build/Build/Products/Release/PasteMe.app/Contents/Resources (in target 'PasteMe' from project 'PasteMe')
    cd /Users/kristdev/Desktop/Tools/open-sources/PasteMe
    /bin/mkdir -p /Users/kristdev/Desktop/Tools/open-sources/PasteMe/build/Build/Products/Release/PasteMe.app/Contents/Resources

WriteAuxiliaryFile /Users/kristdev/Desktop/Tools/open-sources/PasteMe/build/Build/Intermediates.noindex/PasteMe.build/Release/PasteMe.build/PasteMe.DependencyStaticMetadataFileList (in target 'PasteMe' from project 'PasteMe')
    cd /Users/kristdev/Desktop/Tools/open-sources/PasteMe
    write-file /Users/kristdev/Desktop/Tools/open-sources/PasteMe/build/Build/Intermediates.noindex/PasteMe.build/Release/PasteMe.build/PasteMe.DependencyStaticMetadataFileList

WriteAuxiliaryFile /Users/kristdev/Desktop/Tools/open-sources/PasteMe/build/Build/Intermediates.noindex/PasteMe.build/Release/PasteMe.build/PasteMe.DependencyMetadataFileList (in target 'PasteMe' from project 'PasteMe')
    cd /Users/kristdev/Desktop/Tools/open-sources/PasteMe
    write-file /Users/kristdev/Desktop/Tools/open-sources/PasteMe/build/Build/Intermediates.noindex/PasteMe.build/Release/PasteMe.build/PasteMe.DependencyMetadataFileList

WriteAuxiliaryFile /Users/kristdev/Desktop/Tools/open-sources/PasteMe/build/Build/Intermediates.noindex/PasteMe.build/Release/PasteMe.build/Objects-normal/arm64/PasteMe.SwiftFileList (in target 'PasteMe' from project 'PasteMe')
    cd /Users/kristdev/Desktop/Tools/open-sources/PasteMe
    write-file /Users/kristdev/Desktop/Tools/open-sources/PasteMe/build/Build/Intermediates.noindex/PasteMe.build/Release/PasteMe.build/Objects-normal/arm64/PasteMe.SwiftFileList

WriteAuxiliaryFile /Users/kristdev/Desktop/Tools/open-sources/PasteMe/build/Build/Intermediates.noindex/PasteMe.build/Release/PasteMe.build/Objects-normal/arm64/PasteMe.SwiftConstValuesFileList (in target 'PasteMe' from project 'PasteMe')
    cd /Users/kristdev/Desktop/Tools/open-sources/PasteMe
    write-file /Users/kristdev/Desktop/Tools/open-sources/PasteMe/build/Build/Intermediates.noindex/PasteMe.build/Release/PasteMe.build/Objects-normal/arm64/PasteMe.SwiftConstValuesFileList

MkDir /Users/kristdev/Desktop/Tools/open-sources/PasteMe/build/Build/Products/Release/PasteMe.app/Contents/MacOS (in target 'PasteMe' from project 'PasteMe')
    cd /Users/kristdev/Desktop/Tools/open-sources/PasteMe
    /bin/mkdir -p /Users/kristdev/Desktop/Tools/open-sources/PasteMe/build/Build/Products/Release/PasteMe.app/Contents/MacOS

MkDir /Users/kristdev/Desktop/Tools/open-sources/PasteMe/build/Build/Products/Release/PasteMe.app/Contents/Frameworks (in target 'PasteMe' from project 'PasteMe')
    cd /Users/kristdev/Desktop/Tools/open-sources/PasteMe
    /bin/mkdir -p /Users/kristdev/Desktop/Tools/open-sources/PasteMe/build/Build/Products/Release/PasteMe.app/Contents/Frameworks

MkDir /Users/kristdev/Desktop/Tools/open-sources/PasteMe/build/Build/Products/Release/PasteMe.app/Contents (in target 'PasteMe' from project 'PasteMe')
    cd /Users/kristdev/Desktop/Tools/open-sources/PasteMe
    /bin/mkdir -p /Users/kristdev/Desktop/Tools/open-sources/PasteMe/build/Build/Products/Release/PasteMe.app/Contents

MkDir /Users/kristdev/Desktop/Tools/open-sources/PasteMe/build/Build/Products/Release/PasteMe.app (in target 'PasteMe' from project 'PasteMe')
    cd /Users/kristdev/Desktop/Tools/open-sources/PasteMe
    /bin/mkdir -p /Users/kristdev/Desktop/Tools/open-sources/PasteMe/build/Build/Products/Release/PasteMe.app

ProcessProductPackaging /Users/kristdev/Desktop/Tools/open-sources/PasteMe/PasteMe/PasteMe.entitlements /Users/kristdev/Desktop/Tools/open-sources/PasteMe/build/Build/Intermediates.noindex/PasteMe.build/Release/PasteMe.build/PasteMe.app.xcent (in target 'PasteMe' from project 'PasteMe')
    cd /Users/kristdev/Desktop/Tools/open-sources/PasteMe
    
    Entitlements:
    
    {
    "com.apple.security.get-task-allow" = 1;
}
    
    builtin-productPackagingUtility /Users/kristdev/Desktop/Tools/open-sources/PasteMe/PasteMe/PasteMe.entitlements -entitlements -format xml -o /Users/kristdev/Desktop/Tools/open-sources/PasteMe/build/Build/Intermediates.noindex/PasteMe.build/Release/PasteMe.build/PasteMe.app.xcent

ProcessProductPackagingDER /Users/kristdev/Desktop/Tools/open-sources/PasteMe/build/Build/Intermediates.noindex/PasteMe.build/Release/PasteMe.build/PasteMe.app.xcent /Users/kristdev/Desktop/Tools/open-sources/PasteMe/build/Build/Intermediates.noindex/PasteMe.build/Release/PasteMe.build/PasteMe.app.xcent.der (in target 'PasteMe' from project 'PasteMe')
    cd /Users/kristdev/Desktop/Tools/open-sources/PasteMe
    /usr/bin/derq query -f xml -i /Users/kristdev/Desktop/Tools/open-sources/PasteMe/build/Build/Intermediates.noindex/PasteMe.build/Release/PasteMe.build/PasteMe.app.xcent -o /Users/kristdev/Desktop/Tools/open-sources/PasteMe/build/Build/Intermediates.noindex/PasteMe.build/Release/PasteMe.build/PasteMe.app.xcent.der --raw

GenerateAssetSymbols /Users/kristdev/Desktop/Tools/open-sources/PasteMe/PasteMe/Assets.xcassets (in target 'PasteMe' from project 'PasteMe')
    cd /Users/kristdev/Desktop/Tools/open-sources/PasteMe
    /Applications/Xcode.app/Contents/Developer/usr/bin/actool /Users/kristdev/Desktop/Tools/open-sources/PasteMe/PasteMe/Assets.xcassets --compile /Users/kristdev/Desktop/Tools/open-sources/PasteMe/build/Build/Products/Release/PasteMe.app/Contents/Resources --output-format human-readable-text --notices --warnings --export-dependency-info /Users/kristdev/Desktop/Tools/open-sources/PasteMe/build/Build/Intermediates.noindex/PasteMe.build/Release/PasteMe.build/assetcatalog_dependencies --output-partial-info-plist /Users/kristdev/Desktop/Tools/open-sources/PasteMe/build/Build/Intermediates.noindex/PasteMe.build/Release/PasteMe.build/assetcatalog_generated_info.plist --app-icon AppIcon --accent-color AccentColor --enable-on-demand-resources NO --development-region en --target-device mac --minimum-deployment-target 26.0 --platform macosx --bundle-identifier com.kristdev.PasteMe --generate-swift-asset-symbols /Users/kristdev/Desktop/Tools/open-sources/PasteMe/build/Build/Intermediates.noindex/PasteMe.build/Release/PasteMe.build/DerivedSources/GeneratedAssetSymbols.swift --generate-objc-asset-symbols /Users/kristdev/Desktop/Tools/open-sources/PasteMe/build/Build/Intermediates.noindex/PasteMe.build/Release/PasteMe.build/DerivedSources/GeneratedAssetSymbols.h --generate-asset-symbol-index /Users/kristdev/Desktop/Tools/open-sources/PasteMe/build/Build/Intermediates.noindex/PasteMe.build/Release/PasteMe.build/DerivedSources/GeneratedAssetSymbols-Index.plist
/* com.apple.actool.compilation-results */
/Users/kristdev/Desktop/Tools/open-sources/PasteMe/build/Build/Intermediates.noindex/PasteMe.build/Release/PasteMe.build/DerivedSources/GeneratedAssetSymbols-Index.plist
/Users/kristdev/Desktop/Tools/open-sources/PasteMe/build/Build/Intermediates.noindex/PasteMe.build/Release/PasteMe.build/DerivedSources/GeneratedAssetSymbols.h
/Users/kristdev/Desktop/Tools/open-sources/PasteMe/build/Build/Intermediates.noindex/PasteMe.build/Release/PasteMe.build/DerivedSources/GeneratedAssetSymbols.swift


MkDir /Users/kristdev/Desktop/Tools/open-sources/PasteMe/build/Build/Intermediates.noindex/PasteMe.build/Release/PasteMe.build/assetcatalog_output/thinned (in target 'PasteMe' from project 'PasteMe')
    cd /Users/kristdev/Desktop/Tools/open-sources/PasteMe
    /bin/mkdir -p /Users/kristdev/Desktop/Tools/open-sources/PasteMe/build/Build/Intermediates.noindex/PasteMe.build/Release/PasteMe.build/assetcatalog_output/thinned

MkDir /Users/kristdev/Desktop/Tools/open-sources/PasteMe/build/Build/Intermediates.noindex/PasteMe.build/Release/PasteMe.build/assetcatalog_output/unthinned (in target 'PasteMe' from project 'PasteMe')
    cd /Users/kristdev/Desktop/Tools/open-sources/PasteMe
    /bin/mkdir -p /Users/kristdev/Desktop/Tools/open-sources/PasteMe/build/Build/Intermediates.noindex/PasteMe.build/Release/PasteMe.build/assetcatalog_output/unthinned

Copy /Users/kristdev/Desktop/Tools/open-sources/PasteMe/build/Build/Products/Release/PasteMe.app/Contents/Frameworks/Sparkle.framework /Users/kristdev/Desktop/Tools/open-sources/PasteMe/build/SourcePackages/artifacts/sparkle/Sparkle/Sparkle.xcframework/macos-arm64_x86_64/Sparkle.framework (in target 'PasteMe' from project 'PasteMe')
    cd /Users/kristdev/Desktop/Tools/open-sources/PasteMe
    builtin-copy -exclude .DS_Store -exclude CVS -exclude .svn -exclude .git -exclude .hg -exclude Headers -exclude PrivateHeaders -exclude Modules -exclude \*.tbd -resolve-src-symlinks -remove-static-executable /Users/kristdev/Desktop/Tools/open-sources/PasteMe/build/SourcePackages/artifacts/sparkle/Sparkle/Sparkle.xcframework/macos-arm64_x86_64/Sparkle.framework /Users/kristdev/Desktop/Tools/open-sources/PasteMe/build/Build/Products/Release/PasteMe.app/Contents/Frameworks

CompileAssetCatalogVariant thinned /Users/kristdev/Desktop/Tools/open-sources/PasteMe/build/Build/Products/Release/PasteMe.app/Contents/Resources /Users/kristdev/Desktop/Tools/open-sources/PasteMe/PasteMe/Assets.xcassets (in target 'PasteMe' from project 'PasteMe')
    cd /Users/kristdev/Desktop/Tools/open-sources/PasteMe
    /Applications/Xcode.app/Contents/Developer/usr/bin/actool /Users/kristdev/Desktop/Tools/open-sources/PasteMe/PasteMe/Assets.xcassets --compile /Users/kristdev/Desktop/Tools/open-sources/PasteMe/build/Build/Intermediates.noindex/PasteMe.build/Release/PasteMe.build/assetcatalog_output/thinned --output-format human-readable-text --notices --warnings --export-dependency-info /Users/kristdev/Desktop/Tools/open-sources/PasteMe/build/Build/Intermediates.noindex/PasteMe.build/Release/PasteMe.build/assetcatalog_dependencies_thinned --output-partial-info-plist /Users/kristdev/Desktop/Tools/open-sources/PasteMe/build/Build/Intermediates.noindex/PasteMe.build/Release/PasteMe.build/assetcatalog_generated_info.plist_thinned --app-icon AppIcon --accent-color AccentColor --enable-on-demand-resources NO --development-region en --target-device mac --minimum-deployment-target 26.0 --platform macosx
/* com.apple.actool.compilation-results */
/Users/kristdev/Desktop/Tools/open-sources/PasteMe/build/Build/Intermediates.noindex/PasteMe.build/Release/PasteMe.build/assetcatalog_generated_info.plist_thinned
/Users/kristdev/Desktop/Tools/open-sources/PasteMe/build/Build/Intermediates.noindex/PasteMe.build/Release/PasteMe.build/assetcatalog_output/thinned/AppIcon.icns
/Users/kristdev/Desktop/Tools/open-sources/PasteMe/build/Build/Intermediates.noindex/PasteMe.build/Release/PasteMe.build/assetcatalog_output/thinned/Assets.car


CodeSign /Users/kristdev/Desktop/Tools/open-sources/PasteMe/build/Build/Products/Release/PasteMe.app/Contents/Frameworks/Sparkle.framework/Versions/B (in target 'PasteMe' from project 'PasteMe')
    cd /Users/kristdev/Desktop/Tools/open-sources/PasteMe
    
    Signing Identity:     "Apple Development: Vo Chi Khanh (2BMZMX95V3)"
    
    /usr/bin/codesign --force --sign 61899A1CB50FFB2F5041FBF2D2EE7D5631609CDF --timestamp\=none --preserve-metadata\=identifier,entitlements,flags --generate-entitlement-der /Users/kristdev/Desktop/Tools/open-sources/PasteMe/build/Build/Products/Release/PasteMe.app/Contents/Frameworks/Sparkle.framework/Versions/B
/Users/kristdev/Desktop/Tools/open-sources/PasteMe/build/Build/Products/Release/PasteMe.app/Contents/Frameworks/Sparkle.framework/Versions/B: replacing existing signature

LinkAssetCatalog /Users/kristdev/Desktop/Tools/open-sources/PasteMe/PasteMe/Assets.xcassets (in target 'PasteMe' from project 'PasteMe')
    cd /Users/kristdev/Desktop/Tools/open-sources/PasteMe
    builtin-linkAssetCatalog --thinned /Users/kristdev/Desktop/Tools/open-sources/PasteMe/build/Build/Intermediates.noindex/PasteMe.build/Release/PasteMe.build/assetcatalog_output/thinned --thinned-dependencies /Users/kristdev/Desktop/Tools/open-sources/PasteMe/build/Build/Intermediates.noindex/PasteMe.build/Release/PasteMe.build/assetcatalog_dependencies_thinned --thinned-info-plist-content /Users/kristdev/Desktop/Tools/open-sources/PasteMe/build/Build/Intermediates.noindex/PasteMe.build/Release/PasteMe.build/assetcatalog_generated_info.plist_thinned --unthinned /Users/kristdev/Desktop/Tools/open-sources/PasteMe/build/Build/Intermediates.noindex/PasteMe.build/Release/PasteMe.build/assetcatalog_output/unthinned --unthinned-dependencies /Users/kristdev/Desktop/Tools/open-sources/PasteMe/build/Build/Intermediates.noindex/PasteMe.build/Release/PasteMe.build/assetcatalog_dependencies_unthinned --unthinned-info-plist-content /Users/kristdev/Desktop/Tools/open-sources/PasteMe/build/Build/Intermediates.noindex/PasteMe.build/Release/PasteMe.build/assetcatalog_generated_info.plist_unthinned --output /Users/kristdev/Desktop/Tools/open-sources/PasteMe/build/Build/Products/Release/PasteMe.app/Contents/Resources --plist-output /Users/kristdev/Desktop/Tools/open-sources/PasteMe/build/Build/Intermediates.noindex/PasteMe.build/Release/PasteMe.build/assetcatalog_generated_info.plist
note: Emplaced /Users/kristdev/Desktop/Tools/open-sources/PasteMe/build/Build/Products/Release/PasteMe.app/Contents/Resources/Assets.car (in target 'PasteMe' from project 'PasteMe')
note: Emplaced /Users/kristdev/Desktop/Tools/open-sources/PasteMe/build/Build/Products/Release/PasteMe.app/Contents/Resources/AppIcon.icns (in target 'PasteMe' from project 'PasteMe')

ProcessInfoPlistFile /Users/kristdev/Desktop/Tools/open-sources/PasteMe/build/Build/Products/Release/PasteMe.app/Contents/Info.plist /Users/kristdev/Desktop/Tools/open-sources/PasteMe/PasteMe-Info.plist (in target 'PasteMe' from project 'PasteMe')
    cd /Users/kristdev/Desktop/Tools/open-sources/PasteMe
    builtin-infoPlistUtility /Users/kristdev/Desktop/Tools/open-sources/PasteMe/PasteMe-Info.plist -producttype com.apple.product-type.application -genpkginfo /Users/kristdev/Desktop/Tools/open-sources/PasteMe/build/Build/Products/Release/PasteMe.app/Contents/PkgInfo -expandbuildsettings -platform macosx -additionalcontentfile /Users/kristdev/Desktop/Tools/open-sources/PasteMe/build/Build/Intermediates.noindex/PasteMe.build/Release/PasteMe.build/assetcatalog_generated_info.plist -scanforprivacyfile /Users/kristdev/Desktop/Tools/open-sources/PasteMe/build/Build/Products/Release/PasteMe.app/Contents/Frameworks/Sparkle.framework -o /Users/kristdev/Desktop/Tools/open-sources/PasteMe/build/Build/Products/Release/PasteMe.app/Contents/Info.plist

SwiftDriver PasteMe normal arm64 com.apple.xcode.tools.swift.compiler (in target 'PasteMe' from project 'PasteMe')
    cd /Users/kristdev/Desktop/Tools/open-sources/PasteMe
    builtin-SwiftDriver -- /Applications/Xcode.app/Contents/Developer/Toolchains/XcodeDefault.xctoolchain/usr/bin/swiftc -module-name PasteMe -O -whole-module-optimization @/Users/kristdev/Desktop/Tools/open-sources/PasteMe/build/Build/Intermediates.noindex/PasteMe.build/Release/PasteMe.build/Objects-normal/arm64/PasteMe.SwiftFileList -default-isolation\=MainActor -enable-bare-slash-regex -enable-upcoming-feature DisableOutwardActorInference -enable-upcoming-feature InferSendableFromCaptures -enable-upcoming-feature GlobalActorIsolatedTypesUsability -enable-upcoming-feature MemberImportVisibility -enable-upcoming-feature InferIsolatedConformances -enable-upcoming-feature NonisolatedNonsendingByDefault -enable-experimental-feature DebugDescriptionMacro -sdk /Applications/Xcode.app/Contents/Developer/Platforms/MacOSX.platform/Developer/SDKs/MacOSX26.5.sdk -target arm64-apple-macos26.0 -g -module-cache-path /Users/kristdev/Desktop/Tools/open-sources/PasteMe/build/ModuleCache.noindex -Xfrontend -serialize-debugging-options -swift-version 5 -I /Users/kristdev/Desktop/Tools/open-sources/PasteMe/build/Build/Products/Release -F /Users/kristdev/Desktop/Tools/open-sources/PasteMe/build/Build/Products/Release -emit-localized-strings -emit-localized-strings-path /Users/kristdev/Desktop/Tools/open-sources/PasteMe/build/Build/Intermediates.noindex/PasteMe.build/Release/PasteMe.build/Objects-normal/arm64 -c -num-threads 12 -Xcc -ivfsstatcache -Xcc /Users/kristdev/Desktop/Tools/open-sources/PasteMe/build/SDKStatCaches.noindex/macosx26.5-25F70-e082c4a02f00227109f4ed75e425c832.sdkstatcache -output-file-map /Users/kristdev/Desktop/Tools/open-sources/PasteMe/build/Build/Intermediates.noindex/PasteMe.build/Release/PasteMe.build/Objects-normal/arm64/PasteMe-OutputFileMap.json -use-frontend-parseable-output -save-temps -no-color-diagnostics -explicit-module-build -module-cache-path /Users/kristdev/Desktop/Tools/open-sources/PasteMe/build/Build/Intermediates.noindex/SwiftExplicitPrecompiledModules -clang-scanner-module-cache-path /Users/kristdev/Desktop/Tools/open-sources/PasteMe/build/ModuleCache.noindex -sdk-module-cache-path /Users/kristdev/Desktop/Tools/open-sources/PasteMe/build/ModuleCache.noindex -serialize-diagnostics -emit-dependencies -emit-module -emit-module-path /Users/kristdev/Desktop/Tools/open-sources/PasteMe/build/Build/Intermediates.noindex/PasteMe.build/Release/PasteMe.build/Objects-normal/arm64/PasteMe.swiftmodule -validate-clang-modules-once -clang-build-session-file /Users/kristdev/Desktop/Tools/open-sources/PasteMe/build/ModuleCache.noindex/Session.modulevalidation -Xcc -I/Users/kristdev/Desktop/Tools/open-sources/PasteMe/build/Build/Intermediates.noindex/PasteMe.build/Release/PasteMe.build/swift-overrides.hmap -emit-const-values -Xfrontend -const-gather-protocols-file -Xfrontend /Users/kristdev/Desktop/Tools/open-sources/PasteMe/build/Build/Intermediates.noindex/PasteMe.build/Release/PasteMe.build/Objects-normal/arm64/PasteMe_const_extract_protocols.json -Xcc -iquote -Xcc /Users/kristdev/Desktop/Tools/open-sources/PasteMe/build/Build/Intermediates.noindex/PasteMe.build/Release/PasteMe.build/PasteMe-generated-files.hmap -Xcc -I/Users/kristdev/Desktop/Tools/open-sources/PasteMe/build/Build/Intermediates.noindex/PasteMe.build/Release/PasteMe.build/PasteMe-own-target-headers.hmap -Xcc -I/Users/kristdev/Desktop/Tools/open-sources/PasteMe/build/Build/Intermediates.noindex/PasteMe.build/Release/PasteMe.build/PasteMe-all-target-headers.hmap -Xcc -iquote -Xcc /Users/kristdev/Desktop/Tools/open-sources/PasteMe/build/Build/Intermediates.noindex/PasteMe.build/Release/PasteMe.build/PasteMe-project-headers.hmap -Xcc -I/Users/kristdev/Desktop/Tools/open-sources/PasteMe/build/Build/Products/Release/include -Xcc -I/Users/kristdev/Desktop/Tools/open-sources/PasteMe/build/Build/Intermediates.noindex/PasteMe.build/Release/PasteMe.build/DerivedSources-normal/arm64 -Xcc -I/Users/kristdev/Desktop/Tools/open-sources/PasteMe/build/Build/Intermediates.noindex/PasteMe.build/Release/PasteMe.build/DerivedSources/arm64 -Xcc -I/Users/kristdev/Desktop/Tools/open-sources/PasteMe/build/Build/Intermediates.noindex/PasteMe.build/Release/PasteMe.build/DerivedSources -emit-objc-header -emit-objc-header-path /Users/kristdev/Desktop/Tools/open-sources/PasteMe/build/Build/Intermediates.noindex/PasteMe.build/Release/PasteMe.build/Objects-normal/arm64/PasteMe-Swift.h -working-directory /Users/kristdev/Desktop/Tools/open-sources/PasteMe -no-emit-module-separately-wmo

SwiftDriver\ Compilation PasteMe normal arm64 com.apple.xcode.tools.swift.compiler (in target 'PasteMe' from project 'PasteMe')
    cd /Users/kristdev/Desktop/Tools/open-sources/PasteMe
    builtin-Swift-Compilation -- /Applications/Xcode.app/Contents/Developer/Toolchains/XcodeDefault.xctoolchain/usr/bin/swiftc -module-name PasteMe -O -whole-module-optimization @/Users/kristdev/Desktop/Tools/open-sources/PasteMe/build/Build/Intermediates.noindex/PasteMe.build/Release/PasteMe.build/Objects-normal/arm64/PasteMe.SwiftFileList -default-isolation\=MainActor -enable-bare-slash-regex -enable-upcoming-feature DisableOutwardActorInference -enable-upcoming-feature InferSendableFromCaptures -enable-upcoming-feature GlobalActorIsolatedTypesUsability -enable-upcoming-feature MemberImportVisibility -enable-upcoming-feature InferIsolatedConformances -enable-upcoming-feature NonisolatedNonsendingByDefault -enable-experimental-feature DebugDescriptionMacro -sdk /Applications/Xcode.app/Contents/Developer/Platforms/MacOSX.platform/Developer/SDKs/MacOSX26.5.sdk -target arm64-apple-macos26.0 -g -module-cache-path /Users/kristdev/Desktop/Tools/open-sources/PasteMe/build/ModuleCache.noindex -Xfrontend -serialize-debugging-options -swift-version 5 -I /Users/kristdev/Desktop/Tools/open-sources/PasteMe/build/Build/Products/Release -F /Users/kristdev/Desktop/Tools/open-sources/PasteMe/build/Build/Products/Release -emit-localized-strings -emit-localized-strings-path /Users/kristdev/Desktop/Tools/open-sources/PasteMe/build/Build/Intermediates.noindex/PasteMe.build/Release/PasteMe.build/Objects-normal/arm64 -c -num-threads 12 -Xcc -ivfsstatcache -Xcc /Users/kristdev/Desktop/Tools/open-sources/PasteMe/build/SDKStatCaches.noindex/macosx26.5-25F70-e082c4a02f00227109f4ed75e425c832.sdkstatcache -output-file-map /Users/kristdev/Desktop/Tools/open-sources/PasteMe/build/Build/Intermediates.noindex/PasteMe.build/Release/PasteMe.build/Objects-normal/arm64/PasteMe-OutputFileMap.json -use-frontend-parseable-output -save-temps -no-color-diagnostics -explicit-module-build -module-cache-path /Users/kristdev/Desktop/Tools/open-sources/PasteMe/build/Build/Intermediates.noindex/SwiftExplicitPrecompiledModules -clang-scanner-module-cache-path /Users/kristdev/Desktop/Tools/open-sources/PasteMe/build/ModuleCache.noindex -sdk-module-cache-path /Users/kristdev/Desktop/Tools/open-sources/PasteMe/build/ModuleCache.noindex -serialize-diagnostics -emit-dependencies -emit-module -emit-module-path /Users/kristdev/Desktop/Tools/open-sources/PasteMe/build/Build/Intermediates.noindex/PasteMe.build/Release/PasteMe.build/Objects-normal/arm64/PasteMe.swiftmodule -validate-clang-modules-once -clang-build-session-file /Users/kristdev/Desktop/Tools/open-sources/PasteMe/build/ModuleCache.noindex/Session.modulevalidation -Xcc -I/Users/kristdev/Desktop/Tools/open-sources/PasteMe/build/Build/Intermediates.noindex/PasteMe.build/Release/PasteMe.build/swift-overrides.hmap -emit-const-values -Xfrontend -const-gather-protocols-file -Xfrontend /Users/kristdev/Desktop/Tools/open-sources/PasteMe/build/Build/Intermediates.noindex/PasteMe.build/Release/PasteMe.build/Objects-normal/arm64/PasteMe_const_extract_protocols.json -Xcc -iquote -Xcc /Users/kristdev/Desktop/Tools/open-sources/PasteMe/build/Build/Intermediates.noindex/PasteMe.build/Release/PasteMe.build/PasteMe-generated-files.hmap -Xcc -I/Users/kristdev/Desktop/Tools/open-sources/PasteMe/build/Build/Intermediates.noindex/PasteMe.build/Release/PasteMe.build/PasteMe-own-target-headers.hmap -Xcc -I/Users/kristdev/Desktop/Tools/open-sources/PasteMe/build/Build/Intermediates.noindex/PasteMe.build/Release/PasteMe.build/PasteMe-all-target-headers.hmap -Xcc -iquote -Xcc /Users/kristdev/Desktop/Tools/open-sources/PasteMe/build/Build/Intermediates.noindex/PasteMe.build/Release/PasteMe.build/PasteMe-project-headers.hmap -Xcc -I/Users/kristdev/Desktop/Tools/open-sources/PasteMe/build/Build/Products/Release/include -Xcc -I/Users/kristdev/Desktop/Tools/open-sources/PasteMe/build/Build/Intermediates.noindex/PasteMe.build/Release/PasteMe.build/DerivedSources-normal/arm64 -Xcc -I/Users/kristdev/Desktop/Tools/open-sources/PasteMe/build/Build/Intermediates.noindex/PasteMe.build/Release/PasteMe.build/DerivedSources/arm64 -Xcc -I/Users/kristdev/Desktop/Tools/open-sources/PasteMe/build/Build/Intermediates.noindex/PasteMe.build/Release/PasteMe.build/DerivedSources -emit-objc-header -emit-objc-header-path /Users/kristdev/Desktop/Tools/open-sources/PasteMe/build/Build/Intermediates.noindex/PasteMe.build/Release/PasteMe.build/Objects-normal/arm64/PasteMe-Swift.h -working-directory /Users/kristdev/Desktop/Tools/open-sources/PasteMe -no-emit-module-separately-wmo

SwiftExplicitDependencyGeneratePcm arm64 /Users/kristdev/Desktop/Tools/open-sources/PasteMe/build/ModuleCache.noindex/_SwiftConcurrencyShims-1CCIUM7VDY06ETM2TJDE2KK6X.pcm

SwiftExplicitDependencyGeneratePcm arm64 /Users/kristdev/Desktop/Tools/open-sources/PasteMe/build/ModuleCache.noindex/_Builtin_stdarg-AJ6T2LA2938FRTNL59JN3AT0Y.pcm

SwiftExplicitDependencyGeneratePcm arm64 /Users/kristdev/Desktop/Tools/open-sources/PasteMe/build/ModuleCache.noindex/_Builtin_float-CT8WDI5R5EQ3RR6B54QTM6K4Q.pcm

SwiftExplicitDependencyGeneratePcm arm64 /Users/kristdev/Desktop/Tools/open-sources/PasteMe/build/ModuleCache.noindex/_Builtin_stdbool-6TL6PX5JQXN143X2VXPNYCDWH.pcm

SwiftExplicitDependencyGeneratePcm arm64 /Users/kristdev/Desktop/Tools/open-sources/PasteMe/build/ModuleCache.noindex/DeveloperToolsSupport-ATICMDGZ1HQ368RAOHAPRXL7J.pcm

SwiftExplicitDependencyGeneratePcm arm64 /Users/kristdev/Desktop/Tools/open-sources/PasteMe/build/ModuleCache.noindex/ptrcheck-BOWVOPYW9EMTHBRLO6M10VS18.pcm

SwiftExplicitDependencyGeneratePcm arm64 /Users/kristdev/Desktop/Tools/open-sources/PasteMe/build/ModuleCache.noindex/_AvailabilityInternal-3HQGIDV5R9XP3SQHF0L5BF20G.pcm

SwiftExplicitDependencyGeneratePcm arm64 /Users/kristdev/Desktop/Tools/open-sources/PasteMe/build/ModuleCache.noindex/SwiftShims-ERJY4LQR7X1L5ZVN78XWSDMZ3.pcm

SwiftExplicitDependencyGeneratePcm arm64 /Users/kristdev/Desktop/Tools/open-sources/PasteMe/build/ModuleCache.noindex/ptrauth-3AAID19I3IP3EBH0F2AZCPPO0.pcm

SwiftExplicitDependencyGeneratePcm arm64 /Users/kristdev/Desktop/Tools/open-sources/PasteMe/build/ModuleCache.noindex/_Builtin_stddef-2FHFW2PYMF2GLS9H1MD8F0BJM.pcm

SwiftExplicitDependencyGeneratePcm arm64 /Users/kristdev/Desktop/Tools/open-sources/PasteMe/build/ModuleCache.noindex/_DarwinFoundation1-87BNJ4WCWOA7SNH1X5P7CLAIQ.pcm

SwiftExplicitDependencyGeneratePcm arm64 /Users/kristdev/Desktop/Tools/open-sources/PasteMe/build/ModuleCache.noindex/_Builtin_limits-5VAC6CLN1LR3OU136FKBTDSFU.pcm

SwiftExplicitDependencyGeneratePcm arm64 /Users/kristdev/Desktop/Tools/open-sources/PasteMe/build/ModuleCache.noindex/_DarwinFoundation2-4OCRAITZOF687BGYYP8LKT15L.pcm

SwiftExplicitDependencyGeneratePcm arm64 /Users/kristdev/Desktop/Tools/open-sources/PasteMe/build/ModuleCache.noindex/_Builtin_stdint-91DDIEHKIE6YUUTILGD74G1T1.pcm

SwiftExplicitDependencyGeneratePcm arm64 /Users/kristdev/Desktop/Tools/open-sources/PasteMe/build/ModuleCache.noindex/sys_types-DBQZSHWMWIHZSCLI115AO8KA6.pcm

SwiftExplicitDependencyGeneratePcm arm64 /Users/kristdev/Desktop/Tools/open-sources/PasteMe/build/ModuleCache.noindex/_Builtin_tgmath-AT9CNP4AQPE2WP5TDJ95OWBQJ.pcm

SwiftExplicitDependencyGeneratePcm arm64 /Users/kristdev/Desktop/Tools/open-sources/PasteMe/build/ModuleCache.noindex/libDER-BXZNZOSKAI3JKXHA3ZX0LNTN1.pcm

SwiftExplicitDependencyGeneratePcm arm64 /Users/kristdev/Desktop/Tools/open-sources/PasteMe/build/ModuleCache.noindex/_DarwinFoundation3-9LUIW9W6TF7MVOHI0FO4947ZI.pcm

SwiftExplicitDependencyGeneratePcm arm64 /Users/kristdev/Desktop/Tools/open-sources/PasteMe/build/ModuleCache.noindex/_Builtin_intrinsics-6IM6M9JDIJ8NFKKISJHC6V0SW.pcm

SwiftExplicitDependencyGeneratePcm arm64 /Users/kristdev/Desktop/Tools/open-sources/PasteMe/build/ModuleCache.noindex/_Builtin_stdatomic-1YHVEN5RX5F11GDIA0RKREA1I.pcm

SwiftExplicitDependencyGeneratePcm arm64 /Users/kristdev/Desktop/Tools/open-sources/PasteMe/build/ModuleCache.noindex/OpenGL-17HRLCP702WCGJP83BYIQSDS7.pcm

SwiftExplicitDependencyGeneratePcm arm64 /Users/kristdev/Desktop/Tools/open-sources/PasteMe/build/ModuleCache.noindex/_Builtin_inttypes-COAGYZD1F2VFGFNBY1AK8A9W1.pcm

SwiftExplicitDependencyGeneratePcm arm64 /Users/kristdev/Desktop/Tools/open-sources/PasteMe/build/ModuleCache.noindex/Darwin-36KCZB0OXAUG2QZH56JVZ0NMB.pcm

SwiftExplicitDependencyGeneratePcm arm64 /Users/kristdev/Desktop/Tools/open-sources/PasteMe/build/ModuleCache.noindex/simd-DTKNI69JS5PLLLPMIRWK46QIO.pcm

SwiftExplicitDependencyGeneratePcm arm64 /Users/kristdev/Desktop/Tools/open-sources/PasteMe/build/ModuleCache.noindex/launch-5YC3HJIPUH0RM8EPOEJKVKVG7.pcm

SwiftExplicitDependencyGeneratePcm arm64 /Users/kristdev/Desktop/Tools/open-sources/PasteMe/build/ModuleCache.noindex/MachO-B9IT2LRMQYUV8E1F7VP2N6VUQ.pcm

SwiftExplicitDependencyGeneratePcm arm64 /Users/kristdev/Desktop/Tools/open-sources/PasteMe/build/ModuleCache.noindex/CUPS-CP6XBH8JA5GHTQD51EHOZ3MW9.pcm

SwiftExplicitDependencyGeneratePcm arm64 /Users/kristdev/Desktop/Tools/open-sources/PasteMe/build/ModuleCache.noindex/libkern-9HQRUN3T2IFZVP9SWV9Q7U9JX.pcm

SwiftExplicitDependencyGeneratePcm arm64 /Users/kristdev/Desktop/Tools/open-sources/PasteMe/build/ModuleCache.noindex/Spatial-8AADJCYUKSGVZTID7PNE7AU1R.pcm

SwiftExplicitDependencyGeneratePcm arm64 /Users/kristdev/Desktop/Tools/open-sources/PasteMe/build/ModuleCache.noindex/ObjectiveC-1MVCSDN53877RO5F1OMDGUTRF.pcm

SwiftExplicitDependencyGeneratePcm arm64 /Users/kristdev/Desktop/Tools/open-sources/PasteMe/build/ModuleCache.noindex/os_object-4UCGPOB8E19WHDG7XD0BPSAFZ.pcm

SwiftExplicitDependencyGeneratePcm arm64 /Users/kristdev/Desktop/Tools/open-sources/PasteMe/build/ModuleCache.noindex/os_workgroup-7ZU11QQFFXGVU2AEUEJWK9FRU.pcm

SwiftExplicitDependencyGeneratePcm arm64 /Users/kristdev/Desktop/Tools/open-sources/PasteMe/build/ModuleCache.noindex/Dispatch-DJ876E8LIL54MCTL9MDYXMHXV.pcm

SwiftExplicitDependencyGeneratePcm arm64 /Users/kristdev/Desktop/Tools/open-sources/PasteMe/build/ModuleCache.noindex/XPC-18FYUFPQE5LMJCZ5TY1TQPFJW.pcm

SwiftExplicitDependencyGeneratePcm arm64 /Users/kristdev/Desktop/Tools/open-sources/PasteMe/build/ModuleCache.noindex/CoreFoundation-B371T3222Y4RXSO8CCZECS8AX.pcm

SwiftExplicitDependencyGeneratePcm arm64 /Users/kristdev/Desktop/Tools/open-sources/PasteMe/build/ModuleCache.noindex/os-2FTEMVDSAJTZKOSIKAHBKGAUU.pcm

SwiftExplicitDependencyGeneratePcm arm64 /Users/kristdev/Desktop/Tools/open-sources/PasteMe/build/ModuleCache.noindex/IOKit-10CC7KU98R889L331EJHU7R51.pcm

SwiftExplicitDependencyGeneratePcm arm64 /Users/kristdev/Desktop/Tools/open-sources/PasteMe/build/ModuleCache.noindex/Security-56U8APIYME44YXGA8V28M4CDH.pcm

SwiftExplicitDependencyGeneratePcm arm64 /Users/kristdev/Desktop/Tools/open-sources/PasteMe/build/ModuleCache.noindex/ColorSync-36J0DGSUIYZAA6JPB9AA716P3.pcm

SwiftExplicitDependencyGeneratePcm arm64 /Users/kristdev/Desktop/Tools/open-sources/PasteMe/build/ModuleCache.noindex/CFNetwork-5YQ220EL5WTEN9A4C4I7PDD5N.pcm

SwiftExplicitDependencyGeneratePcm arm64 /Users/kristdev/Desktop/Tools/open-sources/PasteMe/build/ModuleCache.noindex/CoreGraphics-B7S732H9OPP9GVW03F6G9WDET.pcm

SwiftExplicitDependencyGeneratePcm arm64 /Users/kristdev/Desktop/Tools/open-sources/PasteMe/build/ModuleCache.noindex/DiskArbitration-1U8MUUNSTP0EUJCV195OI0AUM.pcm

SwiftExplicitDependencyGeneratePcm arm64 /Users/kristdev/Desktop/Tools/open-sources/PasteMe/build/ModuleCache.noindex/CoreServices-C7WB6G2E6O7KVYI9FX3LO64XW.pcm

SwiftExplicitDependencyGeneratePcm arm64 /Users/kristdev/Desktop/Tools/open-sources/PasteMe/build/ModuleCache.noindex/CoreText-AJJZIMEMPO2PBFZSGX9RLK27E.pcm

SwiftExplicitDependencyGeneratePcm arm64 /Users/kristdev/Desktop/Tools/open-sources/PasteMe/build/ModuleCache.noindex/ImageIO-9O3ZLC1Y56DFJ9OXDIX2SPPDV.pcm

SwiftExplicitDependencyGeneratePcm arm64 /Users/kristdev/Desktop/Tools/open-sources/PasteMe/build/ModuleCache.noindex/Foundation-U0IWKC3JVYZUI8N86A9KK23J.pcm

SwiftExplicitDependencyGeneratePcm arm64 /Users/kristdev/Desktop/Tools/open-sources/PasteMe/build/ModuleCache.noindex/Symbols-6Q3ETOH19WJ7DQ4JGL95QM7F2.pcm

SwiftExplicitDependencyGeneratePcm arm64 /Users/kristdev/Desktop/Tools/open-sources/PasteMe/build/ModuleCache.noindex/CoreData-2G4UKIXB794N1YCE8TCKEK5S4.pcm

SwiftExplicitDependencyGeneratePcm arm64 /Users/kristdev/Desktop/Tools/open-sources/PasteMe/build/ModuleCache.noindex/ApplicationServices-4TI1TC9CY9UX9XZTH0FJ9QN1J.pcm

SwiftExplicitDependencyGeneratePcm arm64 /Users/kristdev/Desktop/Tools/open-sources/PasteMe/build/ModuleCache.noindex/OSLog-DRU2XUOPVHZWYSP33NRV1I3ZK.pcm

SwiftExplicitDependencyGeneratePcm arm64 /Users/kristdev/Desktop/Tools/open-sources/PasteMe/build/ModuleCache.noindex/DataDetection-5S8337J298KPFE9NFVY5VX2UT.pcm

SwiftExplicitDependencyGeneratePcm arm64 /Users/kristdev/Desktop/Tools/open-sources/PasteMe/build/ModuleCache.noindex/ServiceManagement-5IC8QEYG2SL3LH7H8AQDCQ5WI.pcm

SwiftExplicitDependencyGeneratePcm arm64 /Users/kristdev/Desktop/Tools/open-sources/PasteMe/build/ModuleCache.noindex/UniformTypeIdentifiers-CQKKQQR1RZAYTGKN17ZG1NP3Y.pcm

SwiftExplicitDependencyGeneratePcm arm64 /Users/kristdev/Desktop/Tools/open-sources/PasteMe/build/ModuleCache.noindex/CoreTransferable-11LOY2W172GCU41Q22UAVDHF4.pcm

SwiftExplicitDependencyGeneratePcm arm64 /Users/kristdev/Desktop/Tools/open-sources/PasteMe/build/ModuleCache.noindex/IOSurface-7GQ4TIAGLI1EE8FP2LV2EKQON.pcm

SwiftExplicitDependencyGeneratePcm arm64 /Users/kristdev/Desktop/Tools/open-sources/PasteMe/build/ModuleCache.noindex/Accessibility-B00SAYLQXOXPX6SJAAXF1SQLV.pcm

SwiftExplicitDependencyGeneratePcm arm64 /Users/kristdev/Desktop/Tools/open-sources/PasteMe/build/Build/Intermediates.noindex/SwiftExplicitPrecompiledModules/Sparkle-425LNUS8KKV07AP9ZK8LUWKJP.pcm

SwiftExplicitDependencyGeneratePcm arm64 /Users/kristdev/Desktop/Tools/open-sources/PasteMe/build/ModuleCache.noindex/Metal-31OBN5LLZ7I4JZSEM18P0X3E8.pcm

SwiftExplicitDependencyGeneratePcm arm64 /Users/kristdev/Desktop/Tools/open-sources/PasteMe/build/ModuleCache.noindex/QuickLook-CYCAP4DKQAHCUI2OBK09MSAM2.pcm

SwiftExplicitDependencyGeneratePcm arm64 /Users/kristdev/Desktop/Tools/open-sources/PasteMe/build/ModuleCache.noindex/Carbon-DSDT2VHLKBL5S7Q0WI7YMAFSY.pcm

SwiftExplicitDependencyGeneratePcm arm64 /Users/kristdev/Desktop/Tools/open-sources/PasteMe/build/ModuleCache.noindex/CoreVideo-96ZXQY0EJQ13PJQW0TBMCCWG5.pcm

SwiftExplicitDependencyGeneratePcm arm64 /Users/kristdev/Desktop/Tools/open-sources/PasteMe/build/ModuleCache.noindex/CoreImage-BNBIA45I88ELW5MLZ7JR0VW4Y.pcm

SwiftExplicitDependencyGeneratePcm arm64 /Users/kristdev/Desktop/Tools/open-sources/PasteMe/build/ModuleCache.noindex/Accelerate-6NKE0M56SF224V05FK0LP2IB4.pcm

SwiftExplicitDependencyGeneratePcm arm64 /Users/kristdev/Desktop/Tools/open-sources/PasteMe/build/ModuleCache.noindex/QuartzCore-9RAUM7KLRA7FRM0ZQ1GHJOO9Z.pcm

SwiftExplicitDependencyGeneratePcm arm64 /Users/kristdev/Desktop/Tools/open-sources/PasteMe/build/ModuleCache.noindex/SwiftUICore-2N93EZPSQ9X312KY7GXS6222J.pcm

SwiftExplicitDependencyGeneratePcm arm64 /Users/kristdev/Desktop/Tools/open-sources/PasteMe/build/ModuleCache.noindex/AppKit-4NYORP9WJJVDAK311PDME4AFT.pcm

SwiftExplicitDependencyGeneratePcm arm64 /Users/kristdev/Desktop/Tools/open-sources/PasteMe/build/ModuleCache.noindex/LinkPresentation-C6YEW0ANZ8IRYC4M863TZ2LX9.pcm

SwiftExplicitDependencyGeneratePcm arm64 /Users/kristdev/Desktop/Tools/open-sources/PasteMe/build/ModuleCache.noindex/SwiftUI-C5SKMM8A8BIAWGBCKB75V1BVR.pcm

SwiftExplicitDependencyGeneratePcm arm64 /Users/kristdev/Desktop/Tools/open-sources/PasteMe/build/ModuleCache.noindex/Cocoa-2FLOB8VWQMRFGEKGM0QVNRBUW.pcm

SwiftExplicitDependencyGeneratePcm arm64 /Users/kristdev/Desktop/Tools/open-sources/PasteMe/build/ModuleCache.noindex/PDFKit-8R65FHAR9W2JMXQ5YUM7IIL3W.pcm

SwiftExplicitDependencyGeneratePcm arm64 /Users/kristdev/Desktop/Tools/open-sources/PasteMe/build/ModuleCache.noindex/QuickLookUI-6SUZRAD8OM5YCQVYF1Q44WXVV.pcm

SwiftCompile normal arm64 Compiling\ AppTheme.swift,\ DraggableItemCard.swift,\ FloatingPanel.swift,\ ItemCard.swift,\ SettingsView.swift,\ SharedExtensions.swift,\ ClipboardManager.swift,\ ClipboardViewModel.swift,\ HotKeyManager.swift,\ KeyboardHelper.swift,\ LaunchManager.swift,\ QuickLookController.swift,\ ClipItem.swift,\ Item.swift,\ Updater.swift,\ AppDelegate.swift,\ ContentView.swift,\ PasteMeApp.swift,\ GeneratedAssetSymbols.swift /Users/kristdev/Desktop/Tools/open-sources/PasteMe/PasteMe/Components/AppTheme.swift /Users/kristdev/Desktop/Tools/open-sources/PasteMe/PasteMe/Components/DraggableItemCard.swift /Users/kristdev/Desktop/Tools/open-sources/PasteMe/PasteMe/Components/FloatingPanel.swift /Users/kristdev/Desktop/Tools/open-sources/PasteMe/PasteMe/Components/ItemCard.swift /Users/kristdev/Desktop/Tools/open-sources/PasteMe/PasteMe/Components/SettingsView.swift /Users/kristdev/Desktop/Tools/open-sources/PasteMe/PasteMe/Extensions/SharedExtensions.swift /Users/kristdev/Desktop/Tools/open-sources/PasteMe/PasteMe/Managers/ClipboardManager.swift /Users/kristdev/Desktop/Tools/open-sources/PasteMe/PasteMe/Managers/ClipboardViewModel.swift /Users/kristdev/Desktop/Tools/open-sources/PasteMe/PasteMe/Managers/HotKeyManager.swift /Users/kristdev/Desktop/Tools/open-sources/PasteMe/PasteMe/Managers/KeyboardHelper.swift /Users/kristdev/Desktop/Tools/open-sources/PasteMe/PasteMe/Managers/LaunchManager.swift /Users/kristdev/Desktop/Tools/open-sources/PasteMe/PasteMe/Managers/QuickLookController.swift /Users/kristdev/Desktop/Tools/open-sources/PasteMe/PasteMe/Models/ClipItem.swift /Users/kristdev/Desktop/Tools/open-sources/PasteMe/PasteMe/Models/Item.swift /Users/kristdev/Desktop/Tools/open-sources/PasteMe/PasteMe/Models/Updater.swift /Users/kristdev/Desktop/Tools/open-sources/PasteMe/PasteMe/AppDelegate.swift /Users/kristdev/Desktop/Tools/open-sources/PasteMe/PasteMe/ContentView.swift /Users/kristdev/Desktop/Tools/open-sources/PasteMe/PasteMe/PasteMeApp.swift /Users/kristdev/Desktop/Tools/open-sources/PasteMe/build/Build/Intermediates.noindex/PasteMe.build/Release/PasteMe.build/DerivedSources/GeneratedAssetSymbols.swift /Applications/Xcode.app/Contents/Developer/Toolchains/XcodeDefault.xctoolchain/usr/lib/swift/macosx/prebuilt-modules/26.5/PDFKit.swiftmodule/arm64e-apple-macos.swiftmodule /Applications/Xcode.app/Contents/Developer/Toolchains/XcodeDefault.xctoolchain/usr/lib/swift/macosx/prebuilt-modules/26.5/CoreData.swiftmodule/arm64e-apple-macos.swiftmodule /Applications/Xcode.app/Contents/Developer/Toolchains/XcodeDefault.xctoolchain/usr/lib/swift/macosx/prebuilt-modules/26.5/_SwiftData_SwiftUI.swiftmodule/arm64e-apple-macos.swiftmodule /Applications/Xcode.app/Contents/Developer/Toolchains/XcodeDefault.xctoolchain/usr/lib/swift/macosx/prebuilt-modules/26.5/AppKit.swiftmodule/arm64e-apple-macos.swiftmodule /Applications/Xcode.app/Contents/Developer/Toolchains/XcodeDefault.xctoolchain/usr/lib/swift/macosx/prebuilt-modules/26.5/Symbols.swiftmodule/arm64e-apple-macos.swiftmodule /Applications/Xcode.app/Contents/Developer/Toolchains/XcodeDefault.xctoolchain/usr/lib/swift/macosx/prebuilt-modules/26.5/_DarwinFoundation3.swiftmodule/arm64e-apple-macos.swiftmodule /Applications/Xcode.app/Contents/Developer/Toolchains/XcodeDefault.xctoolchain/usr/lib/swift/macosx/prebuilt-modules/26.5/CoreVideo.swiftmodule/arm64e-apple-macos.swiftmodule /Applications/Xcode.app/Contents/Developer/Toolchains/XcodeDefault.xctoolchain/usr/lib/swift/macosx/prebuilt-modules/26.5/os.swiftmodule/arm64e-apple-macos.swiftmodule /Applications/Xcode.app/Contents/Developer/Toolchains/XcodeDefault.xctoolchain/usr/lib/swift/macosx/prebuilt-modules/26.5/_DarwinFoundation2.swiftmodule/arm64e-apple-macos.swiftmodule /Applications/Xcode.app/Contents/Developer/Toolchains/XcodeDefault.xctoolchain/usr/lib/swift/macosx/prebuilt-modules/26.5/Darwin.swiftmodule/arm64e-apple-macos.swiftmodule /Applications/Xcode.app/Contents/Developer/Toolchains/XcodeDefault.xctoolchain/usr/lib/swift/macosx/prebuilt-modules/26.5/LinkPresentation.swiftmodule/arm64e-apple-macos.swiftmodule /Applications/Xcode.app/Contents/Developer/Toolchains/XcodeDefault.xctoolchain/usr/lib/swift/macosx/prebuilt-modules/26.5/IOKit.swiftmodule/arm64e-apple-macos.swiftmodule /Applications/Xcode.app/Contents/Developer/Toolchains/XcodeDefault.xctoolchain/usr/lib/swift/macosx/prebuilt-modules/26.5/Accelerate.swiftmodule/arm64e-apple-macos.swiftmodule /Applications/Xcode.app/Contents/Developer/Toolchains/XcodeDefault.xctoolchain/usr/lib/swift/macosx/prebuilt-modules/26.5/_Concurrency.swiftmodule/arm64e-apple-macos.swiftmodule /Applications/Xcode.app/Contents/Developer/Toolchains/XcodeDefault.xctoolchain/usr/lib/swift/macosx/prebuilt-modules/26.5/Metal.swiftmodule/arm64e-apple-macos.swiftmodule /Applications/Xcode.app/Contents/Developer/Toolchains/XcodeDefault.xctoolchain/usr/lib/swift/macosx/prebuilt-modules/26.5/ObjectiveC.swiftmodule/arm64e-apple-macos.swiftmodule /Applications/Xcode.app/Contents/Developer/Toolchains/XcodeDefault.xctoolchain/usr/lib/swift/macosx/prebuilt-modules/26.5/DeveloperToolsSupport.swiftmodule/arm64e-apple-macos.swiftmodule /Applications/Xcode.app/Contents/Developer/Toolchains/XcodeDefault.xctoolchain/usr/lib/swift/macosx/prebuilt-modules/26.5/_DarwinFoundation1.swiftmodule/arm64e-apple-macos.swiftmodule /Applications/Xcode.app/Contents/Developer/Toolchains/XcodeDefault.xctoolchain/usr/lib/swift/macosx/prebuilt-modules/26.5/CoreText.swiftmodule/arm64e-apple-macos.swiftmodule /Applications/Xcode.app/Contents/Developer/Toolchains/XcodeDefault.xctoolchain/usr/lib/swift/macosx/prebuilt-modules/26.5/System.swiftmodule/arm64e-apple-macos.swiftmodule /Applications/Xcode.app/Contents/Developer/Toolchains/XcodeDefault.xctoolchain/usr/lib/swift/macosx/prebuilt-modules/26.5/CoreImage.swiftmodule/arm64e-apple-macos.swiftmodule /Applications/Xcode.app/Contents/Developer/Toolchains/XcodeDefault.xctoolchain/usr/lib/swift/macosx/prebuilt-modules/26.5/QuartzCore.swiftmodule/arm64e-apple-macos.swiftmodule /Applications/Xcode.app/Contents/Developer/Toolchains/XcodeDefault.xctoolchain/usr/lib/swift/macosx/prebuilt-modules/26.5/_Builtin_float.swiftmodule/arm64e-apple-macos.swiftmodule /Applications/Xcode.app/Contents/Developer/Toolchains/XcodeDefault.xctoolchain/usr/lib/swift/macosx/prebuilt-modules/26.5/CoreFoundation.swiftmodule/arm64e-apple-macos.swiftmodule /Applications/Xcode.app/Contents/Developer/Toolchains/XcodeDefault.xctoolchain/usr/lib/swift/macosx/prebuilt-modules/26.5/Dispatch.swiftmodule/arm64e-apple-macos.swiftmodule /Applications/Xcode.app/Contents/Developer/Toolchains/XcodeDefault.xctoolchain/usr/lib/swift/macosx/prebuilt-modules/26.5/CoreGraphics.swiftmodule/arm64e-apple-macos.swiftmodule /Applications/Xcode.app/Contents/Developer/Toolchains/XcodeDefault.xctoolchain/usr/lib/swift/macosx/prebuilt-modules/26.5/UniformTypeIdentifiers.swiftmodule/arm64e-apple-macos.swiftmodule /Applications/Xcode.app/Contents/Developer/Toolchains/XcodeDefault.xctoolchain/usr/lib/swift/macosx/prebuilt-modules/26.5/Combine.swiftmodule/arm64e-apple-macos.swiftmodule /Applications/Xcode.app/Contents/Developer/Toolchains/XcodeDefault.xctoolchain/usr/lib/swift/macosx/prebuilt-modules/26.5/SwiftData.swiftmodule/arm64e-apple-macos.swiftmodule /Applications/Xcode.app/Contents/Developer/Toolchains/XcodeDefault.xctoolchain/usr/lib/swift/macosx/prebuilt-modules/26.5/SwiftUICore.swiftmodule/arm64e-apple-macos.swiftmodule /Applications/Xcode.app/Contents/Developer/Toolchains/XcodeDefault.xctoolchain/usr/lib/swift/macosx/prebuilt-modules/26.5/_StringProcessing.swiftmodule/arm64e-apple-macos.swiftmodule /Applications/Xcode.app/Contents/Developer/Toolchains/XcodeDefault.xctoolchain/usr/lib/swift/macosx/prebuilt-modules/26.5/Observation.swiftmodule/arm64e-apple-macos.swiftmodule /Applications/Xcode.app/Contents/Developer/Toolchains/XcodeDefault.xctoolchain/usr/lib/swift/macosx/prebuilt-modules/26.5/QuickLookUI.swiftmodule/arm64e-apple-macos.swiftmodule /Applications/Xcode.app/Contents/Developer/Toolchains/XcodeDefault.xctoolchain/usr/lib/swift/macosx/prebuilt-modules/26.5/OSLog.swiftmodule/arm64e-apple-macos.swiftmodule /Applications/Xcode.app/Contents/Developer/Toolchains/XcodeDefault.xctoolchain/usr/lib/swift/macosx/prebuilt-modules/26.5/Foundation.swiftmodule/arm64e-apple-macos.swiftmodule /Applications/Xcode.app/Contents/Developer/Toolchains/XcodeDefault.xctoolchain/usr/lib/swift/macosx/prebuilt-modules/26.5/Swift.swiftmodule/arm64e-apple-macos.swiftmodule /Applications/Xcode.app/Contents/Developer/Toolchains/XcodeDefault.xctoolchain/usr/lib/swift/macosx/prebuilt-modules/26.5/Spatial.swiftmodule/arm64e-apple-macos.swiftmodule /Applications/Xcode.app/Contents/Developer/Toolchains/XcodeDefault.xctoolchain/usr/lib/swift/macosx/prebuilt-modules/26.5/DataDetection.swiftmodule/arm64e-apple-macos.swiftmodule /Applications/Xcode.app/Contents/Developer/Toolchains/XcodeDefault.xctoolchain/usr/lib/swift/macosx/prebuilt-modules/26.5/XPC.swiftmodule/arm64e-apple-macos.swiftmodule /Applications/Xcode.app/Contents/Developer/Toolchains/XcodeDefault.xctoolchain/usr/lib/swift/macosx/prebuilt-modules/26.5/SwiftUI.swiftmodule/arm64e-apple-macos.swiftmodule /Applications/Xcode.app/Contents/Developer/Toolchains/XcodeDefault.xctoolchain/usr/lib/swift/macosx/prebuilt-modules/26.5/CoreTransferable.swiftmodule/arm64e-apple-macos.swiftmodule /Applications/Xcode.app/Contents/Developer/Toolchains/XcodeDefault.xctoolchain/usr/lib/swift/macosx/prebuilt-modules/26.5/Accessibility.swiftmodule/arm64e-apple-macos.swiftmodule /Applications/Xcode.app/Contents/Developer/Toolchains/XcodeDefault.xctoolchain/usr/lib/swift/macosx/prebuilt-modules/26.5/simd.swiftmodule/arm64e-apple-macos.swiftmodule /Users/kristdev/Desktop/Tools/open-sources/PasteMe/build/ModuleCache.noindex/CoreTransferable-11LOY2W172GCU41Q22UAVDHF4.pcm /Users/kristdev/Desktop/Tools/open-sources/PasteMe/build/ModuleCache.noindex/OpenGL-17HRLCP702WCGJP83BYIQSDS7.pcm /Users/kristdev/Desktop/Tools/open-sources/PasteMe/build/ModuleCache.noindex/_DarwinFoundation1-87BNJ4WCWOA7SNH1X5P7CLAIQ.pcm /Users/kristdev/Desktop/Tools/open-sources/PasteMe/build/ModuleCache.noindex/os_workgroup-7ZU11QQFFXGVU2AEUEJWK9FRU.pcm /Users/kristdev/Desktop/Tools/open-sources/PasteMe/build/ModuleCache.noindex/LinkPresentation-C6YEW0ANZ8IRYC4M863TZ2LX9.pcm /Users/kristdev/Desktop/Tools/open-sources/PasteMe/build/ModuleCache.noindex/CoreText-AJJZIMEMPO2PBFZSGX9RLK27E.pcm /Users/kristdev/Desktop/Tools/open-sources/PasteMe/build/ModuleCache.noindex/QuickLookUI-6SUZRAD8OM5YCQVYF1Q44WXVV.pcm /Users/kristdev/Desktop/Tools/open-sources/PasteMe/build/ModuleCache.noindex/Symbols-6Q3ETOH19WJ7DQ4JGL95QM7F2.pcm /Users/kristdev/Desktop/Tools/open-sources/PasteMe/build/ModuleCache.noindex/UniformTypeIdentifiers-CQKKQQR1RZAYTGKN17ZG1NP3Y.pcm /Users/kristdev/Desktop/Tools/open-sources/PasteMe/build/ModuleCache.noindex/IOSurface-7GQ4TIAGLI1EE8FP2LV2EKQON.pcm /Users/kristdev/Desktop/Tools/open-sources/PasteMe/build/ModuleCache.noindex/_SwiftConcurrencyShims-1CCIUM7VDY06ETM2TJDE2KK6X.pcm /Users/kristdev/Desktop/Tools/open-sources/PasteMe/build/ModuleCache.noindex/_Builtin_tgmath-AT9CNP4AQPE2WP5TDJ95OWBQJ.pcm /Users/kristdev/Desktop/Tools/open-sources/PasteMe/build/ModuleCache.noindex/ServiceManagement-5IC8QEYG2SL3LH7H8AQDCQ5WI.pcm /Users/kristdev/Desktop/Tools/open-sources/PasteMe/build/ModuleCache.noindex/Foundation-U0IWKC3JVYZUI8N86A9KK23J.pcm /Users/kristdev/Desktop/Tools/open-sources/PasteMe/build/ModuleCache.noindex/_DarwinFoundation3-9LUIW9W6TF7MVOHI0FO4947ZI.pcm /Users/kristdev/Desktop/Tools/open-sources/PasteMe/build/ModuleCache.noindex/CoreVideo-96ZXQY0EJQ13PJQW0TBMCCWG5.pcm /Users/kristdev/Desktop/Tools/open-sources/PasteMe/build/ModuleCache.noindex/CoreGraphics-B7S732H9OPP9GVW03F6G9WDET.pcm /Users/kristdev/Desktop/Tools/open-sources/PasteMe/build/ModuleCache.noindex/SwiftUICore-2N93EZPSQ9X312KY7GXS6222J.pcm /Users/kristdev/Desktop/Tools/open-sources/PasteMe/build/ModuleCache.noindex/_Builtin_stdbool-6TL6PX5JQXN143X2VXPNYCDWH.pcm /Users/kristdev/Desktop/Tools/open-sources/PasteMe/build/ModuleCache.noindex/CoreImage-BNBIA45I88ELW5MLZ7JR0VW4Y.pcm /Users/kristdev/Desktop/Tools/open-sources/PasteMe/build/ModuleCache.noindex/CUPS-CP6XBH8JA5GHTQD51EHOZ3MW9.pcm /Users/kristdev/Desktop/Tools/open-sources/PasteMe/build/ModuleCache.noindex/_DarwinFoundation2-4OCRAITZOF687BGYYP8LKT15L.pcm /Users/kristdev/Desktop/Tools/open-sources/PasteMe/build/ModuleCache.noindex/Spatial-8AADJCYUKSGVZTID7PNE7AU1R.pcm /Users/kristdev/Desktop/Tools/open-sources/PasteMe/build/ModuleCache.noindex/SwiftShims-ERJY4LQR7X1L5ZVN78XWSDMZ3.pcm /Users/kristdev/Desktop/Tools/open-sources/PasteMe/build/ModuleCache.noindex/sys_types-DBQZSHWMWIHZSCLI115AO8KA6.pcm /Users/kristdev/Desktop/Tools/open-sources/PasteMe/build/ModuleCache.noindex/_Builtin_stdatomic-1YHVEN5RX5F11GDIA0RKREA1I.pcm /Users/kristdev/Desktop/Tools/open-sources/PasteMe/build/ModuleCache.noindex/Darwin-36KCZB0OXAUG2QZH56JVZ0NMB.pcm /Users/kristdev/Desktop/Tools/open-sources/PasteMe/build/ModuleCache.noindex/_Builtin_stdint-91DDIEHKIE6YUUTILGD74G1T1.pcm /Users/kristdev/Desktop/Tools/open-sources/PasteMe/build/ModuleCache.noindex/OSLog-DRU2XUOPVHZWYSP33NRV1I3ZK.pcm /Users/kristdev/Desktop/Tools/open-sources/PasteMe/build/ModuleCache.noindex/PDFKit-8R65FHAR9W2JMXQ5YUM7IIL3W.pcm /Users/kristdev/Desktop/Tools/open-sources/PasteMe/build/ModuleCache.noindex/libkern-9HQRUN3T2IFZVP9SWV9Q7U9JX.pcm /Users/kristdev/Desktop/Tools/open-sources/PasteMe/build/ModuleCache.noindex/DiskArbitration-1U8MUUNSTP0EUJCV195OI0AUM.pcm /Users/kristdev/Desktop/Tools/open-sources/PasteMe/build/ModuleCache.noindex/CoreFoundation-B371T3222Y4RXSO8CCZECS8AX.pcm /Users/kristdev/Desktop/Tools/open-sources/PasteMe/build/ModuleCache.noindex/ptrauth-3AAID19I3IP3EBH0F2AZCPPO0.pcm /Users/kristdev/Desktop/Tools/open-sources/PasteMe/build/ModuleCache.noindex/_AvailabilityInternal-3HQGIDV5R9XP3SQHF0L5BF20G.pcm /Users/kristdev/Desktop/Tools/open-sources/PasteMe/build/ModuleCache.noindex/CoreServices-C7WB6G2E6O7KVYI9FX3LO64XW.pcm /Users/kristdev/Desktop/Tools/open-sources/PasteMe/build/ModuleCache.noindex/QuartzCore-9RAUM7KLRA7FRM0ZQ1GHJOO9Z.pcm /Users/kristdev/Desktop/Tools/open-sources/PasteMe/build/ModuleCache.noindex/CFNetwork-5YQ220EL5WTEN9A4C4I7PDD5N.pcm /Users/kristdev/Desktop/Tools/open-sources/PasteMe/build/ModuleCache.noindex/_Builtin_intrinsics-6IM6M9JDIJ8NFKKISJHC6V0SW.pcm /Users/kristdev/Desktop/Tools/open-sources/PasteMe/build/ModuleCache.noindex/launch-5YC3HJIPUH0RM8EPOEJKVKVG7.pcm /Users/kristdev/Desktop/Tools/open-sources/PasteMe/build/ModuleCache.noindex/_Builtin_limits-5VAC6CLN1LR3OU136FKBTDSFU.pcm /Users/kristdev/Desktop/Tools/open-sources/PasteMe/build/ModuleCache.noindex/libDER-BXZNZOSKAI3JKXHA3ZX0LNTN1.pcm /Users/kristdev/Desktop/Tools/open-sources/PasteMe/build/ModuleCache.noindex/Accelerate-6NKE0M56SF224V05FK0LP2IB4.pcm /Users/kristdev/Desktop/Tools/open-sources/PasteMe/build/ModuleCache.noindex/ColorSync-36J0DGSUIYZAA6JPB9AA716P3.pcm /Users/kristdev/Desktop/Tools/open-sources/PasteMe/build/ModuleCache.noindex/_Builtin_float-CT8WDI5R5EQ3RR6B54QTM6K4Q.pcm /Users/kristdev/Desktop/Tools/open-sources/PasteMe/build/ModuleCache.noindex/MachO-B9IT2LRMQYUV8E1F7VP2N6VUQ.pcm /Users/kristdev/Desktop/Tools/open-sources/PasteMe/build/ModuleCache.noindex/os-2FTEMVDSAJTZKOSIKAHBKGAUU.pcm /Users/kristdev/Desktop/Tools/open-sources/PasteMe/build/ModuleCache.noindex/DeveloperToolsSupport-ATICMDGZ1HQ368RAOHAPRXL7J.pcm /Users/kristdev/Desktop/Tools/open-sources/PasteMe/build/ModuleCache.noindex/_Builtin_stdarg-AJ6T2LA2938FRTNL59JN3AT0Y.pcm /Users/kristdev/Desktop/Tools/open-sources/PasteMe/build/ModuleCache.noindex/Security-56U8APIYME44YXGA8V28M4CDH.pcm /Users/kristdev/Desktop/Tools/open-sources/PasteMe/build/ModuleCache.noindex/ObjectiveC-1MVCSDN53877RO5F1OMDGUTRF.pcm /Users/kristdev/Desktop/Tools/open-sources/PasteMe/build/ModuleCache.noindex/Carbon-DSDT2VHLKBL5S7Q0WI7YMAFSY.pcm /Users/kristdev/Desktop/Tools/open-sources/PasteMe/build/ModuleCache.noindex/ptrcheck-BOWVOPYW9EMTHBRLO6M10VS18.pcm /Users/kristdev/Desktop/Tools/open-sources/PasteMe/build/ModuleCache.noindex/CoreData-2G4UKIXB794N1YCE8TCKEK5S4.pcm /Users/kristdev/Desktop/Tools/open-sources/PasteMe/build/ModuleCache.noindex/os_object-4UCGPOB8E19WHDG7XD0BPSAFZ.pcm /Users/kristdev/Desktop/Tools/open-sources/PasteMe/build/ModuleCache.noindex/_Builtin_stddef-2FHFW2PYMF2GLS9H1MD8F0BJM.pcm /Users/kristdev/Desktop/Tools/open-sources/PasteMe/build/ModuleCache.noindex/Dispatch-DJ876E8LIL54MCTL9MDYXMHXV.pcm /Users/kristdev/Desktop/Tools/open-sources/PasteMe/build/Build/Intermediates.noindex/SwiftExplicitPrecompiledModules/Sparkle-425LNUS8KKV07AP9ZK8LUWKJP.pcm /Users/kristdev/Desktop/Tools/open-sources/PasteMe/build/ModuleCache.noindex/_Builtin_inttypes-COAGYZD1F2VFGFNBY1AK8A9W1.pcm /Users/kristdev/Desktop/Tools/open-sources/PasteMe/build/ModuleCache.noindex/QuickLook-CYCAP4DKQAHCUI2OBK09MSAM2.pcm /Users/kristdev/Desktop/Tools/open-sources/PasteMe/build/ModuleCache.noindex/Accessibility-B00SAYLQXOXPX6SJAAXF1SQLV.pcm /Users/kristdev/Desktop/Tools/open-sources/PasteMe/build/ModuleCache.noindex/ImageIO-9O3ZLC1Y56DFJ9OXDIX2SPPDV.pcm /Users/kristdev/Desktop/Tools/open-sources/PasteMe/build/ModuleCache.noindex/IOKit-10CC7KU98R889L331EJHU7R51.pcm /Users/kristdev/Desktop/Tools/open-sources/PasteMe/build/ModuleCache.noindex/DataDetection-5S8337J298KPFE9NFVY5VX2UT.pcm /Users/kristdev/Desktop/Tools/open-sources/PasteMe/build/ModuleCache.noindex/simd-DTKNI69JS5PLLLPMIRWK46QIO.pcm /Users/kristdev/Desktop/Tools/open-sources/PasteMe/build/ModuleCache.noindex/AppKit-4NYORP9WJJVDAK311PDME4AFT.pcm /Users/kristdev/Desktop/Tools/open-sources/PasteMe/build/ModuleCache.noindex/ApplicationServices-4TI1TC9CY9UX9XZTH0FJ9QN1J.pcm /Users/kristdev/Desktop/Tools/open-sources/PasteMe/build/ModuleCache.noindex/XPC-18FYUFPQE5LMJCZ5TY1TQPFJW.pcm /Users/kristdev/Desktop/Tools/open-sources/PasteMe/build/ModuleCache.noindex/SwiftUI-C5SKMM8A8BIAWGBCKB75V1BVR.pcm /Users/kristdev/Desktop/Tools/open-sources/PasteMe/build/ModuleCache.noindex/Cocoa-2FLOB8VWQMRFGEKGM0QVNRBUW.pcm /Users/kristdev/Desktop/Tools/open-sources/PasteMe/build/ModuleCache.noindex/Metal-31OBN5LLZ7I4JZSEM18P0X3E8.pcm /Users/kristdev/Desktop/Tools/open-sources/PasteMe/build/Build/Intermediates.noindex/PasteMe.build/Release/PasteMe.build/Objects-normal/arm64/PasteMe-dependencies-1.json (in target 'PasteMe' from project 'PasteMe')

CompileSwift normal arm64 (in target 'PasteMe' from project 'PasteMe')
    cd /Users/kristdev/Desktop/Tools/open-sources/PasteMe
    
/Users/kristdev/Desktop/Tools/open-sources/PasteMe/PasteMe/Components/SettingsView.swift:140:18: warning: 'onChange(of:perform:)' was deprecated in macOS 14.0: Use `onChange` with a two or zero parameter action closure instead.
                .onChange(of: appTheme) { _ in
                 ^
/Users/kristdev/Desktop/Tools/open-sources/PasteMe/PasteMe/Components/SettingsView.swift:145:18: warning: 'onChange(of:perform:)' was deprecated in macOS 14.0: Use `onChange` with a two or zero parameter action closure instead.
                .onChange(of: showMenuBarIcon) { _ in
                 ^
/Users/kristdev/Desktop/Tools/open-sources/PasteMe/PasteMe/Components/SettingsView.swift:174:18: warning: 'onChange(of:perform:)' was deprecated in macOS 14.0: Use `onChange` with a two or zero parameter action closure instead.
                .onChange(of: toggleHotkeyIndex) { _ in
                 ^
/Users/kristdev/Desktop/Tools/open-sources/PasteMe/PasteMe/Components/SettingsView.swift:184:18: warning: 'onChange(of:perform:)' was deprecated in macOS 14.0: Use `onChange` with a two or zero parameter action closure instead.
                .onChange(of: clearHistoryHotkeyIndex) { _ in
                 ^
/Users/kristdev/Desktop/Tools/open-sources/PasteMe/PasteMe/Managers/HotKeyManager.swift:73:17: warning: variable 'clearKeyCode' was never mutated; consider changing to 'let' constant
            var clearKeyCode: UInt32 = 0x33 // 0x33 = 'Delete'
            ~~~ ^
            let

SwiftDriverJobDiscovery normal arm64 Compiling AppTheme.swift, DraggableItemCard.swift, FloatingPanel.swift, ItemCard.swift, SettingsView.swift, SharedExtensions.swift, ClipboardManager.swift, ClipboardViewModel.swift, HotKeyManager.swift, KeyboardHelper.swift, LaunchManager.swift, QuickLookController.swift, ClipItem.swift, Item.swift, Updater.swift, AppDelegate.swift, ContentView.swift, PasteMeApp.swift, GeneratedAssetSymbols.swift (in target 'PasteMe' from project 'PasteMe')

SwiftDriver\ Compilation\ Requirements PasteMe normal arm64 com.apple.xcode.tools.swift.compiler (in target 'PasteMe' from project 'PasteMe')
    cd /Users/kristdev/Desktop/Tools/open-sources/PasteMe
    builtin-Swift-Compilation-Requirements -- /Applications/Xcode.app/Contents/Developer/Toolchains/XcodeDefault.xctoolchain/usr/bin/swiftc -module-name PasteMe -O -whole-module-optimization @/Users/kristdev/Desktop/Tools/open-sources/PasteMe/build/Build/Intermediates.noindex/PasteMe.build/Release/PasteMe.build/Objects-normal/arm64/PasteMe.SwiftFileList -default-isolation\=MainActor -enable-bare-slash-regex -enable-upcoming-feature DisableOutwardActorInference -enable-upcoming-feature InferSendableFromCaptures -enable-upcoming-feature GlobalActorIsolatedTypesUsability -enable-upcoming-feature MemberImportVisibility -enable-upcoming-feature InferIsolatedConformances -enable-upcoming-feature NonisolatedNonsendingByDefault -enable-experimental-feature DebugDescriptionMacro -sdk /Applications/Xcode.app/Contents/Developer/Platforms/MacOSX.platform/Developer/SDKs/MacOSX26.5.sdk -target arm64-apple-macos26.0 -g -module-cache-path /Users/kristdev/Desktop/Tools/open-sources/PasteMe/build/ModuleCache.noindex -Xfrontend -serialize-debugging-options -swift-version 5 -I /Users/kristdev/Desktop/Tools/open-sources/PasteMe/build/Build/Products/Release -F /Users/kristdev/Desktop/Tools/open-sources/PasteMe/build/Build/Products/Release -emit-localized-strings -emit-localized-strings-path /Users/kristdev/Desktop/Tools/open-sources/PasteMe/build/Build/Intermediates.noindex/PasteMe.build/Release/PasteMe.build/Objects-normal/arm64 -c -num-threads 12 -Xcc -ivfsstatcache -Xcc /Users/kristdev/Desktop/Tools/open-sources/PasteMe/build/SDKStatCaches.noindex/macosx26.5-25F70-e082c4a02f00227109f4ed75e425c832.sdkstatcache -output-file-map /Users/kristdev/Desktop/Tools/open-sources/PasteMe/build/Build/Intermediates.noindex/PasteMe.build/Release/PasteMe.build/Objects-normal/arm64/PasteMe-OutputFileMap.json -use-frontend-parseable-output -save-temps -no-color-diagnostics -explicit-module-build -module-cache-path /Users/kristdev/Desktop/Tools/open-sources/PasteMe/build/Build/Intermediates.noindex/SwiftExplicitPrecompiledModules -clang-scanner-module-cache-path /Users/kristdev/Desktop/Tools/open-sources/PasteMe/build/ModuleCache.noindex -sdk-module-cache-path /Users/kristdev/Desktop/Tools/open-sources/PasteMe/build/ModuleCache.noindex -serialize-diagnostics -emit-dependencies -emit-module -emit-module-path /Users/kristdev/Desktop/Tools/open-sources/PasteMe/build/Build/Intermediates.noindex/PasteMe.build/Release/PasteMe.build/Objects-normal/arm64/PasteMe.swiftmodule -validate-clang-modules-once -clang-build-session-file /Users/kristdev/Desktop/Tools/open-sources/PasteMe/build/ModuleCache.noindex/Session.modulevalidation -Xcc -I/Users/kristdev/Desktop/Tools/open-sources/PasteMe/build/Build/Intermediates.noindex/PasteMe.build/Release/PasteMe.build/swift-overrides.hmap -emit-const-values -Xfrontend -const-gather-protocols-file -Xfrontend /Users/kristdev/Desktop/Tools/open-sources/PasteMe/build/Build/Intermediates.noindex/PasteMe.build/Release/PasteMe.build/Objects-normal/arm64/PasteMe_const_extract_protocols.json -Xcc -iquote -Xcc /Users/kristdev/Desktop/Tools/open-sources/PasteMe/build/Build/Intermediates.noindex/PasteMe.build/Release/PasteMe.build/PasteMe-generated-files.hmap -Xcc -I/Users/kristdev/Desktop/Tools/open-sources/PasteMe/build/Build/Intermediates.noindex/PasteMe.build/Release/PasteMe.build/PasteMe-own-target-headers.hmap -Xcc -I/Users/kristdev/Desktop/Tools/open-sources/PasteMe/build/Build/Intermediates.noindex/PasteMe.build/Release/PasteMe.build/PasteMe-all-target-headers.hmap -Xcc -iquote -Xcc /Users/kristdev/Desktop/Tools/open-sources/PasteMe/build/Build/Intermediates.noindex/PasteMe.build/Release/PasteMe.build/PasteMe-project-headers.hmap -Xcc -I/Users/kristdev/Desktop/Tools/open-sources/PasteMe/build/Build/Products/Release/include -Xcc -I/Users/kristdev/Desktop/Tools/open-sources/PasteMe/build/Build/Intermediates.noindex/PasteMe.build/Release/PasteMe.build/DerivedSources-normal/arm64 -Xcc -I/Users/kristdev/Desktop/Tools/open-sources/PasteMe/build/Build/Intermediates.noindex/PasteMe.build/Release/PasteMe.build/DerivedSources/arm64 -Xcc -I/Users/kristdev/Desktop/Tools/open-sources/PasteMe/build/Build/Intermediates.noindex/PasteMe.build/Release/PasteMe.build/DerivedSources -emit-objc-header -emit-objc-header-path /Users/kristdev/Desktop/Tools/open-sources/PasteMe/build/Build/Intermediates.noindex/PasteMe.build/Release/PasteMe.build/Objects-normal/arm64/PasteMe-Swift.h -working-directory /Users/kristdev/Desktop/Tools/open-sources/PasteMe -no-emit-module-separately-wmo

SwiftMergeGeneratedHeaders /Users/kristdev/Desktop/Tools/open-sources/PasteMe/build/Build/Intermediates.noindex/PasteMe.build/Release/PasteMe.build/DerivedSources/PasteMe-Swift.h /Users/kristdev/Desktop/Tools/open-sources/PasteMe/build/Build/Intermediates.noindex/PasteMe.build/Release/PasteMe.build/Objects-normal/arm64/PasteMe-Swift.h (in target 'PasteMe' from project 'PasteMe')
    cd /Users/kristdev/Desktop/Tools/open-sources/PasteMe
    builtin-swiftHeaderTool -arch arm64 /Users/kristdev/Desktop/Tools/open-sources/PasteMe/build/Build/Intermediates.noindex/PasteMe.build/Release/PasteMe.build/Objects-normal/arm64/PasteMe-Swift.h -o /Users/kristdev/Desktop/Tools/open-sources/PasteMe/build/Build/Intermediates.noindex/PasteMe.build/Release/PasteMe.build/DerivedSources/PasteMe-Swift.h

Copy /Users/kristdev/Desktop/Tools/open-sources/PasteMe/build/Build/Products/Release/PasteMe.swiftmodule/arm64-apple-macos.abi.json /Users/kristdev/Desktop/Tools/open-sources/PasteMe/build/Build/Intermediates.noindex/PasteMe.build/Release/PasteMe.build/Objects-normal/arm64/PasteMe.abi.json (in target 'PasteMe' from project 'PasteMe')
    cd /Users/kristdev/Desktop/Tools/open-sources/PasteMe
    builtin-copy -exclude .DS_Store -exclude CVS -exclude .svn -exclude .git -exclude .hg -resolve-src-symlinks -rename /Users/kristdev/Desktop/Tools/open-sources/PasteMe/build/Build/Intermediates.noindex/PasteMe.build/Release/PasteMe.build/Objects-normal/arm64/PasteMe.abi.json /Users/kristdev/Desktop/Tools/open-sources/PasteMe/build/Build/Products/Release/PasteMe.swiftmodule/arm64-apple-macos.abi.json

Copy /Users/kristdev/Desktop/Tools/open-sources/PasteMe/build/Build/Products/Release/PasteMe.swiftmodule/arm64-apple-macos.swiftmodule /Users/kristdev/Desktop/Tools/open-sources/PasteMe/build/Build/Intermediates.noindex/PasteMe.build/Release/PasteMe.build/Objects-normal/arm64/PasteMe.swiftmodule (in target 'PasteMe' from project 'PasteMe')
    cd /Users/kristdev/Desktop/Tools/open-sources/PasteMe
    builtin-copy -exclude .DS_Store -exclude CVS -exclude .svn -exclude .git -exclude .hg -resolve-src-symlinks -rename /Users/kristdev/Desktop/Tools/open-sources/PasteMe/build/Build/Intermediates.noindex/PasteMe.build/Release/PasteMe.build/Objects-normal/arm64/PasteMe.swiftmodule /Users/kristdev/Desktop/Tools/open-sources/PasteMe/build/Build/Products/Release/PasteMe.swiftmodule/arm64-apple-macos.swiftmodule

Copy /Users/kristdev/Desktop/Tools/open-sources/PasteMe/build/Build/Products/Release/PasteMe.swiftmodule/arm64-apple-macos.swiftdoc /Users/kristdev/Desktop/Tools/open-sources/PasteMe/build/Build/Intermediates.noindex/PasteMe.build/Release/PasteMe.build/Objects-normal/arm64/PasteMe.swiftdoc (in target 'PasteMe' from project 'PasteMe')
    cd /Users/kristdev/Desktop/Tools/open-sources/PasteMe
    builtin-copy -exclude .DS_Store -exclude CVS -exclude .svn -exclude .git -exclude .hg -resolve-src-symlinks -rename /Users/kristdev/Desktop/Tools/open-sources/PasteMe/build/Build/Intermediates.noindex/PasteMe.build/Release/PasteMe.build/Objects-normal/arm64/PasteMe.swiftdoc /Users/kristdev/Desktop/Tools/open-sources/PasteMe/build/Build/Products/Release/PasteMe.swiftmodule/arm64-apple-macos.swiftdoc

Copy /Users/kristdev/Desktop/Tools/open-sources/PasteMe/build/Build/Products/Release/PasteMe.swiftmodule/Project/arm64-apple-macos.swiftsourceinfo /Users/kristdev/Desktop/Tools/open-sources/PasteMe/build/Build/Intermediates.noindex/PasteMe.build/Release/PasteMe.build/Objects-normal/arm64/PasteMe.swiftsourceinfo (in target 'PasteMe' from project 'PasteMe')
    cd /Users/kristdev/Desktop/Tools/open-sources/PasteMe
    builtin-copy -exclude .DS_Store -exclude CVS -exclude .svn -exclude .git -exclude .hg -resolve-src-symlinks -rename /Users/kristdev/Desktop/Tools/open-sources/PasteMe/build/Build/Intermediates.noindex/PasteMe.build/Release/PasteMe.build/Objects-normal/arm64/PasteMe.swiftsourceinfo /Users/kristdev/Desktop/Tools/open-sources/PasteMe/build/Build/Products/Release/PasteMe.swiftmodule/Project/arm64-apple-macos.swiftsourceinfo

Ld /Users/kristdev/Desktop/Tools/open-sources/PasteMe/build/Build/Products/Release/PasteMe.app/Contents/MacOS/PasteMe normal (in target 'PasteMe' from project 'PasteMe')
    cd /Users/kristdev/Desktop/Tools/open-sources/PasteMe
    /Applications/Xcode.app/Contents/Developer/Toolchains/XcodeDefault.xctoolchain/usr/bin/clang -Xlinker -reproducible -target arm64-apple-macos26.0 -isysroot /Applications/Xcode.app/Contents/Developer/Platforms/MacOSX.platform/Developer/SDKs/MacOSX26.5.sdk -Os -L/Users/kristdev/Desktop/Tools/open-sources/PasteMe/build/Build/Intermediates.noindex/EagerLinkingTBDs/Release -L/Users/kristdev/Desktop/Tools/open-sources/PasteMe/build/Build/Products/Release -F/Users/kristdev/Desktop/Tools/open-sources/PasteMe/build/Build/Intermediates.noindex/EagerLinkingTBDs/Release -F/Users/kristdev/Desktop/Tools/open-sources/PasteMe/build/Build/Products/Release -filelist /Users/kristdev/Desktop/Tools/open-sources/PasteMe/build/Build/Intermediates.noindex/PasteMe.build/Release/PasteMe.build/Objects-normal/arm64/PasteMe.LinkFileList -Xlinker -rpath -Xlinker @executable_path/../Frameworks -Xlinker -object_path_lto -Xlinker /Users/kristdev/Desktop/Tools/open-sources/PasteMe/build/Build/Intermediates.noindex/PasteMe.build/Release/PasteMe.build/Objects-normal/arm64/PasteMe_lto.o -Xlinker -dependency_info -Xlinker /Users/kristdev/Desktop/Tools/open-sources/PasteMe/build/Build/Intermediates.noindex/PasteMe.build/Release/PasteMe.build/Objects-normal/arm64/PasteMe_dependency_info.dat -fobjc-link-runtime -L/Applications/Xcode.app/Contents/Developer/Toolchains/XcodeDefault.xctoolchain/usr/lib/swift/macosx -L/usr/lib/swift -Xlinker -add_ast_path -Xlinker /Users/kristdev/Desktop/Tools/open-sources/PasteMe/build/Build/Intermediates.noindex/PasteMe.build/Release/PasteMe.build/Objects-normal/arm64/PasteMe.swiftmodule @/Users/kristdev/Desktop/Tools/open-sources/PasteMe/build/Build/Intermediates.noindex/PasteMe.build/Release/PasteMe.build/Objects-normal/arm64/PasteMe-linker-args.resp -framework Sparkle -Xlinker -no_adhoc_codesign -o /Users/kristdev/Desktop/Tools/open-sources/PasteMe/build/Build/Products/Release/PasteMe.app/Contents/MacOS/PasteMe

CopySwiftLibs /Users/kristdev/Desktop/Tools/open-sources/PasteMe/build/Build/Products/Release/PasteMe.app (in target 'PasteMe' from project 'PasteMe')
    cd /Users/kristdev/Desktop/Tools/open-sources/PasteMe
    builtin-swiftStdLibTool --copy --verbose --sign 61899A1CB50FFB2F5041FBF2D2EE7D5631609CDF --scan-executable /Users/kristdev/Desktop/Tools/open-sources/PasteMe/build/Build/Products/Release/PasteMe.app/Contents/MacOS/PasteMe --scan-folder /Users/kristdev/Desktop/Tools/open-sources/PasteMe/build/Build/Products/Release/PasteMe.app/Contents/Frameworks --scan-folder /Users/kristdev/Desktop/Tools/open-sources/PasteMe/build/Build/Products/Release/PasteMe.app/Contents/PlugIns --scan-folder /Users/kristdev/Desktop/Tools/open-sources/PasteMe/build/Build/Products/Release/PasteMe.app/Contents/Library/SystemExtensions --scan-folder /Users/kristdev/Desktop/Tools/open-sources/PasteMe/build/Build/Products/Release/PasteMe.app/Contents/Extensions --platform macosx --toolchain /Applications/Xcode.app/Contents/Developer/Toolchains/XcodeDefault.xctoolchain --destination /Users/kristdev/Desktop/Tools/open-sources/PasteMe/build/Build/Products/Release/PasteMe.app/Contents/Frameworks --strip-bitcode --strip-bitcode-tool /Applications/Xcode.app/Contents/Developer/Toolchains/XcodeDefault.xctoolchain/usr/bin/bitcode_strip --emit-dependency-info /Users/kristdev/Desktop/Tools/open-sources/PasteMe/build/Build/Intermediates.noindex/PasteMe.build/Release/PasteMe.build/SwiftStdLibToolInputDependencies.dep --filter-for-swift-os

ExtractAppIntentsMetadata (in target 'PasteMe' from project 'PasteMe')
    cd /Users/kristdev/Desktop/Tools/open-sources/PasteMe
    /Applications/Xcode.app/Contents/Developer/Toolchains/XcodeDefault.xctoolchain/usr/bin/appintentsmetadataprocessor --toolchain-dir /Applications/Xcode.app/Contents/Developer/Toolchains/XcodeDefault.xctoolchain --module-name PasteMe --sdk-root /Applications/Xcode.app/Contents/Developer/Platforms/MacOSX.platform/Developer/SDKs/MacOSX26.5.sdk --xcode-version 17F42 --platform-family macOS --deployment-target 26.0 --bundle-identifier com.kristdev.PasteMe --output /Users/kristdev/Desktop/Tools/open-sources/PasteMe/build/Build/Products/Release/PasteMe.app/Contents/Resources --target-triple arm64-apple-macos26.0 --binary-file /Users/kristdev/Desktop/Tools/open-sources/PasteMe/build/Build/Products/Release/PasteMe.app/Contents/MacOS/PasteMe --dependency-file /Users/kristdev/Desktop/Tools/open-sources/PasteMe/build/Build/Intermediates.noindex/PasteMe.build/Release/PasteMe.build/Objects-normal/arm64/PasteMe_dependency_info.dat --stringsdata-file /Users/kristdev/Desktop/Tools/open-sources/PasteMe/build/Build/Intermediates.noindex/PasteMe.build/Release/PasteMe.build/Objects-normal/arm64/ExtractedAppShortcutsMetadata.stringsdata --source-file-list /Users/kristdev/Desktop/Tools/open-sources/PasteMe/build/Build/Intermediates.noindex/PasteMe.build/Release/PasteMe.build/Objects-normal/arm64/PasteMe.SwiftFileList --metadata-file-list /Users/kristdev/Desktop/Tools/open-sources/PasteMe/build/Build/Intermediates.noindex/PasteMe.build/Release/PasteMe.build/PasteMe.DependencyMetadataFileList --static-metadata-file-list /Users/kristdev/Desktop/Tools/open-sources/PasteMe/build/Build/Intermediates.noindex/PasteMe.build/Release/PasteMe.build/PasteMe.DependencyStaticMetadataFileList --swift-const-vals-list /Users/kristdev/Desktop/Tools/open-sources/PasteMe/build/Build/Intermediates.noindex/PasteMe.build/Release/PasteMe.build/Objects-normal/arm64/PasteMe.SwiftConstValuesFileList --compile-time-extraction --deployment-aware-processing --validate-assistant-intents --no-app-shortcuts-localization
2026-06-06 04:29:38.421 appintentsmetadataprocessor[49857:11612583] Starting appintentsmetadataprocessor export
2026-06-06 04:29:38.425 appintentsmetadataprocessor[49857:11612583] warning: Metadata extraction skipped. No AppIntents.framework dependency found.

GenerateDSYMFile /Users/kristdev/Desktop/Tools/open-sources/PasteMe/build/Build/Products/Release/PasteMe.app.dSYM /Users/kristdev/Desktop/Tools/open-sources/PasteMe/build/Build/Products/Release/PasteMe.app/Contents/MacOS/PasteMe (in target 'PasteMe' from project 'PasteMe')
    cd /Users/kristdev/Desktop/Tools/open-sources/PasteMe
    /Applications/Xcode.app/Contents/Developer/Toolchains/XcodeDefault.xctoolchain/usr/bin/dsymutil /Users/kristdev/Desktop/Tools/open-sources/PasteMe/build/Build/Products/Release/PasteMe.app/Contents/MacOS/PasteMe -o /Users/kristdev/Desktop/Tools/open-sources/PasteMe/build/Build/Products/Release/PasteMe.app.dSYM

CodeSign /Users/kristdev/Desktop/Tools/open-sources/PasteMe/build/Build/Products/Release/PasteMe.app (in target 'PasteMe' from project 'PasteMe')
    cd /Users/kristdev/Desktop/Tools/open-sources/PasteMe
    
    Signing Identity:     "Apple Development: Vo Chi Khanh (2BMZMX95V3)"
    
    /usr/bin/codesign --force --sign 61899A1CB50FFB2F5041FBF2D2EE7D5631609CDF --entitlements /Users/kristdev/Desktop/Tools/open-sources/PasteMe/build/Build/Intermediates.noindex/PasteMe.build/Release/PasteMe.build/PasteMe.app.xcent --timestamp\=none --generate-entitlement-der /Users/kristdev/Desktop/Tools/open-sources/PasteMe/build/Build/Products/Release/PasteMe.app

RegisterExecutionPolicyException /Users/kristdev/Desktop/Tools/open-sources/PasteMe/build/Build/Products/Release/PasteMe.app (in target 'PasteMe' from project 'PasteMe')
    cd /Users/kristdev/Desktop/Tools/open-sources/PasteMe
    builtin-RegisterExecutionPolicyException /Users/kristdev/Desktop/Tools/open-sources/PasteMe/build/Build/Products/Release/PasteMe.app

Validate /Users/kristdev/Desktop/Tools/open-sources/PasteMe/build/Build/Products/Release/PasteMe.app (in target 'PasteMe' from project 'PasteMe')
    cd /Users/kristdev/Desktop/Tools/open-sources/PasteMe
    builtin-validationUtility /Users/kristdev/Desktop/Tools/open-sources/PasteMe/build/Build/Products/Release/PasteMe.app -no-validate-extension -infoplist-subpath Contents/Info.plist

Touch /Users/kristdev/Desktop/Tools/open-sources/PasteMe/build/Build/Products/Release/PasteMe.app (in target 'PasteMe' from project 'PasteMe')
    cd /Users/kristdev/Desktop/Tools/open-sources/PasteMe
    /usr/bin/touch -c /Users/kristdev/Desktop/Tools/open-sources/PasteMe/build/Build/Products/Release/PasteMe.app

RegisterWithLaunchServices /Users/kristdev/Desktop/Tools/open-sources/PasteMe/build/Build/Products/Release/PasteMe.app (in target 'PasteMe' from project 'PasteMe')
    cd /Users/kristdev/Desktop/Tools/open-sources/PasteMe
    /System/Library/Frameworks/CoreServices.framework/Versions/Current/Frameworks/LaunchServices.framework/Versions/Current/Support/lsregister -f -R -trusted /Users/kristdev/Desktop/Tools/open-sources/PasteMe/build/Build/Products/Release/PasteMe.app

** BUILD SUCCEEDED **

